Component: ARM Compiler 5.06 update 7 (build 960) Tool: armlink [4d3601]

==============================================================================

Section Cross References

    stm32f10x_adc.o(i.ADC_DeInit) refers to stm32f10x_rcc.o(i.RCC_APB2PeriphResetCmd) for RCC_APB2PeriphResetCmd
    stm32f10x_bkp.o(i.BKP_DeInit) refers to stm32f10x_rcc.o(i.RCC_BackupResetCmd) for RCC_BackupResetCmd
    stm32f10x_can.o(i.CAN_DeInit) refers to stm32f10x_rcc.o(i.RCC_APB1PeriphResetCmd) for RCC_APB1PeriphResetCmd
    stm32f10x_can.o(i.CAN_GetITStatus) refers to stm32f10x_can.o(i.CheckITStatus) for CheckITStatus
    stm32f10x_cec.o(i.CEC_DeInit) refers to stm32f10x_rcc.o(i.RCC_APB1PeriphResetCmd) for RCC_APB1PeriphResetCmd
    stm32f10x_dac.o(i.DAC_DeInit) refers to stm32f10x_rcc.o(i.RCC_APB1PeriphResetCmd) for RCC_APB1PeriphResetCmd
    stm32f10x_flash.o(i.FLASH_EnableWriteProtection) refers to stm32f10x_flash.o(i.FLASH_WaitForLastOperation) for FLASH_WaitForLastOperation
    stm32f10x_flash.o(i.FLASH_EraseAllBank1Pages) refers to stm32f10x_flash.o(i.FLASH_WaitForLastBank1Operation) for FLASH_WaitForLastBank1Operation
    stm32f10x_flash.o(i.FLASH_EraseAllPages) refers to stm32f10x_flash.o(i.FLASH_WaitForLastOperation) for FLASH_WaitForLastOperation
    stm32f10x_flash.o(i.FLASH_EraseOptionBytes) refers to stm32f10x_flash.o(i.FLASH_GetReadOutProtectionStatus) for FLASH_GetReadOutProtectionStatus
    stm32f10x_flash.o(i.FLASH_EraseOptionBytes) refers to stm32f10x_flash.o(i.FLASH_WaitForLastOperation) for FLASH_WaitForLastOperation
    stm32f10x_flash.o(i.FLASH_ErasePage) refers to stm32f10x_flash.o(i.FLASH_WaitForLastOperation) for FLASH_WaitForLastOperation
    stm32f10x_flash.o(i.FLASH_ProgramHalfWord) refers to stm32f10x_flash.o(i.FLASH_WaitForLastOperation) for FLASH_WaitForLastOperation
    stm32f10x_flash.o(i.FLASH_ProgramOptionByteData) refers to stm32f10x_flash.o(i.FLASH_WaitForLastOperation) for FLASH_WaitForLastOperation
    stm32f10x_flash.o(i.FLASH_ProgramWord) refers to stm32f10x_flash.o(i.FLASH_WaitForLastOperation) for FLASH_WaitForLastOperation
    stm32f10x_flash.o(i.FLASH_ReadOutProtection) refers to stm32f10x_flash.o(i.FLASH_WaitForLastOperation) for FLASH_WaitForLastOperation
    stm32f10x_flash.o(i.FLASH_UserOptionByteConfig) refers to stm32f10x_flash.o(i.FLASH_WaitForLastOperation) for FLASH_WaitForLastOperation
    stm32f10x_flash.o(i.FLASH_WaitForLastBank1Operation) refers to stm32f10x_flash.o(i.FLASH_GetBank1Status) for FLASH_GetBank1Status
    stm32f10x_flash.o(i.FLASH_WaitForLastOperation) refers to stm32f10x_flash.o(i.FLASH_GetBank1Status) for FLASH_GetBank1Status
    stm32f10x_gpio.o(i.GPIO_AFIODeInit) refers to stm32f10x_rcc.o(i.RCC_APB2PeriphResetCmd) for RCC_APB2PeriphResetCmd
    stm32f10x_gpio.o(i.GPIO_DeInit) refers to stm32f10x_rcc.o(i.RCC_APB2PeriphResetCmd) for RCC_APB2PeriphResetCmd
    stm32f10x_i2c.o(i.I2C_DeInit) refers to stm32f10x_rcc.o(i.RCC_APB1PeriphResetCmd) for RCC_APB1PeriphResetCmd
    stm32f10x_i2c.o(i.I2C_Init) refers to stm32f10x_rcc.o(i.RCC_GetClocksFreq) for RCC_GetClocksFreq
    stm32f10x_pwr.o(i.PWR_DeInit) refers to stm32f10x_rcc.o(i.RCC_APB1PeriphResetCmd) for RCC_APB1PeriphResetCmd
    stm32f10x_rcc.o(i.RCC_GetClocksFreq) refers to stm32f10x_rcc.o(.data) for .data
    stm32f10x_rcc.o(i.RCC_WaitForHSEStartUp) refers to stm32f10x_rcc.o(i.RCC_GetFlagStatus) for RCC_GetFlagStatus
    stm32f10x_rtc.o(i.RTC_SetAlarm) refers to stm32f10x_rtc.o(i.RTC_EnterConfigMode) for RTC_EnterConfigMode
    stm32f10x_rtc.o(i.RTC_SetAlarm) refers to stm32f10x_rtc.o(i.RTC_ExitConfigMode) for RTC_ExitConfigMode
    stm32f10x_rtc.o(i.RTC_SetCounter) refers to stm32f10x_rtc.o(i.RTC_EnterConfigMode) for RTC_EnterConfigMode
    stm32f10x_rtc.o(i.RTC_SetCounter) refers to stm32f10x_rtc.o(i.RTC_ExitConfigMode) for RTC_ExitConfigMode
    stm32f10x_rtc.o(i.RTC_SetPrescaler) refers to stm32f10x_rtc.o(i.RTC_EnterConfigMode) for RTC_EnterConfigMode
    stm32f10x_rtc.o(i.RTC_SetPrescaler) refers to stm32f10x_rtc.o(i.RTC_ExitConfigMode) for RTC_ExitConfigMode
    stm32f10x_spi.o(i.I2S_Init) refers to stm32f10x_rcc.o(i.RCC_GetClocksFreq) for RCC_GetClocksFreq
    stm32f10x_spi.o(i.SPI_I2S_DeInit) refers to stm32f10x_rcc.o(i.RCC_APB2PeriphResetCmd) for RCC_APB2PeriphResetCmd
    stm32f10x_spi.o(i.SPI_I2S_DeInit) refers to stm32f10x_rcc.o(i.RCC_APB1PeriphResetCmd) for RCC_APB1PeriphResetCmd
    stm32f10x_tim.o(i.TIM_DeInit) refers to stm32f10x_rcc.o(i.RCC_APB2PeriphResetCmd) for RCC_APB2PeriphResetCmd
    stm32f10x_tim.o(i.TIM_DeInit) refers to stm32f10x_rcc.o(i.RCC_APB1PeriphResetCmd) for RCC_APB1PeriphResetCmd
    stm32f10x_tim.o(i.TIM_ETRClockMode1Config) refers to stm32f10x_tim.o(i.TIM_ETRConfig) for TIM_ETRConfig
    stm32f10x_tim.o(i.TIM_ETRClockMode2Config) refers to stm32f10x_tim.o(i.TIM_ETRConfig) for TIM_ETRConfig
    stm32f10x_tim.o(i.TIM_ICInit) refers to stm32f10x_tim.o(i.TI4_Config) for TI4_Config
[...]
    ..\..\..\boards\st\stdf1\v3.6.0\driver\stm32f10x_dbgmcu.c 0x00000000   Number         0  stm32f10x_dbgmcu.o ABSOLUTE
    ..\..\..\boards\st\stdf1\v3.6.0\driver\stm32f10x_dma.c 0x00000000   Number         0  stm32f10x_dma.o ABSOLUTE
    ..\..\..\boards\st\stdf1\v3.6.0\driver\stm32f10x_exti.c 0x00000000   Number         0  stm32f10x_exti.o ABSOLUTE
    ..\..\..\boards\st\stdf1\v3.6.0\driver\stm32f10x_flash.c 0x00000000   Number         0  stm32f10x_flash.o ABSOLUTE
    ..\..\..\boards\st\stdf1\v3.6.0\driver\stm32f10x_fsmc.c 0x00000000   Number         0  stm32f10x_fsmc.o ABSOLUTE
    ..\..\..\boards\st\stdf1\v3.6.0\driver\stm32f10x_gpio.c 0x00000000   Number         0  stm32f10x_gpio.o ABSOLUTE
    ..\..\..\boards\st\stdf1\v3.6.0\driver\stm32f10x_i2c.c 0x00000000   Number         0  stm32f10x_i2c.o ABSOLUTE
    ..\..\..\boards\st\stdf1\v3.6.0\driver\stm32f10x_iwdg.c 0x00000000   Number         0  stm32f10x_iwdg.o ABSOLUTE
    ..\..\..\boards\st\stdf1\v3.6.0\driver\stm32f10x_pwr.c 0x00000000   Number         0  stm32f10x_pwr.o ABSOLUTE
    ..\..\..\boards\st\stdf1\v3.6.0\driver\stm32f10x_rcc.c 0x00000000   Number         0  stm32f10x_rcc.o ABSOLUTE
    ..\..\..\boards\st\stdf1\v3.6.0\driver\stm32f10x_rtc.c 0x00000000   Number         0  stm32f10x_rtc.o ABSOLUTE
    ..\..\..\boards\st\stdf1\v3.6.0\driver\stm32f10x_sdio.c 0x00000000   Number         0  stm32f10x_sdio.o ABSOLUTE
    ..\..\..\boards\st\stdf1\v3.6.0\driver\stm32f10x_spi.c 0x00000000   Number         0  stm32f10x_spi.o ABSOLUTE
    ..\..\..\boards\st\stdf1\v3.6.0\driver\stm32f10x_tim.c 0x00000000   Number         0  stm32f10x_tim.o ABSOLUTE
    ..\..\..\boards\st\stdf1\v3.6.0\driver\stm32f10x_usart.c 0x00000000   Number         0  stm32f10x_usart.o ABSOLUTE
    ..\..\..\boards\st\stdf1\v3.6.0\driver\stm32f10x_wwdg.c 0x00000000   Number         0  stm32f10x_wwdg.o ABSOLUTE
    ..\..\..\boards\st\stdf1\v3.6.0\startup\arm\startup_stm32f10x_hd.s 0x00000000   Number         0  startup_stm32f10x_hd.o ABSOLUTE
    ..\..\..\boards\st\stdf1\v3.6.0\user\stm32f10x_it.c 0x00000000   Number         0  stm32f10x_it.o ABSOLUTE
    ..\..\..\boards\st\stdf1\v3.6.0\user\system_stm32f10x.c 0x00000000   Number         0  system_stm32f10x.o ABSOLUTE
    ..\..\..\platforms\devfifobuffer.c       0x00000000   Number         0  devfifobuffer.o ABSOLUTE
    ..\..\..\platforms\lld_svc\stdf1\lld_adc.c 0x00000000   Number         0  lld_adc.o ABSOLUTE
    ..\..\..\platforms\lld_svc\stdf1\lld_dac.c 0x00000000   Number         0  lld_dac.o ABSOLUTE
    ..\..\..\platforms\lld_svc\stdf1\lld_exit.c 0x00000000   Number         0  lld_exit.o ABSOLUTE
    ..\..\..\platforms\lld_svc\stdf1\lld_gpio.c 0x00000000   Number         0  lld_gpio.o ABSOLUTE
    ..\..\..\platforms\lld_svc\stdf1\lld_i2c.c 0x00000000   Number         0  lld_i2c.o ABSOLUTE
    ..\..\..\platforms\lld_svc\stdf1\lld_interrupt.c 0x00000000   Number         0  lld_interrupt.o ABSOLUTE
    ..\..\..\platforms\lld_svc\stdf1\lld_kernel.c 0x00000000   Number         0  lld_kernel.o ABSOLUTE
    ..\..\..\platforms\lld_svc\stdf1\lld_spi.c 0x00000000   Number         0  lld_spi.o ABSOLUTE
    ..\..\..\platforms\lld_svc\stdf1\lld_timer.c 0x00000000   Number         0  lld_timer.o ABSOLUTE
    ..\..\..\platforms\lld_svc\stdf1\lld_uart.c 0x00000000   Number         0  lld_uart.o ABSOLUTE
    ..\..\..\platforms\ttscheduler.c         0x00000000   Number         0  ttscheduler.o ABSOLUTE
    ..\..\..\src\app\gpilot-v1\main.c        0x00000000   Number         0  main.o ABSOLUTE
    ..\\..\\..\\boards\\st\\stdf1\\v3.6.0\\core\\core_cm3.c 0x00000000   Number         0  core_cm3.o ABSOLUTE
    dc.s                                     0x00000000   Number         0  dc.o ABSOLUTE
    RESET                                    0x08000000   Section      304  startup_stm32f10x_hd.o(RESET)
    !!!main                                  0x08000130   Section        8  __main.o(!!!main)
    !!!scatter                               0x08000138   Section       52  __scatter.o(!!!scatter)
    !!handler_copy                           0x0800016c   Section       26  __scatter_copy.o(!!handler_copy)
    !!handler_zi                             0x08000188   Section       28  __scatter_zi.o(!!handler_zi)
    .ARM.Collect$$libinit$$00000000          0x080001a4   Section        2  libinit.o(.ARM.Collect$$libinit$$00000000)
    .ARM.Collect$$libinit$$00000002          0x080001a6   Section        0  libinit2.o(.ARM.Collect$$libinit$$00000002)
    .ARM.Collect$$libinit$$00000004          0x080001a6   Section        0  libinit2.o(.ARM.Collect$$libinit$$00000004)
    .ARM.Collect$$libinit$$00000005          0x080001a6   Section        8  libinit2.o(.ARM.Collect$$libinit$$00000005)
    .ARM.Collect$$libinit$$0000000A          0x080001ae   Section        0  libinit2.o(.ARM.Collect$$libinit$$0000000A)
    .ARM.Collect$$libinit$$0000000C          0x080001ae   Section        0  libinit2.o(.ARM.Collect$$libinit$$0000000C)
    .ARM.Collect$$libinit$$0000000E          0x080001ae   Section        0  libinit2.o(.ARM.Collect$$libinit$$0000000E)
    .ARM.Collect$$libinit$$00000011          0x080001ae   Section        0  libinit2.o(.ARM.Collect$$libinit$$00000011)
    .ARM.Collect$$libinit$$00000013          0x080001ae   Section        0  libinit2.o(.ARM.Collect$$libinit$$00000013)
    .ARM.Collect$$libinit$$00000015          0x080001ae   Section        0  libinit2.o(.ARM.Collect$$libinit$$00000015)
    .ARM.Collect$$libinit$$00000017          0x080001ae   Section        0  libinit2.o(.ARM.Collect$$libinit$$00000017)
    .ARM.Collect$$libinit$$00000019          0x080001ae   Section        0  libinit2.o(.ARM.Collect$$libinit$$00000019)
    .ARM.Collect$$libinit$$0000001B          0x080001ae   Section        0  libinit2.o(.ARM.Collect$$libinit$$0000001B)
    .ARM.Collect$$libinit$$0000001D          0x080001ae   Section        0  libinit2.o(.ARM.Collect$$libinit$$0000001D)
    .ARM.Collect$$libinit$$0000001F          0x080001ae   Section        0  libinit2.o(.ARM.Collect$$libinit$$0000001F)
    .ARM.Collect$$libinit$$00000021          0x080001ae   Section        0  libinit2.o(.ARM.Collect$$libinit$$00000021)
    .ARM.Collect$$libinit$$00000023          0x080001ae   Section        0  libinit2.o(.ARM.Collect$$libinit$$00000023)
    .ARM.Collect$$libinit$$00000025          0x080001ae   Section        0  libinit2.o(.ARM.Collect$$libinit$$00000025)
    .ARM.Collect$$libinit$$0000002C          0x080001ae   Section        0  libinit2.o(.ARM.Collect$$libinit$$0000002C)
    .ARM.Collect$$libinit$$0000002E          0x080001ae   Section        0  libinit2.o(.ARM.Collect$$libinit$$0000002E)
    .ARM.Collect$$libinit$$00000030          0x080001ae   Section        0  libinit2.o(.ARM.Collect$$libinit$$00000030)
    .ARM.Collect$$libinit$$00000032          0x080001ae   Section        0  libinit2.o(.ARM.Collect$$libinit$$00000032)
    .ARM.Collect$$libinit$$00000033          0x080001ae   Section        2  libinit2.o(.ARM.Collect$$libinit$$00000033)
    .ARM.Collect$$libshutdown$$00000000      0x080001b0   Section        2  libshutdown.o(.ARM.Collect$$libshutdown$$00000000)
    .ARM.Collect$$libshutdown$$00000002      0x080001b2   Section        0  libshutdown2.o(.ARM.Collect$$libshutdown$$00000002)
    .ARM.Collect$$libshutdown$$00000004      0x080001b2   Section        0  libshutdown2.o(.ARM.Collect$$libshutdown$$00000004)
    .ARM.Collect$$libshutdown$$00000006      0x080001b2   Section        0  libshutdown2.o(.ARM.Collect$$libshutdown$$00000006)
    .ARM.Collect$$libshutdown$$00000009      0x080001b2   Section        0  libshutdown2.o(.ARM.Collect$$libshutdown$$00000009)
    .ARM.Collect$$libshutdown$$0000000C      0x080001b2   Section        0  libshutdown2.o(.ARM.Collect$$libshutdown$$0000000C)
    .ARM.Collect$$libshutdown$$0000000E      0x080001b2   Section        0  libshutdown2.o(.ARM.Collect$$libshutdown$$0000000E)
    .ARM.Collect$$libshutdown$$00000011      0x080001b2   Section        0  libshutdown2.o(.ARM.Collect$$libshutdown$$00000011)
    .ARM.Collect$$libshutdown$$00000012      0x080001b2   Section        2  libshutdown2.o(.ARM.Collect$$libshutdown$$00000012)
    .ARM.Collect$$rtentry$$00000000          0x080001b4   Section        0  __rtentry.o(.ARM.Collect$$rtentry$$00000000)
    .ARM.Collect$$rtentry$$00000002          0x080001b4   Section        0  __rtentry2.o(.ARM.Collect$$rtentry$$00000002)
    .ARM.Collect$$rtentry$$00000004          0x080001b4   Section        6  __rtentry4.o(.ARM.Collect$$rtentry$$00000004)
    .ARM.Collect$$rtentry$$00000009          0x080001ba   Section        0  __rtentry2.o(.ARM.Collect$$rtentry$$00000009)
    .ARM.Collect$$rtentry$$0000000A          0x080001ba   Section        4  __rtentry2.o(.ARM.Collect$$rtentry$$0000000A)
    .ARM.Collect$$rtentry$$0000000C          0x080001be   Section        0  __rtentry2.o(.ARM.Collect$$rtentry$$0000000C)
    .ARM.Collect$$rtentry$$0000000D          0x080001be   Section        8  __rtentry2.o(.ARM.Collect$$rtentry$$0000000D)
    .ARM.Collect$$rtexit$$00000000           0x080001c6   Section        2  rtexit.o(.ARM.Collect$$rtexit$$00000000)
    .ARM.Collect$$rtexit$$00000002           0x080001c8   Section        0  rtexit2.o(.ARM.Collect$$rtexit$$00000002)
    .ARM.Collect$$rtexit$$00000003           0x080001c8   Section        4  rtexit2.o(.ARM.Collect$$rtexit$$00000003)
    .ARM.Collect$$rtexit$$00000004           0x080001cc   Section        6  rtexit2.o(.ARM.Collect$$rtexit$$00000004)
    .emb_text                                0x080001d4   Section        0  maybetermalloc1.o(.emb_text)
    .text                                    0x080001d4   Section       64  startup_stm32f10x_hd.o(.text)
    .text                                    0x08000214   Section        0  h1_alloc.o(.text)
    .text                                    0x08000272   Section      238  lludivv7m.o(.text)
    .text                                    0x08000360   Section      100  rt_memcpy_w.o(.text)
    .text                                    0x080003c4   Section       78  rt_memclr_w.o(.text)
    .text                                    0x08000412   Section        0  heapauxi.o(.text)
    .text                                    0x08000418   Section        8  rt_heap_descriptor_intlibspace.o(.text)
    .text                                    0x08000420   Section        0  hguard.o(.text)
    .text                                    0x08000424   Section        0  init_alloc.o(.text)
    .text                                    0x080004ae   Section        0  h1_init.o(.text)
    .text                                    0x080004bc   Section        0  h1_free.o(.text)
    .text                                    0x0800050c   Section        8  libspace.o(.text)
    .text                                    0x08000514   Section        0  h1_extend.o(.text)
    .text                                    0x08000548   Section        0  defsig_rtmem_outer.o(.text)
    .text                                    0x08000556   Section        2  use_no_semi.o(.text)
    .text                                    0x08000558   Section       74  sys_stackheap_outer.o(.text)
    .text                                    0x08000558   Section        0  indicate_semi.o(.text)
    .text                                    0x080005a2   Section        0  exit.o(.text)
    .text                                    0x080005b4   Section        0  defsig_exit.o(.text)
    .text                                    0x080005c0   Section        0  defsig_rtmem_inner.o(.text)
    .text                                    0x08000610   Section        0  sys_exit.o(.text)
    .text                                    0x0800061c   Section        0  defsig_general.o(.text)
    .text                                    0x0800064e   Section        0  sys_wrch.o(.text)
    i.BusFault_Handler                       0x0800065c   Section        0  stm32f10x_it.o(i.BusFault_Handler)
    i.DMA1_Channel1_IRQHandler               0x0800065e   Section        0  lld_interrupt.o(i.DMA1_Channel1_IRQHandler)
    i.DMA1_Channel2_IRQHandler               0x08000660   Section        0  lld_interrupt.o(i.DMA1_Channel2_IRQHandler)
    i.DMA1_Channel3_IRQHandler               0x08000674   Section        0  lld_interrupt.o(i.DMA1_Channel3_IRQHandler)
    i.DMA1_Channel4_IRQHandler               0x08000678   Section        0  lld_interrupt.o(i.DMA1_Channel4_IRQHandler)
    i.DMA1_Channel5_IRQHandler               0x0800068c   Section        0  lld_interrupt.o(i.DMA1_Channel5_IRQHandler)
    i.DMA1_Channel6_IRQHandler               0x0800068e   Section        0  lld_interrupt.o(i.DMA1_Channel6_IRQHandler)
    i.DMA1_Channel7_IRQHandler               0x08000690   Section        0  lld_interrupt.o(i.DMA1_Channel7_IRQHandler)
    i.DMA2_Channel1_IRQHandler               0x080006a4   Section        0  lld_interrupt.o(i.DMA2_Channel1_IRQHandler)
    i.DMA2_Channel2_IRQHandler               0x080006a6   Section        0  lld_interrupt.o(i.DMA2_Channel2_IRQHandler)
    i.DMA2_Channel3_IRQHandler               0x080006a8   Section        0  lld_interrupt.o(i.DMA2_Channel3_IRQHandler)
    i.DMA2_Channel4_5_IRQHandler             0x080006ac   Section        0  lld_interrupt.o(i.DMA2_Channel4_5_IRQHandler)
    i.DMA_ClearFlag                          0x080006c0   Section        0  stm32f10x_dma.o(i.DMA_ClearFlag)
    i.DMA_ClearITPendingBit                  0x080006d8   Section        0  stm32f10x_dma.o(i.DMA_ClearITPendingBit)
    i.DMA_Cmd                                0x080006f0   Section        0  stm32f10x_dma.o(i.DMA_Cmd)
    i.DMA_DeInit                             0x0800070c   Section        0  stm32f10x_dma.o(i.DMA_DeInit)
    i.DMA_GetFlagStatus                      0x08000804   Section        0  stm32f10x_dma.o(i.DMA_GetFlagStatus)
    i.DMA_ITConfig                           0x08000828   Section        0  stm32f10x_dma.o(i.DMA_ITConfig)
    i.DMA_Init                               0x0800083c   Section        0  stm32f10x_dma.o(i.DMA_Init)
    i.DMA_SetCurrDataCounter                 0x08000876   Section        0  stm32f10x_dma.o(i.DMA_SetCurrDataCounter)
    i.DebugMon_Handler                       0x0800087a   Section        0  stm32f10x_it.o(i.DebugMon_Handler)
    i.EXTI0_IRQHandler                       0x0800087c   Section        0  lld_interrupt.o(i.EXTI0_IRQHandler)
    i.EXTI15_10_IRQHandler                   0x08000890   Section        0  lld_interrupt.o(i.EXTI15_10_IRQHandler)
    i.EXTI1_IRQHandler                       0x08000910   Section        0  lld_interrupt.o(i.EXTI1_IRQHandler)
    i.EXTI2_IRQHandler                       0x08000924   Section        0  lld_interrupt.o(i.EXTI2_IRQHandler)
    i.EXTI3_IRQHandler                       0x08000938   Section        0  lld_interrupt.o(i.EXTI3_IRQHandler)
    i.EXTI4_IRQHandler                       0x0800094c   Section        0  lld_interrupt.o(i.EXTI4_IRQHandler)
    i.EXTI9_5_IRQHandler                     0x08000960   Section        0  lld_interrupt.o(i.EXTI9_5_IRQHandler)
    i.EXTI_ClearITPendingBit                 0x080009c8   Section        0  stm32f10x_exti.o(i.EXTI_ClearITPendingBit)
    i.EXTI_GetITStatus                       0x080009d4   Section        0  stm32f10x_exti.o(i.EXTI_GetITStatus)
    i.GPIO_Init                              0x080009f4   Section        0  stm32f10x_gpio.o(i.GPIO_Init)
    i.GPIO_PinRemapConfig                    0x08000a9c   Section        0  stm32f10x_gpio.o(i.GPIO_PinRemapConfig)
    i.GPIO_ReadInputDataBit                  0x08000af8   Section        0  stm32f10x_gpio.o(i.GPIO_ReadInputDataBit)
    i.HardFault_Handler                      0x08000b06   Section        0  stm32f10x_it.o(i.HardFault_Handler)
    i.I2C1_ER_IRQHandler                     0x08000b08   Section        0  lld_interrupt.o(i.I2C1_ER_IRQHandler)
    i.I2C1_EV_IRQHandler                     0x08000b1c   Section        0  lld_interrupt.o(i.I2C1_EV_IRQHandler)
    i.I2C2_ER_IRQHandler                     0x08000b30   Section        0  lld_interrupt.o(i.I2C2_ER_IRQHandler)
    i.I2C2_EV_IRQHandler                     0x08000b44   Section        0  lld_interrupt.o(i.I2C2_EV_IRQHandler)
    i.I2C_AcknowledgeConfig                  0x08000b58   Section        0  stm32f10x_i2c.o(i.I2C_AcknowledgeConfig)
    i.I2C_GenerateSTART                      0x08000b70   Section        0  stm32f10x_i2c.o(i.I2C_GenerateSTART)
    i.I2C_GenerateSTOP                       0x08000b88   Section        0  stm32f10x_i2c.o(i.I2C_GenerateSTOP)
    i.I2C_GetLastEvent                       0x08000ba0   Section        0  stm32f10x_i2c.o(i.I2C_GetLastEvent)
    i.I2C_ReceiveData                        0x08000bae   Section        0  stm32f10x_i2c.o(i.I2C_ReceiveData)
    i.I2C_Send7bitAddress                    0x08000bb4   Section        0  stm32f10x_i2c.o(i.I2C_Send7bitAddress)
    i.I2C_SendData                           0x08000bc6   Section        0  stm32f10x_i2c.o(i.I2C_SendData)
    i.MemManage_Handler                      0x08000bca   Section        0  stm32f10x_it.o(i.MemManage_Handler)
    i.NMI_Handler                            0x08000bcc   Section        0  stm32f10x_it.o(i.NMI_Handler)
    i.NVIC_Init                              0x08000bd0   Section        0  misc.o(i.NVIC_Init)
    i.NVIC_PriorityGroupConfig               0x08000c34   Section        0  misc.o(i.NVIC_PriorityGroupConfig)
    i.PendSV_Handler                         0x08000c48   Section        0  stm32f10x_it.o(i.PendSV_Handler)
    i.RCC_AHBPeriphClockCmd                  0x08000c4c   Section        0  stm32f10x_rcc.o(i.RCC_AHBPeriphClockCmd)
    i.RCC_APB1PeriphClockCmd                 0x08000c68   Section        0  stm32f10x_rcc.o(i.RCC_APB1PeriphClockCmd)
    i.RCC_APB2PeriphClockCmd                 0x08000c84   Section        0  stm32f10x_rcc.o(i.RCC_APB2PeriphClockCmd)
    i.RCC_GetClocksFreq                      0x08000ca0   Section        0  stm32f10x_rcc.o(i.RCC_GetClocksFreq)
    i.SVC_Handler                            0x08000d4c   Section        0  stm32f10x_it.o(i.SVC_Handler)
    i.SetSysClock                            0x08000d4e   Section        0  system_stm32f10x.o(i.SetSysClock)
    SetSysClock                              0x08000d4f   Thumb Code     4  system_stm32f10x.o(i.SetSysClock)
    i.SetSysClockTo56                        0x08000d54   Section        0  system_stm32f10x.o(i.SetSysClockTo56)
    SetSysClockTo56                          0x08000d55   Thumb Code   166  system_stm32f10x.o(i.SetSysClockTo56)
    i.SysTick_Handler                        0x08000e04   Section        0  lld_interrupt.o(i.SysTick_Handler)
    i.SystemInit                             0x08000e08   Section        0  system_stm32f10x.o(i.SystemInit)
    i.TIM1_CC_IRQHandler                     0x08000e58   Section        0  lld_interrupt.o(i.TIM1_CC_IRQHandler)
    i.TIM1_UP_IRQHandler                     0x08000e6c   Section        0  lld_interrupt.o(i.TIM1_UP_IRQHandler)
    i.TIM2_IRQHandler                        0x08000e80   Section        0  lld_interrupt.o(i.TIM2_IRQHandler)
    i.TIM3_IRQHandler                        0x08000e94   Section        0  lld_interrupt.o(i.TIM3_IRQHandler)
    i.TIM4_IRQHandler                        0x08000ea8   Section        0  lld_interrupt.o(i.TIM4_IRQHandler)
    i.TIM5_IRQHandler                        0x08000ebc   Section        0  lld_interrupt.o(i.TIM5_IRQHandler)
    i.TIM6_IRQHandler                        0x08000ed0   Section        0  lld_interrupt.o(i.TIM6_IRQHandler)
    i.TIM7_IRQHandler                        0x08000ee4   Section        0  lld_interrupt.o(i.TIM7_IRQHandler)
    i.TIM8_CC_IRQHandler                     0x08000ef8   Section        0  lld_interrupt.o(i.TIM8_CC_IRQHandler)
    i.TIM8_UP_IRQHandler                     0x08000f0c   Section        0  lld_interrupt.o(i.TIM8_UP_IRQHandler)
    i.TIM_ClearITPendingBit                  0x08000f20   Section        0  stm32f10x_tim.o(i.TIM_ClearITPendingBit)
    i.TIM_GetCapture1                        0x08000f26   Section        0  stm32f10x_tim.o(i.TIM_GetCapture1)
    i.TIM_GetCapture2                        0x08000f2a   Section        0  stm32f10x_tim.o(i.TIM_GetCapture2)
    i.TIM_GetCapture3                        0x08000f2e   Section        0  stm32f10x_tim.o(i.TIM_GetCapture3)
    i.TIM_GetCapture4                        0x08000f32   Section        0  stm32f10x_tim.o(i.TIM_GetCapture4)
    i.TIM_GetCounter                         0x08000f38   Section        0  stm32f10x_tim.o(i.TIM_GetCounter)
    i.TIM_GetITStatus                        0x08000f3c   Section        0  stm32f10x_tim.o(i.TIM_GetITStatus)
    i.TIM_OC1PolarityConfig                  0x08000f54   Section        0  stm32f10x_tim.o(i.TIM_OC1PolarityConfig)
    i.TIM_OC2PolarityConfig                  0x08000f60   Section        0  stm32f10x_tim.o(i.TIM_OC2PolarityConfig)
    i.TIM_OC3PolarityConfig                  0x08000f74   Section        0  stm32f10x_tim.o(i.TIM_OC3PolarityConfig)
    i.TIM_OC4PolarityConfig                  0x08000f88   Section        0  stm32f10x_tim.o(i.TIM_OC4PolarityConfig)
    i.UART4_IRQHandler                       0x08000f9c   Section        0  lld_interrupt.o(i.UART4_IRQHandler)
    i.UART5_IRQHandler                       0x08000fb0   Section        0  lld_interrupt.o(i.UART5_IRQHandler)
    i.USART1_IRQHandler                      0x08000fc4   Section        0  lld_interrupt.o(i.USART1_IRQHandler)
    i.USART2_IRQHandler                      0x08000fd8   Section        0  lld_interrupt.o(i.USART2_IRQHandler)
    i.USART3_IRQHandler                      0x08000fec   Section        0  lld_interrupt.o(i.USART3_IRQHandler)
    i.USART_ClearFlag                        0x08001000   Section        0  stm32f10x_usart.o(i.USART_ClearFlag)
    i.USART_ClearITPendingBit                0x08001008   Section        0  stm32f10x_usart.o(i.USART_ClearITPendingBit)
    i.USART_Cmd                              0x08001018   Section        0  stm32f10x_usart.o(i.USART_Cmd)
    i.USART_DMACmd                           0x08001030   Section        0  stm32f10x_usart.o(i.USART_DMACmd)
    i.USART_GetFlagStatus                    0x08001044   Section        0  stm32f10x_usart.o(i.USART_GetFlagStatus)
    i.USART_GetITStatus                      0x08001052   Section        0  stm32f10x_usart.o(i.USART_GetITStatus)
    i.USART_ITConfig                         0x08001092   Section        0  stm32f10x_usart.o(i.USART_ITConfig)
    i.USART_Init                             0x080010c8   Section        0  stm32f10x_usart.o(i.USART_Init)
    i.USART_ReceiveData                      0x08001184   Section        0  stm32f10x_usart.o(i.USART_ReceiveData)
    i.UsageFault_Handler                     0x0800118c   Section        0  stm32f10x_it.o(i.UsageFault_Handler)
    i.debug                                  0x0800118e   Section        0  main.o(i.debug)
    i.devfifo_init                           0x08001190   Section        0  devfifobuffer.o(i.devfifo_init)
    i.devfifo_read                           0x080011c4   Section        0  devfifobuffer.o(i.devfifo_read)
    i.devfifo_size                           0x0800120a   Section        0  devfifobuffer.o(i.devfifo_size)
    i.devfifo_write                          0x0800120e   Section        0  devfifobuffer.o(i.devfifo_write)
    i.lld_exit_irq                           0x0800125a   Section        0  lld_exit.o(i.lld_exit_irq)
    i.lld_gpio_get                           0x0800128e   Section        0  lld_gpio.o(i.lld_gpio_get)
    i.lld_gpio_init                          0x08001298   Section        0  lld_gpio.o(i.lld_gpio_init)
    i.lld_i2c_cmd_copy                       0x08001330   Section        0  lld_i2c.o(i.lld_i2c_cmd_copy)
    i.lld_i2c_cmdlist_read                   0x08001360   Section        0  lld_i2c.o(i.lld_i2c_cmdlist_read)
    i.lld_i2c_irq_error                      0x080013be   Section        0  lld_i2c.o(i.lld_i2c_irq_error)
    i.lld_i2c_irq_event                      0x080013dc   Section        0  lld_i2c.o(i.lld_i2c_irq_event)
    i.lld_i2c_startnextcmd                   0x08001580   Section        0  lld_i2c.o(i.lld_i2c_startnextcmd)
    i.lld_kernel_get_time                    0x080015dc   Section        0  lld_kernel.o(i.lld_kernel_get_time)
    i.lld_kernel_init                        0x08001648   Section        0  lld_kernel.o(i.lld_kernel_init)
    i.lld_timer_irq                          0x080016c0   Section        0  lld_timer.o(i.lld_timer_irq)
    i.lld_timer_irq_encoder                  0x08001748   Section        0  lld_timer.o(i.lld_timer_irq_encoder)
    i.lld_timer_irq_inputcapture             0x08001798   Section        0  lld_timer.o(i.lld_timer_irq_inputcapture)
    i.lld_uart_init                          0x080018d8   Section        0  lld_uart.o(i.lld_uart_init)
    i.lld_uart_irq                           0x08001b84   Section        0  lld_uart.o(i.lld_uart_irq)
    i.lld_uart_irq_txdma                     0x08001c92   Section        0  lld_uart.o(i.lld_uart_irq_txdma)
    i.lld_uart_rx_dma_init                   0x08001d14   Section        0  lld_uart.o(i.lld_uart_rx_dma_init)
    i.lld_uart_tx_dma_init                   0x08001df8   Section        0  lld_uart.o(i.lld_uart_tx_dma_init)
    i.main                                   0x08001ecc   Section        0  main.o(i.main)
    i.ttscheduler_add_task                   0x08001f18   Section        0  ttscheduler.o(i.ttscheduler_add_task)
    i.ttscheduler_delete_task                0x08001f9c   Section        0  ttscheduler.o(i.ttscheduler_delete_task)
    i.ttscheduler_dispatch_tasks             0x08001fe4   Section        0  ttscheduler.o(i.ttscheduler_dispatch_tasks)
    i.ttscheduler_idle                       0x08002030   Section        0  ttscheduler.o(i.ttscheduler_idle)
    i.ttscheduler_init                       0x08002034   Section        0  ttscheduler.o(i.ttscheduler_init)
    i.ttscheduler_run_info                   0x0800209c   Section        0  ttscheduler.o(i.ttscheduler_run_info)
    ttscheduler_run_info                     0x0800209d   Thumb Code    30  ttscheduler.o(i.ttscheduler_run_info)
    i.ttscheduler_run_info_idle              0x080020c4   Section        0  ttscheduler.o(i.ttscheduler_run_info_idle)
    ttscheduler_run_info_idle                0x080020c5   Thumb Code    10  ttscheduler.o(i.ttscheduler_run_info_idle)
    i.ttscheduler_update                     0x080020d4   Section        0  ttscheduler.o(i.ttscheduler_update)
    x$fpl$ddiv                               0x08002110   Section      688  ddiv.o(x$fpl$ddiv)
    ddiv_entry                               0x08002117   Thumb Code     0  ddiv.o(x$fpl$ddiv)
    x$fpl$dfixu                              0x080023c0   Section       90  dfixu.o(x$fpl$dfixu)
    x$fpl$dfltu                              0x0800241a   Section       38  dflt_clz.o(x$fpl$dfltu)
    x$fpl$dnaninf                            0x08002440   Section      156  dnaninf.o(x$fpl$dnaninf)
    x$fpl$dretinf                            0x080024dc   Section       12  dretinf.o(x$fpl$dretinf)
    .constdata                               0x080024e8   Section      276  lld_uart.o(.constdata)
    x$fpl$usenofp                            0x080024e8   Section        0  usenofp.o(x$fpl$usenofp)
    .data                                    0x20000000   Section       20  stm32f10x_rcc.o(.data)
    ADCPrescTable                            0x20000000   Data           4  stm32f10x_rcc.o(.data)
    APBAHBPrescTable                         0x20000004   Data          16  stm32f10x_rcc.o(.data)
    .data                                    0x20000014   Section       20  system_stm32f10x.o(.data)
    .data                                    0x20000028   Section       12  ttscheduler.o(.data)
    list_sch_num                             0x20000028   Data           1  ttscheduler.o(.data)
    total_run_time                           0x2000002c   Data           4  ttscheduler.o(.data)
    task_switch_in_time                      0x20000030   Data           4  ttscheduler.o(.data)
    .data                                    0x20000034   Section        8  lld_kernel.o(.data)
    us_ticks                                 0x20000034   Data           4  lld_kernel.o(.data)
    systick_ticks                            0x20000038   Data           4  lld_kernel.o(.data)
    .data                                    0x2000003c   Section        8  lld_i2c.o(.data)
    .data                                    0x20000044   Section       14  lld_timer.o(.data)
    ccr                                      0x20000044   Data           2  lld_timer.o(.data)
    isRising                                 0x20000046   Data           4  lld_timer.o(.data)
    cntRising                                0x2000004a   Data           8  lld_timer.o(.data)
    .bss                                     0x20000054   Section     1364  ttscheduler.o(.bss)
    idle_task                                0x20000054   Data          44  ttscheduler.o(.bss)
    list_sch_tasks                           0x20000080   Data        1320  ttscheduler.o(.bss)
    .bss                                     0x200005a8   Section       20  lld_kernel.o(.bss)
    rcc_clocks                               0x200005a8   Data          20  lld_kernel.o(.bss)
    .bss                                     0x200005bc   Section       20  lld_uart.o(.bss)
    .bss                                     0x200005d0   Section       64  lld_exit.o(.bss)
    .bss                                     0x20000610   Section       32  lld_timer.o(.bss)
    .bss                                     0x20000630   Section      192  main.o(.bss)
    .bss                                     0x200006f0   Section       96  libspace.o(.bss)
    HEAP                                     0x20000750   Section      512  startup_stm32f10x_hd.o(HEAP)
    Heap_Mem                                 0x20000750   Data         512  startup_stm32f10x_hd.o(HEAP)
    STACK                                    0x20000950   Section     1024  startup_stm32f10x_hd.o(STACK)
    Stack_Mem                                0x20000950   Data        1024  startup_stm32f10x_hd.o(STACK)
    __initial_sp                             0x20000d50   Data           0  startup_stm32f10x_hd.o(STACK)

    Global Symbols

    Symbol Name                              Value     Ov Type        Size  Object(Section)

    BuildAttributes$$THM_ISAv4$P$D$K$B$S$PE$A:L22UL41UL21$X:L11$S22US41US21$IEEE1$IW$USESV6$~STKCKD$USESV7$~SHL$OTIME$ROPI$EBA8$UX$STANDARDLIB$REQ8$PRES8$EABIv2 0x00000000   Number         0  anon$$obj.o ABSOLUTE
    __ARM_use_no_argv                        0x00000000   Number         0  main.o ABSOLUTE
    __ARM_exceptions_init                     - Undefined Weak Reference
    __alloca_initialize                       - Undefined Weak Reference
    __arm_fini_                               - Undefined Weak Reference
    __arm_preinit_                            - Undefined Weak Reference
    __cpp_initialize__aeabi_                  - Undefined Weak Reference
    __cxa_finalize                            - Undefined Weak Reference
    __rt_locale                               - Undefined Weak Reference
    __sigvec_lookup                           - Undefined Weak Reference
    __user_heap_extent                        - Undefined Weak Reference
    _atexit_init                              - Undefined Weak Reference
    _call_atexit_fns                          - Undefined Weak Reference
    _clock_init                               - Undefined Weak Reference
    _fp_trap_init                             - Undefined Weak Reference
    _fp_trap_shutdown                         - Undefined Weak Reference
    _get_lc_collate                           - Undefined Weak Reference
    _get_lc_ctype                             - Undefined Weak Reference
    _get_lc_monetary                          - Undefined Weak Reference
    _get_lc_numeric                           - Undefined Weak Reference
    _get_lc_time                              - Undefined Weak Reference
    _getenv_init                              - Undefined Weak Reference
    _handle_redirection                       - Undefined Weak Reference
    _initio                                   - Undefined Weak Reference
    _mutex_acquire                            - Undefined Weak Reference
    _mutex_free                               - Undefined Weak Reference
    _mutex_release                            - Undefined Weak Reference
    _printf_post_padding                      - Undefined Weak Reference
    _printf_pre_padding                       - Undefined Weak Reference
    _printf_truncate_signed                   - Undefined Weak Reference
    _printf_truncate_unsigned                 - Undefined Weak Reference
    _rand_init                                - Undefined Weak Reference
    _signal_finish                            - Undefined Weak Reference
    _signal_init                              - Undefined Weak Reference
    _terminateio                              - Undefined Weak Reference
    __Vectors_Size                           0x00000130   Number         0  startup_stm32f10x_hd.o ABSOLUTE
    __Vectors                                0x08000000   Data           4  startup_stm32f10x_hd.o(RESET)
    __Vectors_End                            0x08000130   Data           0  startup_stm32f10x_hd.o(RESET)
    __main                                   0x08000131   Thumb Code     8  __main.o(!!!main)
    __scatterload                            0x08000139   Thumb Code     0  __scatter.o(!!!scatter)
    __scatterload_rt2                        0x08000139   Thumb Code    44  __scatter.o(!!!scatter)
    __scatterload_rt2_thumb_only             0x08000139   Thumb Code     0  __scatter.o(!!!scatter)
    __scatterload_null                       0x08000147   Thumb Code     0  __scatter.o(!!!scatter)
    __scatterload_copy                       0x0800016d   Thumb Code    26  __scatter_copy.o(!!handler_copy)
    __scatterload_zeroinit                   0x08000189   Thumb Code    28  __scatter_zi.o(!!handler_zi)
    __rt_lib_init                            0x080001a5   Thumb Code     0  libinit.o(.ARM.Collect$$libinit$$00000000)
    __rt_lib_init_fp_1                       0x080001a7   Thumb Code     0  libinit2.o(.ARM.Collect$$libinit$$00000002)
    __rt_lib_init_heap_2                     0x080001a7   Thumb Code     0  libinit2.o(.ARM.Collect$$libinit$$00000005)
    __rt_lib_init_preinit_1                  0x080001a7   Thumb Code     0  libinit2.o(.ARM.Collect$$libinit$$00000004)
    __rt_lib_init_alloca_1                   0x080001af   Thumb Code     0  libinit2.o(.ARM.Collect$$libinit$$0000002E)
    __rt_lib_init_argv_1                     0x080001af   Thumb Code     0  libinit2.o(.ARM.Collect$$libinit$$0000002C)
    __rt_lib_init_atexit_1                   0x080001af   Thumb Code     0  libinit2.o(.ARM.Collect$$libinit$$0000001B)
    __rt_lib_init_clock_1                    0x080001af   Thumb Code     0  libinit2.o(.ARM.Collect$$libinit$$00000021)
    __rt_lib_init_cpp_1                      0x080001af   Thumb Code     0  libinit2.o(.ARM.Collect$$libinit$$00000032)
    __rt_lib_init_exceptions_1               0x080001af   Thumb Code     0  libinit2.o(.ARM.Collect$$libinit$$00000030)
    __rt_lib_init_fp_trap_1                  0x080001af   Thumb Code     0  libinit2.o(.ARM.Collect$$libinit$$0000001F)
    __rt_lib_init_getenv_1                   0x080001af   Thumb Code     0  libinit2.o(.ARM.Collect$$libinit$$00000023)
    __rt_lib_init_heap_1                     0x080001af   Thumb Code     0  libinit2.o(.ARM.Collect$$libinit$$0000000A)
    __rt_lib_init_lc_collate_1               0x080001af   Thumb Code     0  libinit2.o(.ARM.Collect$$libinit$$00000011)
    __rt_lib_init_lc_ctype_1                 0x080001af   Thumb Code     0  libinit2.o(.ARM.Collect$$libinit$$00000013)
    __rt_lib_init_lc_monetary_1              0x080001af   Thumb Code     0  libinit2.o(.ARM.Collect$$libinit$$00000015)
    __rt_lib_init_lc_numeric_1               0x080001af   Thumb Code     0  libinit2.o(.ARM.Collect$$libinit$$00000017)
    __rt_lib_init_lc_time_1                  0x080001af   Thumb Code     0  libinit2.o(.ARM.Collect$$libinit$$00000019)
    __rt_lib_init_rand_1                     0x080001af   Thumb Code     0  libinit2.o(.ARM.Collect$$libinit$$0000000E)
    __rt_lib_init_return                     0x080001af   Thumb Code     0  libinit2.o(.ARM.Collect$$libinit$$00000033)
    __rt_lib_init_signal_1                   0x080001af   Thumb Code     0  libinit2.o(.ARM.Collect$$libinit$$0000001D)
    __rt_lib_init_stdio_1                    0x080001af   Thumb Code     0  libinit2.o(.ARM.Collect$$libinit$$00000025)
    __rt_lib_init_user_alloc_1               0x080001af   Thumb Code     0  libinit2.o(.ARM.Collect$$libinit$$0000000C)
    __rt_lib_shutdown                        0x080001b1   Thumb Code     0  libshutdown.o(.ARM.Collect$$libshutdown$$00000000)
    __rt_lib_shutdown_cpp_1                  0x080001b3   Thumb Code     0  libshutdown2.o(.ARM.Collect$$libshutdown$$00000004)
    __rt_lib_shutdown_fini_1                 0x080001b3   Thumb Code     0  libshutdown2.o(.ARM.Collect$$libshutdown$$00000002)
    __rt_lib_shutdown_fp_trap_1              0x080001b3   Thumb Code     0  libshutdown2.o(.ARM.Collect$$libshutdown$$00000009)
    __rt_lib_shutdown_heap_1                 0x080001b3   Thumb Code     0  libshutdown2.o(.ARM.Collect$$libshutdown$$00000011)
    __rt_lib_shutdown_return                 0x080001b3   Thumb Code     0  libshutdown2.o(.ARM.Collect$$libshutdown$$00000012)
    __rt_lib_shutdown_signal_1               0x080001b3   Thumb Code     0  libshutdown2.o(.ARM.Collect$$libshutdown$$0000000C)
    __rt_lib_shutdown_stdio_1                0x080001b3   Thumb Code     0  libshutdown2.o(.ARM.Collect$$libshutdown$$00000006)
    __rt_lib_shutdown_user_alloc_1           0x080001b3   Thumb Code     0  libshutdown2.o(.ARM.Collect$$libshutdown$$0000000E)
    __rt_entry                               0x080001b5   Thumb Code     0  __rtentry.o(.ARM.Collect$$rtentry$$00000000)
    __rt_entry_presh_1                       0x080001b5   Thumb Code     0  __rtentry2.o(.ARM.Collect$$rtentry$$00000002)
    __rt_entry_sh                            0x080001b5   Thumb Code     0  __rtentry4.o(.ARM.Collect$$rtentry$$00000004)
    __rt_entry_li                            0x080001bb   Thumb Code     0  __rtentry2.o(.ARM.Collect$$rtentry$$0000000A)
    __rt_entry_postsh_1                      0x080001bb   Thumb Code     0  __rtentry2.o(.ARM.Collect$$rtentry$$00000009)
    __rt_entry_main                          0x080001bf   Thumb Code     0  __rtentry2.o(.ARM.Collect$$rtentry$$0000000D)
    __rt_entry_postli_1                      0x080001bf   Thumb Code     0  __rtentry2.o(.ARM.Collect$$rtentry$$0000000C)
    __rt_exit                                0x080001c7   Thumb Code     0  rtexit.o(.ARM.Collect$$rtexit$$00000000)
    __rt_exit_ls                             0x080001c9   Thumb Code     0  rtexit2.o(.ARM.Collect$$rtexit$$00000003)
    __rt_exit_prels_1                        0x080001c9   Thumb Code     0  rtexit2.o(.ARM.Collect$$rtexit$$00000002)
    __rt_exit_exit                           0x080001cd   Thumb Code     0  rtexit2.o(.ARM.Collect$$rtexit$$00000004)
    Reset_Handler                            0x080001d5   Thumb Code     8  startup_stm32f10x_hd.o(.text)
    _maybe_terminate_alloc                   0x080001d5   Thumb Code     0  maybetermalloc1.o(.emb_text)
    ADC1_2_IRQHandler                        0x080001ef   Thumb Code     0  startup_stm32f10x_hd.o(.text)
    ADC3_IRQHandler                          0x080001ef   Thumb Code     0  startup_stm32f10x_hd.o(.text)
    CAN1_RX1_IRQHandler                      0x080001ef   Thumb Code     0  startup_stm32f10x_hd.o(.text)
    CAN1_SCE_IRQHandler                      0x080001ef   Thumb Code     0  startup_stm32f10x_hd.o(.text)
    FLASH_IRQHandler                         0x080001ef   Thumb Code     0  startup_stm32f10x_hd.o(.text)
    FSMC_IRQHandler                          0x080001ef   Thumb Code     0  startup_stm32f10x_hd.o(.text)
    PVD_IRQHandler                           0x080001ef   Thumb Code     0  startup_stm32f10x_hd.o(.text)
    RCC_IRQHandler                           0x080001ef   Thumb Code     0  startup_stm32f10x_hd.o(.text)
    RTCAlarm_IRQHandler                      0x080001ef   Thumb Code     0  startup_stm32f10x_hd.o(.text)
    RTC_IRQHandler                           0x080001ef   Thumb Code     0  startup_stm32f10x_hd.o(.text)
    SDIO_IRQHandler                          0x080001ef   Thumb Code     0  startup_stm32f10x_hd.o(.text)
    SPI1_IRQHandler                          0x080001ef   Thumb Code     0  startup_stm32f10x_hd.o(.text)
    SPI2_IRQHandler                          0x080001ef   Thumb Code     0  startup_stm32f10x_hd.o(.text)
    SPI3_IRQHandler                          0x080001ef   Thumb Code     0  startup_stm32f10x_hd.o(.text)
    TAMPER_IRQHandler                        0x080001ef   Thumb Code     0  startup_stm32f10x_hd.o(.text)
    TIM1_BRK_IRQHandler                      0x080001ef   Thumb Code     0  startup_stm32f10x_hd.o(.text)
    TIM1_TRG_COM_IRQHandler                  0x080001ef   Thumb Code     0  startup_stm32f10x_hd.o(.text)
    TIM8_BRK_IRQHandler                      0x080001ef   Thumb Code     0  startup_stm32f10x_hd.o(.text)
    TIM8_TRG_COM_IRQHandler                  0x080001ef   Thumb Code     0  startup_stm32f10x_hd.o(.text)
    USBWakeUp_IRQHandler                     0x080001ef   Thumb Code     0  startup_stm32f10x_hd.o(.text)
    USB_HP_CAN1_TX_IRQHandler                0x080001ef   Thumb Code     0  startup_stm32f10x_hd.o(.text)
    USB_LP_CAN1_RX0_IRQHandler               0x080001ef   Thumb Code     0  startup_stm32f10x_hd.o(.text)
    WWDG_IRQHandler                          0x080001ef   Thumb Code     0  startup_stm32f10x_hd.o(.text)
    __user_initial_stackheap                 0x080001f1   Thumb Code     0  startup_stm32f10x_hd.o(.text)
    malloc                                   0x08000215   Thumb Code    94  h1_alloc.o(.text)
    __aeabi_uldivmod                         0x08000273   Thumb Code     0  lludivv7m.o(.text)
    _ll_udiv                                 0x08000273   Thumb Code   238  lludivv7m.o(.text)
    __aeabi_memcpy4                          0x08000361   Thumb Code     0  rt_memcpy_w.o(.text)
    __aeabi_memcpy8                          0x08000361   Thumb Code     0  rt_memcpy_w.o(.text)
    __rt_memcpy_w                            0x08000361   Thumb Code   100  rt_memcpy_w.o(.text)
    _memcpy_lastbytes_aligned                0x080003a9   Thumb Code     0  rt_memcpy_w.o(.text)
    __aeabi_memclr4                          0x080003c5   Thumb Code     0  rt_memclr_w.o(.text)
    __aeabi_memclr8                          0x080003c5   Thumb Code     0  rt_memclr_w.o(.text)
    __rt_memclr_w                            0x080003c5   Thumb Code    78  rt_memclr_w.o(.text)
    _memset_w                                0x080003c9   Thumb Code     0  rt_memclr_w.o(.text)
    __use_two_region_memory                  0x08000413   Thumb Code     2  heapauxi.o(.text)
    __rt_heap_escrow                         0x08000415   Thumb Code     2  heapauxi.o(.text)
    __rt_heap_expand                         0x08000417   Thumb Code     2  heapauxi.o(.text)
    __rt_heap_descriptor                     0x08000419   Thumb Code     8  rt_heap_descriptor_intlibspace.o(.text)
    __use_no_heap                            0x08000421   Thumb Code     2  hguard.o(.text)
    __heap$guard                             0x08000423   Thumb Code     2  hguard.o(.text)
    _terminate_user_alloc                    0x08000425   Thumb Code     2  init_alloc.o(.text)
    _init_user_alloc                         0x08000427   Thumb Code     2  init_alloc.o(.text)
    __Heap_Full                              0x08000429   Thumb Code    34  init_alloc.o(.text)
    __Heap_Broken                            0x0800044b   Thumb Code     6  init_alloc.o(.text)
    _init_alloc                              0x08000451   Thumb Code    94  init_alloc.o(.text)
    __Heap_Initialize                        0x080004af   Thumb Code    10  h1_init.o(.text)
    __Heap_DescSize                          0x080004b9   Thumb Code     4  h1_init.o(.text)
    free                                     0x080004bd   Thumb Code    78  h1_free.o(.text)
    __user_libspace                          0x0800050d   Thumb Code     8  libspace.o(.text)
    __user_perproc_libspace                  0x0800050d   Thumb Code     0  libspace.o(.text)
    __user_perthread_libspace                0x0800050d   Thumb Code     0  libspace.o(.text)
    __Heap_ProvideMemory                     0x08000515   Thumb Code    52  h1_extend.o(.text)
    __rt_SIGRTMEM                            0x08000549   Thumb Code    14  defsig_rtmem_outer.o(.text)
    __I$use$semihosting                      0x08000557   Thumb Code     0  use_no_semi.o(.text)
    __use_no_semihosting_swi                 0x08000557   Thumb Code     2  use_no_semi.o(.text)
    __semihosting_library_function           0x08000559   Thumb Code     0  indicate_semi.o(.text)
    __user_setup_stackheap                   0x08000559   Thumb Code    74  sys_stackheap_outer.o(.text)
    exit                                     0x080005a3   Thumb Code    18  exit.o(.text)
    __sig_exit                               0x080005b5   Thumb Code    10  defsig_exit.o(.text)
    __rt_SIGRTMEM_inner                      0x080005c1   Thumb Code    22  defsig_rtmem_inner.o(.text)
    _sys_exit                                0x08000611   Thumb Code     8  sys_exit.o(.text)
    __default_signal_display                 0x0800061d   Thumb Code    50  defsig_general.o(.text)
    _ttywrch                                 0x0800064f   Thumb Code    14  sys_wrch.o(.text)
    BusFault_Handler                         0x0800065d   Thumb Code     2  stm32f10x_it.o(i.BusFault_Handler)
    DMA1_Channel1_IRQHandler                 0x0800065f   Thumb Code     2  lld_interrupt.o(i.DMA1_Channel1_IRQHandler)
    DMA1_Channel2_IRQHandler                 0x08000661   Thumb Code    14  lld_interrupt.o(i.DMA1_Channel2_IRQHandler)
    DMA1_Channel3_IRQHandler                 0x08000675   Thumb Code     2  lld_interrupt.o(i.DMA1_Channel3_IRQHandler)
    DMA1_Channel4_IRQHandler                 0x08000679   Thumb Code    14  lld_interrupt.o(i.DMA1_Channel4_IRQHandler)
    DMA1_Channel5_IRQHandler                 0x0800068d   Thumb Code     2  lld_interrupt.o(i.DMA1_Channel5_IRQHandler)
    DMA1_Channel6_IRQHandler                 0x0800068f   Thumb Code     2  lld_interrupt.o(i.DMA1_Channel6_IRQHandler)
    DMA1_Channel7_IRQHandler                 0x08000691   Thumb Code    14  lld_interrupt.o(i.DMA1_Channel7_IRQHandler)
    DMA2_Channel1_IRQHandler                 0x080006a5   Thumb Code     2  lld_interrupt.o(i.DMA2_Channel1_IRQHandler)
    DMA2_Channel2_IRQHandler                 0x080006a7   Thumb Code     2  lld_interrupt.o(i.DMA2_Channel2_IRQHandler)
    DMA2_Channel3_IRQHandler                 0x080006a9   Thumb Code     2  lld_interrupt.o(i.DMA2_Channel3_IRQHandler)
    DMA2_Channel4_5_IRQHandler               0x080006ad   Thumb Code    14  lld_interrupt.o(i.DMA2_Channel4_5_IRQHandler)
    DMA_ClearFlag                            0x080006c1   Thumb Code    16  stm32f10x_dma.o(i.DMA_ClearFlag)
    DMA_ClearITPendingBit                    0x080006d9   Thumb Code    16  stm32f10x_dma.o(i.DMA_ClearITPendingBit)
    DMA_Cmd                                  0x080006f1   Thumb Code    26  stm32f10x_dma.o(i.DMA_Cmd)
    DMA_DeInit                               0x0800070d   Thumb Code   238  stm32f10x_dma.o(i.DMA_DeInit)
    DMA_GetFlagStatus                        0x08000805   Thumb Code    26  stm32f10x_dma.o(i.DMA_GetFlagStatus)
    DMA_ITConfig                             0x08000829   Thumb Code    20  stm32f10x_dma.o(i.DMA_ITConfig)
    DMA_Init                                 0x0800083d   Thumb Code    58  stm32f10x_dma.o(i.DMA_Init)
    DMA_SetCurrDataCounter                   0x08000877   Thumb Code     4  stm32f10x_dma.o(i.DMA_SetCurrDataCounter)
    DebugMon_Handler                         0x0800087b   Thumb Code     2  stm32f10x_it.o(i.DebugMon_Handler)
    EXTI0_IRQHandler                         0x0800087d   Thumb Code    14  lld_interrupt.o(i.EXTI0_IRQHandler)
    EXTI15_10_IRQHandler                     0x08000891   Thumb Code   122  lld_interrupt.o(i.EXTI15_10_IRQHandler)
    EXTI1_IRQHandler                         0x08000911   Thumb Code    14  lld_interrupt.o(i.EXTI1_IRQHandler)
    EXTI2_IRQHandler                         0x08000925   Thumb Code    14  lld_interrupt.o(i.EXTI2_IRQHandler)
    EXTI3_IRQHandler                         0x08000939   Thumb Code    14  lld_interrupt.o(i.EXTI3_IRQHandler)
    EXTI4_IRQHandler                         0x0800094d   Thumb Code    14  lld_interrupt.o(i.EXTI4_IRQHandler)
    EXTI9_5_IRQHandler                       0x08000961   Thumb Code    98  lld_interrupt.o(i.EXTI9_5_IRQHandler)
    EXTI_ClearITPendingBit                   0x080009c9   Thumb Code     6  stm32f10x_exti.o(i.EXTI_ClearITPendingBit)
    EXTI_GetITStatus                         0x080009d5   Thumb Code    28  stm32f10x_exti.o(i.EXTI_GetITStatus)
    GPIO_Init                                0x080009f5   Thumb Code   166  stm32f10x_gpio.o(i.GPIO_Init)
    GPIO_PinRemapConfig                      0x08000a9d   Thumb Code    86  stm32f10x_gpio.o(i.GPIO_PinRemapConfig)
    GPIO_ReadInputDataBit                    0x08000af9   Thumb Code    14  stm32f10x_gpio.o(i.GPIO_ReadInputDataBit)
    HardFault_Handler                        0x08000b07   Thumb Code     2  stm32f10x_it.o(i.HardFault_Handler)
    I2C1_ER_IRQHandler                       0x08000b09   Thumb Code    14  lld_interrupt.o(i.I2C1_ER_IRQHandler)
    I2C1_EV_IRQHandler                       0x08000b1d   Thumb Code    14  lld_interrupt.o(i.I2C1_EV_IRQHandler)
    I2C2_ER_IRQHandler                       0x08000b31   Thumb Code    14  lld_interrupt.o(i.I2C2_ER_IRQHandler)
    I2C2_EV_IRQHandler                       0x08000b45   Thumb Code    14  lld_interrupt.o(i.I2C2_EV_IRQHandler)
    I2C_AcknowledgeConfig                    0x08000b59   Thumb Code    24  stm32f10x_i2c.o(i.I2C_AcknowledgeConfig)
    I2C_GenerateSTART                        0x08000b71   Thumb Code    24  stm32f10x_i2c.o(i.I2C_GenerateSTART)
    I2C_GenerateSTOP                         0x08000b89   Thumb Code    24  stm32f10x_i2c.o(i.I2C_GenerateSTOP)
    I2C_GetLastEvent                         0x08000ba1   Thumb Code    14  stm32f10x_i2c.o(i.I2C_GetLastEvent)
    I2C_ReceiveData                          0x08000baf   Thumb Code     6  stm32f10x_i2c.o(i.I2C_ReceiveData)
    I2C_Send7bitAddress                      0x08000bb5   Thumb Code    18  stm32f10x_i2c.o(i.I2C_Send7bitAddress)
    I2C_SendData                             0x08000bc7   Thumb Code     4  stm32f10x_i2c.o(i.I2C_SendData)
    MemManage_Handler                        0x08000bcb   Thumb Code     2  stm32f10x_it.o(i.MemManage_Handler)
    NMI_Handler                              0x08000bcd   Thumb Code     2  stm32f10x_it.o(i.NMI_Handler)
    NVIC_Init                                0x08000bd1   Thumb Code    96  misc.o(i.NVIC_Init)
    NVIC_PriorityGroupConfig                 0x08000c35   Thumb Code    10  misc.o(i.NVIC_PriorityGroupConfig)
    PendSV_Handler                           0x08000c49   Thumb Code     2  stm32f10x_it.o(i.PendSV_Handler)
    RCC_AHBPeriphClockCmd                    0x08000c4d   Thumb Code    22  stm32f10x_rcc.o(i.RCC_AHBPeriphClockCmd)
    RCC_APB1PeriphClockCmd                   0x08000c69   Thumb Code    22  stm32f10x_rcc.o(i.RCC_APB1PeriphClockCmd)
    RCC_APB2PeriphClockCmd                   0x08000c85   Thumb Code    22  stm32f10x_rcc.o(i.RCC_APB2PeriphClockCmd)
    RCC_GetClocksFreq                        0x08000ca1   Thumb Code   154  stm32f10x_rcc.o(i.RCC_GetClocksFreq)
    SVC_Handler                              0x08000d4d   Thumb Code     2  stm32f10x_it.o(i.SVC_Handler)
    SysTick_Handler                          0x08000e05   Thumb Code     4  lld_interrupt.o(i.SysTick_Handler)
    SystemInit                               0x08000e09   Thumb Code    64  system_stm32f10x.o(i.SystemInit)
    TIM1_CC_IRQHandler                       0x08000e59   Thumb Code    14  lld_interrupt.o(i.TIM1_CC_IRQHandler)
    TIM1_UP_IRQHandler                       0x08000e6d   Thumb Code    14  lld_interrupt.o(i.TIM1_UP_IRQHandler)
    TIM2_IRQHandler                          0x08000e81   Thumb Code    14  lld_interrupt.o(i.TIM2_IRQHandler)
    TIM3_IRQHandler                          0x08000e95   Thumb Code    14  lld_interrupt.o(i.TIM3_IRQHandler)
    TIM4_IRQHandler                          0x08000ea9   Thumb Code    14  lld_interrupt.o(i.TIM4_IRQHandler)
    TIM5_IRQHandler                          0x08000ebd   Thumb Code    14  lld_interrupt.o(i.TIM5_IRQHandler)
    TIM6_IRQHandler                          0x08000ed1   Thumb Code    14  lld_interrupt.o(i.TIM6_IRQHandler)
    TIM7_IRQHandler                          0x08000ee5   Thumb Code    14  lld_interrupt.o(i.TIM7_IRQHandler)
    TIM8_CC_IRQHandler                       0x08000ef9   Thumb Code    14  lld_interrupt.o(i.TIM8_CC_IRQHandler)
    TIM8_UP_IRQHandler                       0x08000f0d   Thumb Code    14  lld_interrupt.o(i.TIM8_UP_IRQHandler)
    TIM_ClearITPendingBit                    0x08000f21   Thumb Code     6  stm32f10x_tim.o(i.TIM_ClearITPendingBit)
    TIM_GetCapture1                          0x08000f27   Thumb Code     4  stm32f10x_tim.o(i.TIM_GetCapture1)
    TIM_GetCapture2                          0x08000f2b   Thumb Code     4  stm32f10x_tim.o(i.TIM_GetCapture2)
    TIM_GetCapture3                          0x08000f2f   Thumb Code     4  stm32f10x_tim.o(i.TIM_GetCapture3)
    TIM_GetCapture4                          0x08000f33   Thumb Code     6  stm32f10x_tim.o(i.TIM_GetCapture4)
    TIM_GetCounter                           0x08000f39   Thumb Code     4  stm32f10x_tim.o(i.TIM_GetCounter)
    TIM_GetITStatus                          0x08000f3d   Thumb Code    24  stm32f10x_tim.o(i.TIM_GetITStatus)
    TIM_OC1PolarityConfig                    0x08000f55   Thumb Code    12  stm32f10x_tim.o(i.TIM_OC1PolarityConfig)
    TIM_OC2PolarityConfig                    0x08000f61   Thumb Code    20  stm32f10x_tim.o(i.TIM_OC2PolarityConfig)
    TIM_OC3PolarityConfig                    0x08000f75   Thumb Code    20  stm32f10x_tim.o(i.TIM_OC3PolarityConfig)
    TIM_OC4PolarityConfig                    0x08000f89   Thumb Code    20  stm32f10x_tim.o(i.TIM_OC4PolarityConfig)
    UART4_IRQHandler                         0x08000f9d   Thumb Code    14  lld_interrupt.o(i.UART4_IRQHandler)
    UART5_IRQHandler                         0x08000fb1   Thumb Code    14  lld_interrupt.o(i.UART5_IRQHandler)
    USART1_IRQHandler                        0x08000fc5   Thumb Code    14  lld_interrupt.o(i.USART1_IRQHandler)
    USART2_IRQHandler                        0x08000fd9   Thumb Code    14  lld_interrupt.o(i.USART2_IRQHandler)
    USART3_IRQHandler                        0x08000fed   Thumb Code    14  lld_interrupt.o(i.USART3_IRQHandler)
    USART_ClearFlag                          0x08001001   Thumb Code     8  stm32f10x_usart.o(i.USART_ClearFlag)
    USART_ClearITPendingBit                  0x08001009   Thumb Code    16  stm32f10x_usart.o(i.USART_ClearITPendingBit)
    USART_Cmd                                0x08001019   Thumb Code    24  stm32f10x_usart.o(i.USART_Cmd)
    USART_DMACmd                             0x08001031   Thumb Code    20  stm32f10x_usart.o(i.USART_DMACmd)
    USART_GetFlagStatus                      0x08001045   Thumb Code    14  stm32f10x_usart.o(i.USART_GetFlagStatus)
    USART_GetITStatus                        0x08001053   Thumb Code    64  stm32f10x_usart.o(i.USART_GetITStatus)
    USART_ITConfig                           0x08001093   Thumb Code    54  stm32f10x_usart.o(i.USART_ITConfig)
    USART_Init                               0x080010c9   Thumb Code   182  stm32f10x_usart.o(i.USART_Init)
    USART_ReceiveData                        0x08001185   Thumb Code     8  stm32f10x_usart.o(i.USART_ReceiveData)
    UsageFault_Handler                       0x0800118d   Thumb Code     2  stm32f10x_it.o(i.UsageFault_Handler)
    debug                                    0x0800118f   Thumb Code     2  main.o(i.debug)
    devfifo_init                             0x08001191   Thumb Code    52  devfifobuffer.o(i.devfifo_init)
    devfifo_read                             0x080011c5   Thumb Code    70  devfifobuffer.o(i.devfifo_read)
    devfifo_size                             0x0800120b   Thumb Code     4  devfifobuffer.o(i.devfifo_size)
    devfifo_write                            0x0800120f   Thumb Code    76  devfifobuffer.o(i.devfifo_write)
    lld_exit_irq                             0x0800125b   Thumb Code    52  lld_exit.o(i.lld_exit_irq)
    lld_gpio_get                             0x0800128f   Thumb Code     8  lld_gpio.o(i.lld_gpio_get)
    lld_gpio_init                            0x08001299   Thumb Code   124  lld_gpio.o(i.lld_gpio_init)
    lld_i2c_cmd_copy                         0x08001331   Thumb Code    48  lld_i2c.o(i.lld_i2c_cmd_copy)
    lld_i2c_cmdlist_read                     0x08001361   Thumb Code    94  lld_i2c.o(i.lld_i2c_cmdlist_read)
    lld_i2c_irq_error                        0x080013bf   Thumb Code    28  lld_i2c.o(i.lld_i2c_irq_error)
    lld_i2c_irq_event                        0x080013dd   Thumb Code   414  lld_i2c.o(i.lld_i2c_irq_event)
    lld_i2c_startnextcmd                     0x08001581   Thumb Code    90  lld_i2c.o(i.lld_i2c_startnextcmd)
    lld_kernel_get_time                      0x080015dd   Thumb Code   104  lld_kernel.o(i.lld_kernel_get_time)
    lld_kernel_init                          0x08001649   Thumb Code    94  lld_kernel.o(i.lld_kernel_init)
    lld_timer_irq                            0x080016c1   Thumb Code   136  lld_timer.o(i.lld_timer_irq)
    lld_timer_irq_encoder                    0x08001749   Thumb Code    76  lld_timer.o(i.lld_timer_irq_encoder)
    lld_timer_irq_inputcapture               0x08001799   Thumb Code   314  lld_timer.o(i.lld_timer_irq_inputcapture)
    lld_uart_init                            0x080018d9   Thumb Code   670  lld_uart.o(i.lld_uart_init)
    lld_uart_irq                             0x08001b85   Thumb Code   270  lld_uart.o(i.lld_uart_irq)
    lld_uart_irq_txdma                       0x08001c93   Thumb Code   130  lld_uart.o(i.lld_uart_irq_txdma)
    lld_uart_rx_dma_init                     0x08001d15   Thumb Code   224  lld_uart.o(i.lld_uart_rx_dma_init)
    lld_uart_tx_dma_init                     0x08001df9   Thumb Code   208  lld_uart.o(i.lld_uart_tx_dma_init)
    main                                     0x08001ecd   Thumb Code    60  main.o(i.main)
    ttscheduler_add_task                     0x08001f19   Thumb Code   122  ttscheduler.o(i.ttscheduler_add_task)
    ttscheduler_delete_task                  0x08001f9d   Thumb Code    64  ttscheduler.o(i.ttscheduler_delete_task)
    ttscheduler_dispatch_tasks               0x08001fe5   Thumb Code    70  ttscheduler.o(i.ttscheduler_dispatch_tasks)
    ttscheduler_idle                         0x08002031   Thumb Code     2  ttscheduler.o(i.ttscheduler_idle)
    ttscheduler_init                         0x08002035   Thumb Code    94  ttscheduler.o(i.ttscheduler_init)
    ttscheduler_update                       0x080020d5   Thumb Code    56  ttscheduler.o(i.ttscheduler_update)
    __aeabi_ddiv                             0x08002111   Thumb Code     0  ddiv.o(x$fpl$ddiv)
    _ddiv                                    0x08002111   Thumb Code   552  ddiv.o(x$fpl$ddiv)
    __aeabi_d2uiz                            0x080023c1   Thumb Code     0  dfixu.o(x$fpl$dfixu)
    _dfixu                                   0x080023c1   Thumb Code    90  dfixu.o(x$fpl$dfixu)
    __aeabi_ui2d                             0x0800241b   Thumb Code     0  dflt_clz.o(x$fpl$dfltu)
    _dfltu                                   0x0800241b   Thumb Code    38  dflt_clz.o(x$fpl$dfltu)
    __fpl_dnaninf                            0x08002441   Thumb Code   156  dnaninf.o(x$fpl$dnaninf)
    __fpl_dretinf                            0x080024dd   Thumb Code    12  dretinf.o(x$fpl$dretinf)
    __I$use$fp                               0x080024e8   Number         0  usenofp.o(x$fpl$usenofp)
    Region$$Table$$Base                      0x080025fc   Number         0  anon$$obj.o(Region$$Table)
    Region$$Table$$Limit                     0x0800261c   Number         0  anon$$obj.o(Region$$Table)
    SystemCoreClock                          0x20000014   Data           4  system_stm32f10x.o(.data)
    AHBPrescTable                            0x20000018   Data          16  system_stm32f10x.o(.data)
    mcu_i2c_list                             0x2000003c   Data           8  lld_i2c.o(.data)
    mcu_uart_list                            0x200005bc   Data          20  lld_uart.o(.bss)
    mcu_exit_list                            0x200005d0   Data          64  lld_exit.o(.bss)
    mcu_timer_list                           0x20000610   Data          32  lld_timer.o(.bss)
    com1                                     0x20000630   Data         192  main.o(.bss)
    __libspace_start                         0x200006f0   Data          96  libspace.o(.bss)
    __temporary_stack_top$libspace           0x20000750   Data           0  libspace.o(.bss)



==============================================================================

Memory Map of the image

  Image Entry point : 0x08000131

  Load Region LR_IROM1 (Base: 0x08000000, Size: 0x00002670, Max: 0x00080000, ABSOLUTE)

    Execution Region ER_IROM1 (Exec base: 0x08000000, Load base: 0x08000000, Size: 0x0000261c, Max: 0x00080000, ABSOLUTE)

    Exec Addr    Load Addr    Size         Type   Attr      Idx    E Section Name        Object

    0x08000000   0x08000000   0x00000130   Data   RO         3163    RESET               startup_stm32f10x_hd.o
    0x08000130   0x08000130   0x00000008   Code   RO         4171  * !!!main             c_w.l(__main.o)
    0x08000138   0x08000138   0x00000034   Code   RO         4462    !!!scatter          c_w.l(__scatter.o)
    0x0800016c   0x0800016c   0x0000001a   Code   RO         4464    !!handler_copy      c_w.l(__scatter_copy.o)
    0x08000186   0x08000186   0x00000002   PAD
    0x08000188   0x08000188   0x0000001c   Code   RO         4466    !!handler_zi        c_w.l(__scatter_zi.o)
    0x080001a4   0x080001a4   0x00000002   Code   RO         4397    .ARM.Collect$$libinit$$00000000  c_w.l(libinit.o)
    0x080001a6   0x080001a6   0x00000000   Code   RO         4267    .ARM.Collect$$libinit$$00000002  c_w.l(libinit2.o)
    0x080001a6   0x080001a6   0x00000000   Code   RO         4269    .ARM.Collect$$libinit$$00000004  c_w.l(libinit2.o)
    0x080001a6   0x080001a6   0x00000008   Code   RO         4270    .ARM.Collect$$libinit$$00000005  c_w.l(libinit2.o)
    0x080001ae   0x080001ae   0x00000000   Code   RO         4272    .ARM.Collect$$libinit$$0000000A  c_w.l(libinit2.o)
    0x080001ae   0x080001ae   0x00000000   Code   RO         4274    .ARM.Collect$$libinit$$0000000C  c_w.l(libinit2.o)
    0x080001ae   0x080001ae   0x00000000   Code   RO         4276    .ARM.Collect$$libinit$$0000000E  c_w.l(libinit2.o)
    0x080001ae   0x080001ae   0x00000000   Code   RO         4279    .ARM.Collect$$libinit$$00000011  c_w.l(libinit2.o)
    0x080001ae   0x080001ae   0x00000000   Code   RO         4281    .ARM.Collect$$libinit$$00000013  c_w.l(libinit2.o)
    0x080001ae   0x080001ae   0x00000000   Code   RO         4283    .ARM.Collect$$libinit$$00000015  c_w.l(libinit2.o)
    0x080001ae   0x080001ae   0x00000000   Code   RO         4285    .ARM.Collect$$libinit$$00000017  c_w.l(libinit2.o)
    0x080001ae   0x080001ae   0x00000000   Code   RO         4287    .ARM.Collect$$libinit$$00000019  c_w.l(libinit2.o)
    0x080001ae   0x080001ae   0x00000000   Code   RO         4289    .ARM.Collect$$libinit$$0000001B  c_w.l(libinit2.o)
    0x080001ae   0x080001ae   0x00000000   Code   RO         4291    .ARM.Collect$$libinit$$0000001D  c_w.l(libinit2.o)
    0x080001ae   0x080001ae   0x00000000   Code   RO         4293    .ARM.Collect$$libinit$$0000001F  c_w.l(libinit2.o)
    0x080001ae   0x080001ae   0x00000000   Code   RO         4295    .ARM.Collect$$libinit$$00000021  c_w.l(libinit2.o)
    0x080001ae   0x080001ae   0x00000000   Code   RO         4297    .ARM.Collect$$libinit$$00000023  c_w.l(libinit2.o)
    0x080001ae   0x080001ae   0x00000000   Code   RO         4299    .ARM.Collect$$libinit$$00000025  c_w.l(libinit2.o)
    0x080001ae   0x080001ae   0x00000000   Code   RO         4303    .ARM.Collect$$libinit$$0000002C  c_w.l(libinit2.o)
    0x080001ae   0x080001ae   0x00000000   Code   RO         4305    .ARM.Collect$$libinit$$0000002E  c_w.l(libinit2.o)
    0x080001ae   0x080001ae   0x00000000   Code   RO         4307    .ARM.Collect$$libinit$$00000030  c_w.l(libinit2.o)
    0x080001ae   0x080001ae   0x00000000   Code   RO         4309    .ARM.Collect$$libinit$$00000032  c_w.l(libinit2.o)
    0x080001ae   0x080001ae   0x00000002   Code   RO         4310    .ARM.Collect$$libinit$$00000033  c_w.l(libinit2.o)
    0x080001b0   0x080001b0   0x00000002   Code   RO         4459    .ARM.Collect$$libshutdown$$00000000  c_w.l(libshutdown.o)
    0x080001b2   0x080001b2   0x00000000   Code   RO         4415    .ARM.Collect$$libshutdown$$00000002  c_w.l(libshutdown2.o)
    0x080001b2   0x080001b2   0x00000000   Code   RO         4417    .ARM.Collect$$libshutdown$$00000004  c_w.l(libshutdown2.o)
    0x080001b2   0x080001b2   0x00000000   Code   RO         4419    .ARM.Collect$$libshutdown$$00000006  c_w.l(libshutdown2.o)
    0x080001b2   0x080001b2   0x00000000   Code   RO         4422    .ARM.Collect$$libshutdown$$00000009  c_w.l(libshutdown2.o)
    0x080001b2   0x080001b2   0x00000000   Code   RO         4425    .ARM.Collect$$libshutdown$$0000000C  c_w.l(libshutdown2.o)
    0x080001b2   0x080001b2   0x00000000   Code   RO         4427    .ARM.Collect$$libshutdown$$0000000E  c_w.l(libshutdown2.o)
    0x080001b2   0x080001b2   0x00000000   Code   RO         4430    .ARM.Collect$$libshutdown$$00000011  c_w.l(libshutdown2.o)
    0x080001b2   0x080001b2   0x00000002   Code   RO         4431    .ARM.Collect$$libshutdown$$00000012  c_w.l(libshutdown2.o)
    0x080001b4   0x080001b4   0x00000000   Code   RO         4221    .ARM.Collect$$rtentry$$00000000  c_w.l(__rtentry.o)
    0x080001b4   0x080001b4   0x00000000   Code   RO         4330    .ARM.Collect$$rtentry$$00000002  c_w.l(__rtentry2.o)
    0x080001b4   0x080001b4   0x00000006   Code   RO         4342    .ARM.Collect$$rtentry$$00000004  c_w.l(__rtentry4.o)
    0x080001ba   0x080001ba   0x00000000   Code   RO         4332    .ARM.Collect$$rtentry$$00000009  c_w.l(__rtentry2.o)
    0x080001ba   0x080001ba   0x00000004   Code   RO         4333    .ARM.Collect$$rtentry$$0000000A  c_w.l(__rtentry2.o)
    0x080001be   0x080001be   0x00000000   Code   RO         4335    .ARM.Collect$$rtentry$$0000000C  c_w.l(__rtentry2.o)
    0x080001be   0x080001be   0x00000008   Code   RO         4336    .ARM.Collect$$rtentry$$0000000D  c_w.l(__rtentry2.o)
    0x080001c6   0x080001c6   0x00000002   Code   RO         4402    .ARM.Collect$$rtexit$$00000000  c_w.l(rtexit.o)
    0x080001c8   0x080001c8   0x00000000   Code   RO         4435    .ARM.Collect$$rtexit$$00000002  c_w.l(rtexit2.o)
    0x080001c8   0x080001c8   0x00000004   Code   RO         4436    .ARM.Collect$$rtexit$$00000003  c_w.l(rtexit2.o)
    0x080001cc   0x080001cc   0x00000006   Code   RO         4437    .ARM.Collect$$rtexit$$00000004  c_w.l(rtexit2.o)
    0x080001d2   0x080001d2   0x00000002   PAD
    0x080001d4   0x080001d4   0x00000000   Code   RO         4348    .emb_text           c_w.l(maybetermalloc1.o)
    0x080001d4   0x080001d4   0x00000040   Code   RO         3164    .text               startup_stm32f10x_hd.o
    0x08000214   0x08000214   0x0000005e   Code   RO         4075    .text               c_w.l(h1_alloc.o)
    0x08000272   0x08000272   0x000000ee   Code   RO         4129    .text               c_w.l(lludivv7m.o)
    0x08000360   0x08000360   0x00000064   Code   RO         4165    .text               c_w.l(rt_memcpy_w.o)
    0x080003c4   0x080003c4   0x0000004e   Code   RO         4167    .text               c_w.l(rt_memclr_w.o)
    0x08000412   0x08000412   0x00000006   Code   RO         4169    .text               c_w.l(heapauxi.o)
    0x08000418   0x08000418   0x00000008   Code   RO         4229    .text               c_w.l(rt_heap_descriptor_intlibspace.o)
    0x08000420   0x08000420   0x00000004   Code   RO         4231    .text               c_w.l(hguard.o)
    0x08000424   0x08000424   0x0000008a   Code   RO         4233    .text               c_w.l(init_alloc.o)
    0x080004ae   0x080004ae   0x0000000e   Code   RO         4239    .text               c_w.l(h1_init.o)
    0x080004bc   0x080004bc   0x0000004e   Code   RO         4241    .text               c_w.l(h1_free.o)
    0x0800050a   0x0800050a   0x00000002   PAD
    0x0800050c   0x0800050c   0x00000008   Code   RO         4326    .text               c_w.l(libspace.o)
    0x08000514   0x08000514   0x00000034   Code   RO         4350    .text               c_w.l(h1_extend.o)
    0x08000548   0x08000548   0x0000000e   Code   RO         4356    .text               c_w.l(defsig_rtmem_outer.o)
    0x08000556   0x08000556   0x00000002   Code   RO         4369    .text               c_w.l(use_no_semi.o)
    0x08000558   0x08000558   0x00000000   Code   RO         4371    .text               c_w.l(indicate_semi.o)
    0x08000558   0x08000558   0x0000004a   Code   RO         4372    .text               c_w.l(sys_stackheap_outer.o)
    0x080005a2   0x080005a2   0x00000012   Code   RO         4378    .text               c_w.l(exit.o)
    0x080005b4   0x080005b4   0x0000000a   Code   RO         4380    .text               c_w.l(defsig_exit.o)
    0x080005be   0x080005be   0x00000002   PAD
    0x080005c0   0x080005c0   0x00000050   Code   RO         4386    .text               c_w.l(defsig_rtmem_inner.o)
    0x08000610   0x08000610   0x0000000c   Code   RO         4400    .text               c_w.l(sys_exit.o)
    0x0800061c   0x0800061c   0x00000032   Code   RO         4410    .text               c_w.l(defsig_general.o)
    0x0800064e   0x0800064e   0x0000000e   Code   RO         4432    .text               c_w.l(sys_wrch.o)
    0x0800065c   0x0800065c   0x00000002   Code   RO         3067    i.BusFault_Handler  stm32f10x_it.o
    0x0800065e   0x0800065e   0x00000002   Code   RO         3395    i.DMA1_Channel1_IRQHandler  lld_interrupt.o
    0x08000660   0x08000660   0x00000014   Code   RO         3396    i.DMA1_Channel2_IRQHandler  lld_interrupt.o
    0x08000674   0x08000674   0x00000002   Code   RO         3397    i.DMA1_Channel3_IRQHandler  lld_interrupt.o
    0x08000676   0x08000676   0x00000002   PAD
    0x08000678   0x08000678   0x00000014   Code   RO         3398    i.DMA1_Channel4_IRQHandler  lld_interrupt.o
    0x0800068c   0x0800068c   0x00000002   Code   RO         3399    i.DMA1_Channel5_IRQHandler  lld_interrupt.o
    0x0800068e   0x0800068e   0x00000002   Code   RO         3400    i.DMA1_Channel6_IRQHandler  lld_interrupt.o
    0x08000690   0x08000690   0x00000014   Code   RO         3401    i.DMA1_Channel7_IRQHandler  lld_interrupt.o
    0x080006a4   0x080006a4   0x00000002   Code   RO         3402    i.DMA2_Channel1_IRQHandler  lld_interrupt.o
    0x080006a6   0x080006a6   0x00000002   Code   RO         3403    i.DMA2_Channel2_IRQHandler  lld_interrupt.o
    0x080006a8   0x080006a8   0x00000002   Code   RO         3404    i.DMA2_Channel3_IRQHandler  lld_interrupt.o
    0x080006aa   0x080006aa   0x00000002   PAD
    0x080006ac   0x080006ac   0x00000014   Code   RO         3405    i.DMA2_Channel4_5_IRQHandler  lld_interrupt.o
    0x080006c0   0x080006c0   0x00000018   Code   RO          825    i.DMA_ClearFlag     stm32f10x_dma.o
    0x080006d8   0x080006d8   0x00000018   Code   RO          826    i.DMA_ClearITPendingBit  stm32f10x_dma.o
    0x080006f0   0x080006f0   0x0000001a   Code   RO          827    i.DMA_Cmd           stm32f10x_dma.o
    0x0800070a   0x0800070a   0x00000002   PAD
    0x0800070c   0x0800070c   0x000000f8   Code   RO          828    i.DMA_DeInit        stm32f10x_dma.o
    0x08000804   0x08000804   0x00000024   Code   RO          830    i.DMA_GetFlagStatus  stm32f10x_dma.o
    0x08000828   0x08000828   0x00000014   Code   RO          832    i.DMA_ITConfig      stm32f10x_dma.o
    0x0800083c   0x0800083c   0x0000003a   Code   RO          833    i.DMA_Init          stm32f10x_dma.o
    0x08000876   0x08000876   0x00000004   Code   RO          834    i.DMA_SetCurrDataCounter  stm32f10x_dma.o
    0x0800087a   0x0800087a   0x00000002   Code   RO         3068    i.DebugMon_Handler  stm32f10x_it.o
    0x0800087c   0x0800087c   0x00000014   Code   RO         3406    i.EXTI0_IRQHandler  lld_interrupt.o
    0x08000890   0x08000890   0x00000080   Code   RO         3407    i.EXTI15_10_IRQHandler  lld_interrupt.o
    0x08000910   0x08000910   0x00000014   Code   RO         3408    i.EXTI1_IRQHandler  lld_interrupt.o
    0x08000924   0x08000924   0x00000014   Code   RO         3409    i.EXTI2_IRQHandler  lld_interrupt.o
    0x08000938   0x08000938   0x00000014   Code   RO         3410    i.EXTI3_IRQHandler  lld_interrupt.o
    0x0800094c   0x0800094c   0x00000014   Code   RO         3411    i.EXTI4_IRQHandler  lld_interrupt.o
    0x08000960   0x08000960   0x00000068   Code   RO         3412    i.EXTI9_5_IRQHandler  lld_interrupt.o
    0x080009c8   0x080009c8   0x0000000c   Code   RO          898    i.EXTI_ClearITPendingBit  stm32f10x_exti.o
    0x080009d4   0x080009d4   0x00000020   Code   RO          902    i.EXTI_GetITStatus  stm32f10x_exti.o
    0x080009f4   0x080009f4   0x000000a6   Code   RO         1251    i.GPIO_Init         stm32f10x_gpio.o
    0x08000a9a   0x08000a9a   0x00000002   PAD
    0x08000a9c   0x08000a9c   0x0000005c   Code   RO         1253    i.GPIO_PinRemapConfig  stm32f10x_gpio.o
    0x08000af8   0x08000af8   0x0000000e   Code   RO         1255    i.GPIO_ReadInputDataBit  stm32f10x_gpio.o
    0x08000b06   0x08000b06   0x00000002   Code   RO         3069    i.HardFault_Handler  stm32f10x_it.o
    0x08000b08   0x08000b08   0x00000014   Code   RO         3413    i.I2C1_ER_IRQHandler  lld_interrupt.o
    0x08000b1c   0x08000b1c   0x00000014   Code   RO         3414    i.I2C1_EV_IRQHandler  lld_interrupt.o
    0x08000b30   0x08000b30   0x00000014   Code   RO         3415    i.I2C2_ER_IRQHandler  lld_interrupt.o
    0x08000b44   0x08000b44   0x00000014   Code   RO         3416    i.I2C2_EV_IRQHandler  lld_interrupt.o
    0x08000b58   0x08000b58   0x00000018   Code   RO         1360    i.I2C_AcknowledgeConfig  stm32f10x_i2c.o
    0x08000b70   0x08000b70   0x00000018   Code   RO         1372    i.I2C_GenerateSTART  stm32f10x_i2c.o
    0x08000b88   0x08000b88   0x00000018   Code   RO         1373    i.I2C_GenerateSTOP  stm32f10x_i2c.o
    0x08000ba0   0x08000ba0   0x0000000e   Code   RO         1376    i.I2C_GetLastEvent  stm32f10x_i2c.o
    0x08000bae   0x08000bae   0x00000006   Code   RO         1384    i.I2C_ReceiveData   stm32f10x_i2c.o
    0x08000bb4   0x08000bb4   0x00000012   Code   RO         1386    i.I2C_Send7bitAddress  stm32f10x_i2c.o
    0x08000bc6   0x08000bc6   0x00000004   Code   RO         1387    i.I2C_SendData      stm32f10x_i2c.o
    0x08000bca   0x08000bca   0x00000002   Code   RO         3070    i.MemManage_Handler  stm32f10x_it.o
    0x08000bcc   0x08000bcc   0x00000002   Code   RO         3071    i.NMI_Handler       stm32f10x_it.o
    0x08000bce   0x08000bce   0x00000002   PAD
    0x08000bd0   0x08000bd0   0x00000064   Code   RO           17    i.NVIC_Init         misc.o
    0x08000c34   0x08000c34   0x00000014   Code   RO           18    i.NVIC_PriorityGroupConfig  misc.o
    0x08000c48   0x08000c48   0x00000002   Code   RO         3072    i.PendSV_Handler    stm32f10x_it.o
    0x08000c4a   0x08000c4a   0x00000002   PAD
    0x08000c4c   0x08000c4c   0x0000001c   Code   RO         1666    i.RCC_AHBPeriphClockCmd  stm32f10x_rcc.o
    0x08000c68   0x08000c68   0x0000001c   Code   RO         1667    i.RCC_APB1PeriphClockCmd  stm32f10x_rcc.o
    0x08000c84   0x08000c84   0x0000001c   Code   RO         1669    i.RCC_APB2PeriphClockCmd  stm32f10x_rcc.o
    0x08000ca0   0x08000ca0   0x000000ac   Code   RO         1677    i.RCC_GetClocksFreq  stm32f10x_rcc.o
    0x08000d4c   0x08000d4c   0x00000002   Code   RO         3073    i.SVC_Handler       stm32f10x_it.o
    0x08000d4e   0x08000d4e   0x00000004   Code   RO         3127    i.SetSysClock       system_stm32f10x.o
    0x08000d52   0x08000d52   0x00000002   PAD
    0x08000d54   0x08000d54   0x000000b0   Code   RO         3128    i.SetSysClockTo56   system_stm32f10x.o
    0x08000e04   0x08000e04   0x00000004   Code   RO         3417    i.SysTick_Handler   lld_interrupt.o
    0x08000e08   0x08000e08   0x00000050   Code   RO         3130    i.SystemInit        system_stm32f10x.o
    0x08000e58   0x08000e58   0x00000014   Code   RO         3418    i.TIM1_CC_IRQHandler  lld_interrupt.o
    0x08000e6c   0x08000e6c   0x00000014   Code   RO         3419    i.TIM1_UP_IRQHandler  lld_interrupt.o
    0x08000e80   0x08000e80   0x00000014   Code   RO         3420    i.TIM2_IRQHandler   lld_interrupt.o
    0x08000e94   0x08000e94   0x00000014   Code   RO         3421    i.TIM3_IRQHandler   lld_interrupt.o
    0x08000ea8   0x08000ea8   0x00000014   Code   RO         3422    i.TIM4_IRQHandler   lld_interrupt.o
    0x08000ebc   0x08000ebc   0x00000014   Code   RO         3423    i.TIM5_IRQHandler   lld_interrupt.o
    0x08000ed0   0x08000ed0   0x00000014   Code   RO         3424    i.TIM6_IRQHandler   lld_interrupt.o
    0x08000ee4   0x08000ee4   0x00000014   Code   RO         3425    i.TIM7_IRQHandler   lld_interrupt.o
    0x08000ef8   0x08000ef8   0x00000014   Code   RO         3426    i.TIM8_CC_IRQHandler  lld_interrupt.o
    0x08000f0c   0x08000f0c   0x00000014   Code   RO         3427    i.TIM8_UP_IRQHandler  lld_interrupt.o
    0x08000f20   0x08000f20   0x00000006   Code   RO         2296    i.TIM_ClearITPendingBit  stm32f10x_tim.o
    0x08000f26   0x08000f26   0x00000004   Code   RO         2316    i.TIM_GetCapture1   stm32f10x_tim.o
    0x08000f2a   0x08000f2a   0x00000004   Code   RO         2317    i.TIM_GetCapture2   stm32f10x_tim.o
    0x08000f2e   0x08000f2e   0x00000004   Code   RO         2318    i.TIM_GetCapture3   stm32f10x_tim.o
    0x08000f32   0x08000f32   0x00000006   Code   RO         2319    i.TIM_GetCapture4   stm32f10x_tim.o
    0x08000f38   0x08000f38   0x00000004   Code   RO         2320    i.TIM_GetCounter    stm32f10x_tim.o
    0x08000f3c   0x08000f3c   0x00000018   Code   RO         2322    i.TIM_GetITStatus   stm32f10x_tim.o
    0x08000f54   0x08000f54   0x0000000c   Code   RO         2332    i.TIM_OC1PolarityConfig  stm32f10x_tim.o
    0x08000f60   0x08000f60   0x00000014   Code   RO         2337    i.TIM_OC2PolarityConfig  stm32f10x_tim.o
    0x08000f74   0x08000f74   0x00000014   Code   RO         2342    i.TIM_OC3PolarityConfig  stm32f10x_tim.o
    0x08000f88   0x08000f88   0x00000014   Code   RO         2346    i.TIM_OC4PolarityConfig  stm32f10x_tim.o
    0x08000f9c   0x08000f9c   0x00000014   Code   RO         3428    i.UART4_IRQHandler  lld_interrupt.o
    0x08000fb0   0x08000fb0   0x00000014   Code   RO         3429    i.UART5_IRQHandler  lld_interrupt.o
    0x08000fc4   0x08000fc4   0x00000014   Code   RO         3430    i.USART1_IRQHandler  lld_interrupt.o
    0x08000fd8   0x08000fd8   0x00000014   Code   RO         3431    i.USART2_IRQHandler  lld_interrupt.o
    0x08000fec   0x08000fec   0x00000014   Code   RO         3432    i.USART3_IRQHandler  lld_interrupt.o
    0x08001000   0x08001000   0x00000008   Code   RO         2833    i.USART_ClearFlag   stm32f10x_usart.o
    0x08001008   0x08001008   0x00000010   Code   RO         2834    i.USART_ClearITPendingBit  stm32f10x_usart.o
    0x08001018   0x08001018   0x00000018   Code   RO         2837    i.USART_Cmd         stm32f10x_usart.o
    0x08001030   0x08001030   0x00000014   Code   RO         2838    i.USART_DMACmd      stm32f10x_usart.o
    0x08001044   0x08001044   0x0000000e   Code   RO         2840    i.USART_GetFlagStatus  stm32f10x_usart.o
    0x08001052   0x08001052   0x00000040   Code   RO         2841    i.USART_GetITStatus  stm32f10x_usart.o
    0x08001092   0x08001092   0x00000036   Code   RO         2843    i.USART_ITConfig    stm32f10x_usart.o
    0x080010c8   0x080010c8   0x000000bc   Code   RO         2844    i.USART_Init        stm32f10x_usart.o
    0x08001184   0x08001184   0x00000008   Code   RO         2851    i.USART_ReceiveData  stm32f10x_usart.o
    0x0800118c   0x0800118c   0x00000002   Code   RO         3074    i.UsageFault_Handler  stm32f10x_it.o
    0x0800118e   0x0800118e   0x00000002   Code   RO         4037    i.debug             main.o
    0x08001190   0x08001190   0x00000034   Code   RO         3260    i.devfifo_init      devfifobuffer.o
    0x080011c4   0x080011c4   0x00000046   Code   RO         3265    i.devfifo_read      devfifobuffer.o
    0x0800120a   0x0800120a   0x00000004   Code   RO         3267    i.devfifo_size      devfifobuffer.o
    0x0800120e   0x0800120e   0x0000004c   Code   RO         3268    i.devfifo_write     devfifobuffer.o
    0x0800125a   0x0800125a   0x00000034   Code   RO         3761    i.lld_exit_irq      lld_exit.o
    0x0800128e   0x0800128e   0x00000008   Code   RO         3368    i.lld_gpio_get      lld_gpio.o
    0x08001296   0x08001296   0x00000002   PAD
    0x08001298   0x08001298   0x00000098   Code   RO         3369    i.lld_gpio_init     lld_gpio.o
    0x08001330   0x08001330   0x00000030   Code   RO         3813    i.lld_i2c_cmd_copy  lld_i2c.o
    0x08001360   0x08001360   0x0000005e   Code   RO         3815    i.lld_i2c_cmdlist_read  lld_i2c.o
    0x080013be   0x080013be   0x0000001c   Code   RO         3821    i.lld_i2c_irq_error  lld_i2c.o
    0x080013da   0x080013da   0x00000002   PAD
    0x080013dc   0x080013dc   0x000001a4   Code   RO         3822    i.lld_i2c_irq_event  lld_i2c.o
    0x08001580   0x08001580   0x0000005a   Code   RO         3827    i.lld_i2c_startnextcmd  lld_i2c.o
    0x080015da   0x080015da   0x00000002   PAD
    0x080015dc   0x080015dc   0x0000006c   Code   RO         3334    i.lld_kernel_get_time  lld_kernel.o
    0x08001648   0x08001648   0x00000078   Code   RO         3335    i.lld_kernel_init   lld_kernel.o
    0x080016c0   0x080016c0   0x00000088   Code   RO         3937    i.lld_timer_irq     lld_timer.o
    0x08001748   0x08001748   0x00000050   Code   RO         3938    i.lld_timer_irq_encoder  lld_timer.o
    0x08001798   0x08001798   0x00000140   Code   RO         3939    i.lld_timer_irq_inputcapture  lld_timer.o
    0x080018d8   0x080018d8   0x000002ac   Code   RO         3658    i.lld_uart_init     lld_uart.o
    0x08001b84   0x08001b84   0x0000010e   Code   RO         3659    i.lld_uart_irq      lld_uart.o
    0x08001c92   0x08001c92   0x00000082   Code   RO         3661    i.lld_uart_irq_txdma  lld_uart.o
    0x08001d14   0x08001d14   0x000000e4   Code   RO         3662    i.lld_uart_rx_dma_init  lld_uart.o
    0x08001df8   0x08001df8   0x000000d4   Code   RO         3664    i.lld_uart_tx_dma_init  lld_uart.o
    0x08001ecc   0x08001ecc   0x0000004c   Code   RO         4038    i.main              main.o
    0x08001f18   0x08001f18   0x00000084   Code   RO         3168    i.ttscheduler_add_task  ttscheduler.o
    0x08001f9c   0x08001f9c   0x00000048   Code   RO         3169    i.ttscheduler_delete_task  ttscheduler.o
    0x08001fe4   0x08001fe4   0x0000004c   Code   RO         3170    i.ttscheduler_dispatch_tasks  ttscheduler.o
    0x08002030   0x08002030   0x00000002   Code   RO         3174    i.ttscheduler_idle  ttscheduler.o
    0x08002032   0x08002032   0x00000002   PAD
    0x08002034   0x08002034   0x00000068   Code   RO         3175    i.ttscheduler_init  ttscheduler.o
    0x0800209c   0x0800209c   0x00000028   Code   RO         3176    i.ttscheduler_run_info  ttscheduler.o
    0x080020c4   0x080020c4   0x00000010   Code   RO         3177    i.ttscheduler_run_info_idle  ttscheduler.o
    0x080020d4   0x080020d4   0x0000003c   Code   RO         3178    i.ttscheduler_update  ttscheduler.o
    0x08002110   0x08002110   0x000002b0   Code   RO         4182    x$fpl$ddiv          fz_ws.l(ddiv.o)
    0x080023c0   0x080023c0   0x0000005a   Code   RO         4185    x$fpl$dfixu         fz_ws.l(dfixu.o)
    0x0800241a   0x0800241a   0x00000026   Code   RO         4189    x$fpl$dfltu         fz_ws.l(dflt_clz.o)
    0x08002440   0x08002440   0x0000009c   Code   RO         4313    x$fpl$dnaninf       fz_ws.l(dnaninf.o)
    0x080024dc   0x080024dc   0x0000000c   Code   RO         4315    x$fpl$dretinf       fz_ws.l(dretinf.o)
    0x080024e8   0x080024e8   0x00000000   Code   RO         4323    x$fpl$usenofp       fz_ws.l(usenofp.o)
    0x080024e8   0x080024e8   0x00000114   Data   RO         3666    .constdata          lld_uart.o
    0x080025fc   0x080025fc   0x00000020   Data   RO         4460    Region$$Table       anon$$obj.o


    Execution Region RW_IRAM1 (Exec base: 0x20000000, Load base: 0x0800261c, Size: 0x00000d50, Max: 0x00010000, ABSOLUTE)

    Exec Addr    Load Addr    Size         Type   Attr      Idx    E Section Name        Object

    0x20000000   0x0800261c   0x00000014   Data   RW         1697    .data               stm32f10x_rcc.o
    0x20000014   0x08002630   0x00000014   Data   RW         3131    .data               system_stm32f10x.o
    0x20000028   0x08002644   0x0000000c   Data   RW         3181    .data               ttscheduler.o
    0x20000034   0x08002650   0x00000008   Data   RW         3338    .data               lld_kernel.o
    0x2000003c   0x08002658   0x00000008   Data   RW         3830    .data               lld_i2c.o
    0x20000044   0x08002660   0x0000000e   Data   RW         3944    .data               lld_timer.o
    0x20000052   0x0800266e   0x00000002   PAD
    0x20000054        -       0x00000554   Zero   RW         3180    .bss                ttscheduler.o
    0x200005a8        -       0x00000014   Zero   RW         3337    .bss                lld_kernel.o
    0x200005bc        -       0x00000014   Zero   RW         3665    .bss                lld_uart.o
    0x200005d0        -       0x00000040   Zero   RW         3762    .bss                lld_exit.o
    0x20000610        -       0x00000020   Zero   RW         3942    .bss                lld_timer.o
    0x20000630        -       0x000000c0   Zero   RW         4039    .bss                main.o
    0x200006f0        -       0x00000060   Zero   RW         4327    .bss                c_w.l(libspace.o)
    0x20000750        -       0x00000200   Zero   RW         3162    HEAP                startup_stm32f10x_hd.o
    0x20000950        -       0x00000400   Zero   RW         3161    STACK               startup_stm32f10x_hd.o


==============================================================================

Image component sizes


      Code (inc. data)   RO Data    RW Data    ZI Data      Debug   Object Name

         0          0          0          0          0       4580   core_cm3.o
       202          0          0          0          0       3593   devfifobuffer.o
        52          0          0          0         64       1671   lld_exit.o
       160         28          0          0          0       2147   lld_gpio.o
       680          6          0          8          0       5428   lld_i2c.o
       810        180          0          0          0      18934   lld_interrupt.o
       228         30          0          8         20      17223   lld_kernel.o
       536         10          0         14         32       3706   lld_timer.o
      1524         22        276          0         20       6270   lld_uart.o
        78         16          0          0        192       2590   main.o
       120         14          0          0          0     269647   misc.o
        64         26        304          0       1536        856   startup_stm32f10x_hd.o
       440         36          0          0          0       6714   stm32f10x_dma.o
        44         10          0          0          0       1204   stm32f10x_exti.o
       272          6          0          0          0       3594   stm32f10x_gpio.o
       114          0          0          0          0       5729   stm32f10x_i2c.o
        16          0          0          0          0       3720   stm32f10x_it.o
       256         36          0         20          0       5290   stm32f10x_rcc.o
       124          0          0          0          0       6979   stm32f10x_tim.o
       396          6          0          0          0       7895   stm32f10x_usart.o
       260         26          0         20          0       2333   system_stm32f10x.o
       502         54          0         12       1364       6273   ttscheduler.o

    ----------------------------------------------------------------------
      6900        506        612         84       3228     386376   Object Totals
         0          0         32          0          0          0   (incl. Generated)
        22          0          0          2          0          0   (incl. Padding)

    ----------------------------------------------------------------------

      Code (inc. data)   RO Data    RW Data    ZI Data      Debug   Library Member Name

         8          0          0          0          0         68   __main.o
         0          0          0          0          0          0   __rtentry.o
        12          0          0          0          0          0   __rtentry2.o
         6          0          0          0          0          0   __rtentry4.o
        52          8          0          0          0          0   __scatter.o
        26          0          0          0          0          0   __scatter_copy.o
        28          0          0          0          0          0   __scatter_zi.o
        10          0          0          0          0         68   defsig_exit.o
        50          0          0          0          0         88   defsig_general.o
        80         58          0          0          0         76   defsig_rtmem_inner.o
        14          0          0          0          0         80   defsig_rtmem_outer.o
        18          0          0          0          0         80   exit.o
        94          0          0          0          0         80   h1_alloc.o
        52          0          0          0          0         68   h1_extend.o
        78          0          0          0          0         80   h1_free.o
        14          0          0          0          0         84   h1_init.o
         6          0          0          0          0        152   heapauxi.o
         4          0          0          0          0        136   hguard.o
         0          0          0          0          0          0   indicate_semi.o
       138          0          0          0          0        168   init_alloc.o
         2          0          0          0          0          0   libinit.o
        10          0          0          0          0          0   libinit2.o
         2          0          0          0          0          0   libshutdown.o
         2          0          0          0          0          0   libshutdown2.o
         8          4          0          0         96         68   libspace.o
       238          0          0          0          0        100   lludivv7m.o
         0          0          0          0          0          0   maybetermalloc1.o
         8          4          0          0          0         68   rt_heap_descriptor_intlibspace.o
        78          0          0          0          0         80   rt_memclr_w.o
       100          0          0          0          0         80   rt_memcpy_w.o
         2          0          0          0          0          0   rtexit.o
        10          0          0          0          0          0   rtexit2.o
        12          4          0          0          0         68   sys_exit.o
        74          0          0          0          0         80   sys_stackheap_outer.o
        14          0          0          0          0         76   sys_wrch.o
         2          0          0          0          0         68   use_no_semi.o
       688        140          0          0          0        208   ddiv.o
        90          4          0          0          0         92   dfixu.o
        38          0          0          0          0         68   dflt_clz.o
       156          4          0          0          0         92   dnaninf.o
        12          0          0          0          0         68   dretinf.o
         0          0          0          0          0          0   usenofp.o

    ----------------------------------------------------------------------
      2244        226          0          0         96       2444   Library Totals
         8          0          0          0          0          0   (incl. Padding)

    ----------------------------------------------------------------------

      Code (inc. data)   RO Data    RW Data    ZI Data      Debug   Library Name

      1252         78          0          0         96       1916   c_w.l
       984        148          0          0          0        528   fz_ws.l

    ----------------------------------------------------------------------
      2244        226          0          0         96       2444   Library Totals

    ----------------------------------------------------------------------

==============================================================================


      Code (inc. data)   RO Data    RW Data    ZI Data      Debug   

      9144        732        612         84       3324     381224   Grand Totals
      9144        732        612         84       3324     381224   ELF Image Totals
      9144        732        612         84          0          0   ROM Totals

==============================================================================

    Total RO  Size (Code + RO Data)                 9756 (   9.53kB)
    Total RW  Size (RW Data + ZI Data)              3408 (   3.33kB)
    Total ROM Size (Code + RO Data + RW Data)       9840 (   9.61kB)

==============================================================================

