Component: Arm Compiler for Embedded 6.18 Tool: armlink [5e4cc100]

==============================================================================

Section Cross References

    stm32h7xx_hal.o(.text.HAL_Init) refers to stm32h7xx_hal_cortex.o(.text.HAL_NVIC_SetPriorityGrouping) for HAL_NVIC_SetPriorityGrouping
    stm32h7xx_hal.o(.text.HAL_Init) refers to stm32h7xx_hal_rcc.o(.text.HAL_RCC_GetSysClockFreq) for HAL_RCC_GetSysClockFreq
    stm32h7xx_hal.o(.text.HAL_Init) refers to system_stm32h7xx.o(.rodata.D1CorePrescTable) for D1CorePrescTable
    stm32h7xx_hal.o(.text.HAL_Init) refers to system_stm32h7xx.o(.data.SystemD2Clock) for SystemD2Clock
    stm32h7xx_hal.o(.text.HAL_Init) refers to system_stm32h7xx.o(.data.SystemCoreClock) for SystemCoreClock
    stm32h7xx_hal.o(.text.HAL_Init) refers to stm32h7xx_hal.o(.text.HAL_InitTick) for HAL_InitTick
    stm32h7xx_hal.o(.text.HAL_Init) refers to bl_board.o(.text.HAL_MspInit) for HAL_MspInit
    stm32h7xx_hal.o(.ARM.exidx.text.HAL_Init) refers to stm32h7xx_hal.o(.text.HAL_Init) for [Anonymous Symbol]
    stm32h7xx_hal.o(.text.HAL_InitTick) refers to stm32h7xx_hal.o(.data.uwTickFreq) for uwTickFreq
    stm32h7xx_hal.o(.text.HAL_InitTick) refers to system_stm32h7xx.o(.data.SystemCoreClock) for SystemCoreClock
    stm32h7xx_hal.o(.text.HAL_InitTick) refers to stm32h7xx_hal_cortex.o(.text.HAL_SYSTICK_Config) for HAL_SYSTICK_Config
    stm32h7xx_hal.o(.text.HAL_InitTick) refers to stm32h7xx_hal_cortex.o(.text.HAL_NVIC_SetPriority) for HAL_NVIC_SetPriority
    stm32h7xx_hal.o(.text.HAL_InitTick) refers to stm32h7xx_hal.o(.data.uwTickPrio) for uwTickPrio
    stm32h7xx_hal.o(.ARM.exidx.text.HAL_InitTick) refers to stm32h7xx_hal.o(.text.HAL_InitTick) for [Anonymous Symbol]
    stm32h7xx_hal.o(.ARM.exidx.text.HAL_MspInit) refers to stm32h7xx_hal.o(.text.HAL_MspInit) for [Anonymous Symbol]
    stm32h7xx_hal.o(.text.HAL_DeInit) refers to stm32h7xx_hal.o(.text.HAL_MspDeInit) for HAL_MspDeInit
    stm32h7xx_hal.o(.ARM.exidx.text.HAL_DeInit) refers to stm32h7xx_hal.o(.text.HAL_DeInit) for [Anonymous Symbol]
    stm32h7xx_hal.o(.ARM.exidx.text.HAL_MspDeInit) refers to stm32h7xx_hal.o(.text.HAL_MspDeInit) for [Anonymous Symbol]
    stm32h7xx_hal.o(.text.HAL_IncTick) refers to stm32h7xx_hal.o(.data.uwTickFreq) for uwTickFreq
    stm32h7xx_hal.o(.text.HAL_IncTick) refers to stm32h7xx_hal.o(.bss.uwTick) for uwTick
    stm32h7xx_hal.o(.ARM.exidx.text.HAL_IncTick) refers to stm32h7xx_hal.o(.text.HAL_IncTick) for [Anonymous Symbol]
    stm32h7xx_hal.o(.text.HAL_GetTick) refers to stm32h7xx_hal.o(.bss.uwTick) for uwTick
    stm32h7xx_hal.o(.ARM.exidx.text.HAL_GetTick) refers to stm32h7xx_hal.o(.text.HAL_GetTick) for [Anonymous Symbol]
    stm32h7xx_hal.o(.text.HAL_GetTickPrio) refers to stm32h7xx_hal.o(.data.uwTickPrio) for uwTickPrio
    stm32h7xx_hal.o(.ARM.exidx.text.HAL_GetTickPrio) refers to stm32h7xx_hal.o(.text.HAL_GetTickPrio) for [Anonymous Symbol]
    stm32h7xx_hal.o(.text.HAL_SetTickFreq) refers to stm32h7xx_hal.o(.data.uwTickFreq) for uwTickFreq
    stm32h7xx_hal.o(.text.HAL_SetTickFreq) refers to stm32h7xx_hal.o(.data.uwTickPrio) for uwTickPrio
    stm32h7xx_hal.o(.text.HAL_SetTickFreq) refers to stm32h7xx_hal.o(.text.HAL_InitTick) for HAL_InitTick
    stm32h7xx_hal.o(.ARM.exidx.text.HAL_SetTickFreq) refers to stm32h7xx_hal.o(.text.HAL_SetTickFreq) for [Anonymous Symbol]
    stm32h7xx_hal.o(.text.HAL_GetTickFreq) refers to stm32h7xx_hal.o(.data.uwTickFreq) for uwTickFreq
    stm32h7xx_hal.o(.ARM.exidx.text.HAL_GetTickFreq) refers to stm32h7xx_hal.o(.text.HAL_GetTickFreq) for [Anonymous Symbol]
    stm32h7xx_hal.o(.text.HAL_Delay) refers to stm32h7xx_hal.o(.text.HAL_GetTick) for HAL_GetTick
    stm32h7xx_hal.o(.text.HAL_Delay) refers to stm32h7xx_hal.o(.data.uwTickFreq) for uwTickFreq
    stm32h7xx_hal.o(.ARM.exidx.text.HAL_Delay) refers to stm32h7xx_hal.o(.text.HAL_Delay) for [Anonymous Symbol]
    stm32h7xx_hal.o(.ARM.exidx.text.HAL_SuspendTick) refers to stm32h7xx_hal.o(.text.HAL_SuspendTick) for [Anonymous Symbol]
    stm32h7xx_hal.o(.ARM.exidx.text.HAL_ResumeTick) refers to stm32h7xx_hal.o(.text.HAL_ResumeTick) for [Anonymous Symbol]
    stm32h7xx_hal.o(.ARM.exidx.text.HAL_GetHalVersion) refers to stm32h7xx_hal.o(.text.HAL_GetHalVersion) for [Anonymous Symbol]
    stm32h7xx_hal.o(.ARM.exidx.text.HAL_GetREVID) refers to stm32h7xx_hal.o(.text.HAL_GetREVID) for [Anonymous Symbol]
    stm32h7xx_hal.o(.ARM.exidx.text.HAL_GetDEVID) refers to stm32h7xx_hal.o(.text.HAL_GetDEVID) for [Anonymous Symbol]
    stm32h7xx_hal.o(.ARM.exidx.text.HAL_GetUIDw0) refers to stm32h7xx_hal.o(.text.HAL_GetUIDw0) for [Anonymous Symbol]
    stm32h7xx_hal.o(.ARM.exidx.text.HAL_GetUIDw1) refers to stm32h7xx_hal.o(.text.HAL_GetUIDw1) for [Anonymous Symbol]
    stm32h7xx_hal.o(.ARM.exidx.text.HAL_GetUIDw2) refers to stm32h7xx_hal.o(.text.HAL_GetUIDw2) for [Anonymous Symbol]
[...]
    __scatterload_zeroinit                   0x0800032d   Thumb Code    28  __scatter_zi.o(!!handler_zi)
    _printf_n                                0x08000349   Thumb Code     0  _printf_n.o(.ARM.Collect$$_printf_percent$$00000001)
    _printf_percent                          0x08000349   Thumb Code     0  _printf_percent.o(.ARM.Collect$$_printf_percent$$00000000)
    _printf_p                                0x0800034f   Thumb Code     0  _printf_p.o(.ARM.Collect$$_printf_percent$$00000002)
    _printf_f                                0x08000355   Thumb Code     0  _printf_f.o(.ARM.Collect$$_printf_percent$$00000003)
    _printf_e                                0x0800035b   Thumb Code     0  _printf_e.o(.ARM.Collect$$_printf_percent$$00000004)
    _printf_g                                0x08000361   Thumb Code     0  _printf_g.o(.ARM.Collect$$_printf_percent$$00000005)
    _printf_a                                0x08000367   Thumb Code     0  _printf_a.o(.ARM.Collect$$_printf_percent$$00000006)
    _printf_ll                               0x0800036d   Thumb Code     0  _printf_ll.o(.ARM.Collect$$_printf_percent$$00000007)
    _printf_i                                0x08000377   Thumb Code     0  _printf_i.o(.ARM.Collect$$_printf_percent$$00000008)
    _printf_d                                0x0800037d   Thumb Code     0  _printf_d.o(.ARM.Collect$$_printf_percent$$00000009)
    _printf_u                                0x08000383   Thumb Code     0  _printf_u.o(.ARM.Collect$$_printf_percent$$0000000A)
    _printf_o                                0x08000389   Thumb Code     0  _printf_o.o(.ARM.Collect$$_printf_percent$$0000000B)
    _printf_x                                0x0800038f   Thumb Code     0  _printf_x.o(.ARM.Collect$$_printf_percent$$0000000C)
    _printf_lli                              0x08000395   Thumb Code     0  _printf_lli.o(.ARM.Collect$$_printf_percent$$0000000D)
    _printf_lld                              0x0800039b   Thumb Code     0  _printf_lld.o(.ARM.Collect$$_printf_percent$$0000000E)
    _printf_llu                              0x080003a1   Thumb Code     0  _printf_llu.o(.ARM.Collect$$_printf_percent$$0000000F)
    _printf_llo                              0x080003a7   Thumb Code     0  _printf_llo.o(.ARM.Collect$$_printf_percent$$00000010)
    _printf_llx                              0x080003ad   Thumb Code     0  _printf_llx.o(.ARM.Collect$$_printf_percent$$00000011)
    _printf_l                                0x080003b3   Thumb Code     0  _printf_l.o(.ARM.Collect$$_printf_percent$$00000012)
    _printf_c                                0x080003bd   Thumb Code     0  _printf_c.o(.ARM.Collect$$_printf_percent$$00000013)
    _printf_s                                0x080003c3   Thumb Code     0  _printf_s.o(.ARM.Collect$$_printf_percent$$00000014)
    _printf_lc                               0x080003c9   Thumb Code     0  _printf_lc.o(.ARM.Collect$$_printf_percent$$00000015)
    _printf_ls                               0x080003cf   Thumb Code     0  _printf_ls.o(.ARM.Collect$$_printf_percent$$00000016)
    _printf_percent_end                      0x080003d5   Thumb Code     0  _printf_percent_end.o(.ARM.Collect$$_printf_percent$$00000017)
    __rt_lib_init                            0x080003d9   Thumb Code     0  libinit.o(.ARM.Collect$$libinit$$00000000)
    __rt_lib_init_fp_1                       0x080003db   Thumb Code     0  libinit2.o(.ARM.Collect$$libinit$$00000001)
    __rt_lib_init_heap_1                     0x080003df   Thumb Code     0  libinit2.o(.ARM.Collect$$libinit$$0000000C)
    __rt_lib_init_lc_common                  0x080003df   Thumb Code     0  libinit2.o(.ARM.Collect$$libinit$$00000011)
    __rt_lib_init_preinit_1                  0x080003df   Thumb Code     0  libinit2.o(.ARM.Collect$$libinit$$00000006)
    __rt_lib_init_rand_1                     0x080003df   Thumb Code     0  libinit2.o(.ARM.Collect$$libinit$$00000010)
    __rt_lib_init_relocate_pie_1             0x080003df   Thumb Code     0  libinit2.o(.ARM.Collect$$libinit$$00000004)
    __rt_lib_init_user_alloc_1               0x080003df   Thumb Code     0  libinit2.o(.ARM.Collect$$libinit$$0000000E)
    __rt_lib_init_lc_collate_1               0x080003e5   Thumb Code     0  libinit2.o(.ARM.Collect$$libinit$$00000013)
    __rt_lib_init_lc_ctype_2                 0x080003e5   Thumb Code     0  libinit2.o(.ARM.Collect$$libinit$$00000014)
    __rt_lib_init_lc_ctype_1                 0x080003f1   Thumb Code     0  libinit2.o(.ARM.Collect$$libinit$$00000015)
    __rt_lib_init_lc_monetary_1              0x080003f1   Thumb Code     0  libinit2.o(.ARM.Collect$$libinit$$00000017)
    __rt_lib_init_lc_numeric_2               0x080003f1   Thumb Code     0  libinit2.o(.ARM.Collect$$libinit$$00000018)
    __rt_lib_init_alloca_1                   0x080003fb   Thumb Code     0  libinit2.o(.ARM.Collect$$libinit$$00000030)
    __rt_lib_init_argv_1                     0x080003fb   Thumb Code     0  libinit2.o(.ARM.Collect$$libinit$$0000002E)
    __rt_lib_init_atexit_1                   0x080003fb   Thumb Code     0  libinit2.o(.ARM.Collect$$libinit$$0000001D)
    __rt_lib_init_clock_1                    0x080003fb   Thumb Code     0  libinit2.o(.ARM.Collect$$libinit$$00000023)
    __rt_lib_init_cpp_1                      0x080003fb   Thumb Code     0  libinit2.o(.ARM.Collect$$libinit$$00000034)
    __rt_lib_init_exceptions_1               0x080003fb   Thumb Code     0  libinit2.o(.ARM.Collect$$libinit$$00000032)
    __rt_lib_init_fp_trap_1                  0x080003fb   Thumb Code     0  libinit2.o(.ARM.Collect$$libinit$$00000021)
    __rt_lib_init_getenv_1                   0x080003fb   Thumb Code     0  libinit2.o(.ARM.Collect$$libinit$$00000025)
    __rt_lib_init_lc_numeric_1               0x080003fb   Thumb Code     0  libinit2.o(.ARM.Collect$$libinit$$00000019)
    __rt_lib_init_lc_time_1                  0x080003fb   Thumb Code     0  libinit2.o(.ARM.Collect$$libinit$$0000001B)
    __rt_lib_init_return                     0x080003fb   Thumb Code     0  libinit2.o(.ARM.Collect$$libinit$$00000035)
    __rt_lib_init_signal_1                   0x080003fb   Thumb Code     0  libinit2.o(.ARM.Collect$$libinit$$0000001F)
    __rt_lib_init_stdio_1                    0x080003fb   Thumb Code     0  libinit2.o(.ARM.Collect$$libinit$$00000027)
    __rt_lib_shutdown                        0x080003fd   Thumb Code     0  libshutdown.o(.ARM.Collect$$libshutdown$$00000000)
    __rt_lib_shutdown_cpp_1                  0x080003ff   Thumb Code     0  libshutdown2.o(.ARM.Collect$$libshutdown$$00000002)
    __rt_lib_shutdown_fp_trap_1              0x080003ff   Thumb Code     0  libshutdown2.o(.ARM.Collect$$libshutdown$$00000007)
    __rt_lib_shutdown_heap_1                 0x080003ff   Thumb Code     0  libshutdown2.o(.ARM.Collect$$libshutdown$$0000000F)
    __rt_lib_shutdown_return                 0x080003ff   Thumb Code     0  libshutdown2.o(.ARM.Collect$$libshutdown$$00000010)
    __rt_lib_shutdown_signal_1               0x080003ff   Thumb Code     0  libshutdown2.o(.ARM.Collect$$libshutdown$$0000000A)
    __rt_lib_shutdown_stdio_1                0x080003ff   Thumb Code     0  libshutdown2.o(.ARM.Collect$$libshutdown$$00000004)
    __rt_lib_shutdown_user_alloc_1           0x080003ff   Thumb Code     0  libshutdown2.o(.ARM.Collect$$libshutdown$$0000000C)
    __rt_entry                               0x08000401   Thumb Code     0  __rtentry.o(.ARM.Collect$$rtentry$$00000000)
    __rt_entry_presh_1                       0x08000401   Thumb Code     0  __rtentry2.o(.ARM.Collect$$rtentry$$00000002)
    __rt_entry_sh                            0x08000401   Thumb Code     0  __rtentry4.o(.ARM.Collect$$rtentry$$00000004)
    __rt_entry_li                            0x08000407   Thumb Code     0  __rtentry2.o(.ARM.Collect$$rtentry$$0000000A)
    __rt_entry_postsh_1                      0x08000407   Thumb Code     0  __rtentry2.o(.ARM.Collect$$rtentry$$00000009)
    __rt_entry_main                          0x0800040b   Thumb Code     0  __rtentry2.o(.ARM.Collect$$rtentry$$0000000D)
    __rt_entry_postli_1                      0x0800040b   Thumb Code     0  __rtentry2.o(.ARM.Collect$$rtentry$$0000000C)
    __rt_exit                                0x08000413   Thumb Code     0  rtexit.o(.ARM.Collect$$rtexit$$00000000)
    __rt_exit_ls                             0x08000415   Thumb Code     0  rtexit2.o(.ARM.Collect$$rtexit$$00000003)
    __rt_exit_prels_1                        0x08000415   Thumb Code     0  rtexit2.o(.ARM.Collect$$rtexit$$00000002)
    __rt_exit_exit                           0x08000419   Thumb Code     0  rtexit2.o(.ARM.Collect$$rtexit$$00000004)
    Reset_Handler                            0x08000421   Thumb Code    12  startup_stm32h743xx.o(.text)
    SVC_Handler                              0x08000437   Thumb Code     2  startup_stm32h743xx.o(.text)
    DebugMon_Handler                         0x08000439   Thumb Code     2  startup_stm32h743xx.o(.text)
    PendSV_Handler                           0x0800043b   Thumb Code     2  startup_stm32h743xx.o(.text)
    ADC3_IRQHandler                          0x0800043f   Thumb Code     0  startup_stm32h743xx.o(.text)
    ADC_IRQHandler                           0x0800043f   Thumb Code     0  startup_stm32h743xx.o(.text)
    BDMA_Channel0_IRQHandler                 0x0800043f   Thumb Code     0  startup_stm32h743xx.o(.text)
    BDMA_Channel1_IRQHandler                 0x0800043f   Thumb Code     0  startup_stm32h743xx.o(.text)
    BDMA_Channel2_IRQHandler                 0x0800043f   Thumb Code     0  startup_stm32h743xx.o(.text)
    BDMA_Channel3_IRQHandler                 0x0800043f   Thumb Code     0  startup_stm32h743xx.o(.text)
    BDMA_Channel4_IRQHandler                 0x0800043f   Thumb Code     0  startup_stm32h743xx.o(.text)
    BDMA_Channel5_IRQHandler                 0x0800043f   Thumb Code     0  startup_stm32h743xx.o(.text)
    BDMA_Channel6_IRQHandler                 0x0800043f   Thumb Code     0  startup_stm32h743xx.o(.text)
    BDMA_Channel7_IRQHandler                 0x0800043f   Thumb Code     0  startup_stm32h743xx.o(.text)
    CEC_IRQHandler                           0x0800043f   Thumb Code     0  startup_stm32h743xx.o(.text)
    COMP1_IRQHandler                         0x0800043f   Thumb Code     0  startup_stm32h743xx.o(.text)
    CRS_IRQHandler                           0x0800043f   Thumb Code     0  startup_stm32h743xx.o(.text)
    DCMI_IRQHandler                          0x0800043f   Thumb Code     0  startup_stm32h743xx.o(.text)
    DFSDM1_FLT0_IRQHandler                   0x0800043f   Thumb Code     0  startup_stm32h743xx.o(.text)
    DFSDM1_FLT1_IRQHandler                   0x0800043f   Thumb Code     0  startup_stm32h743xx.o(.text)
    DFSDM1_FLT2_IRQHandler                   0x0800043f   Thumb Code     0  startup_stm32h743xx.o(.text)
    DFSDM1_FLT3_IRQHandler                   0x0800043f   Thumb Code     0  startup_stm32h743xx.o(.text)
    DMA1_Stream0_IRQHandler                  0x0800043f   Thumb Code     0  startup_stm32h743xx.o(.text)
    DMA1_Stream1_IRQHandler                  0x0800043f   Thumb Code     0  startup_stm32h743xx.o(.text)
    DMA1_Stream2_IRQHandler                  0x0800043f   Thumb Code     0  startup_stm32h743xx.o(.text)
    DMA1_Stream3_IRQHandler                  0x0800043f   Thumb Code     0  startup_stm32h743xx.o(.text)
    DMA1_Stream4_IRQHandler                  0x0800043f   Thumb Code     0  startup_stm32h743xx.o(.text)
    DMA1_Stream5_IRQHandler                  0x0800043f   Thumb Code     0  startup_stm32h743xx.o(.text)
    DMA1_Stream6_IRQHandler                  0x0800043f   Thumb Code     0  startup_stm32h743xx.o(.text)
    DMA1_Stream7_IRQHandler                  0x0800043f   Thumb Code     0  startup_stm32h743xx.o(.text)
    DMA2D_IRQHandler                         0x0800043f   Thumb Code     0  startup_stm32h743xx.o(.text)
    DMA2_Stream0_IRQHandler                  0x0800043f   Thumb Code     0  startup_stm32h743xx.o(.text)
    DMA2_Stream1_IRQHandler                  0x0800043f   Thumb Code     0  startup_stm32h743xx.o(.text)
    DMA2_Stream2_IRQHandler                  0x0800043f   Thumb Code     0  startup_stm32h743xx.o(.text)
    DMA2_Stream3_IRQHandler                  0x0800043f   Thumb Code     0  startup_stm32h743xx.o(.text)
    DMA2_Stream4_IRQHandler                  0x0800043f   Thumb Code     0  startup_stm32h743xx.o(.text)
    DMA2_Stream5_IRQHandler                  0x0800043f   Thumb Code     0  startup_stm32h743xx.o(.text)
    DMA2_Stream6_IRQHandler                  0x0800043f   Thumb Code     0  startup_stm32h743xx.o(.text)
    DMA2_Stream7_IRQHandler                  0x0800043f   Thumb Code     0  startup_stm32h743xx.o(.text)
    DMAMUX1_OVR_IRQHandler                   0x0800043f   Thumb Code     0  startup_stm32h743xx.o(.text)
    DMAMUX2_OVR_IRQHandler                   0x0800043f   Thumb Code     0  startup_stm32h743xx.o(.text)
    ECC_IRQHandler                           0x0800043f   Thumb Code     0  startup_stm32h743xx.o(.text)
    ETH_IRQHandler                           0x0800043f   Thumb Code     0  startup_stm32h743xx.o(.text)
    ETH_WKUP_IRQHandler                      0x0800043f   Thumb Code     0  startup_stm32h743xx.o(.text)
    EXTI0_IRQHandler                         0x0800043f   Thumb Code     0  startup_stm32h743xx.o(.text)
    EXTI15_10_IRQHandler                     0x0800043f   Thumb Code     0  startup_stm32h743xx.o(.text)
    EXTI1_IRQHandler                         0x0800043f   Thumb Code     0  startup_stm32h743xx.o(.text)
    EXTI2_IRQHandler                         0x0800043f   Thumb Code     0  startup_stm32h743xx.o(.text)
    EXTI3_IRQHandler                         0x0800043f   Thumb Code     0  startup_stm32h743xx.o(.text)
    EXTI4_IRQHandler                         0x0800043f   Thumb Code     0  startup_stm32h743xx.o(.text)
    EXTI9_5_IRQHandler                       0x0800043f   Thumb Code     0  startup_stm32h743xx.o(.text)
    FDCAN1_IT0_IRQHandler                    0x0800043f   Thumb Code     0  startup_stm32h743xx.o(.text)
    FDCAN1_IT1_IRQHandler                    0x0800043f   Thumb Code     0  startup_stm32h743xx.o(.text)
    FDCAN2_IT0_IRQHandler                    0x0800043f   Thumb Code     0  startup_stm32h743xx.o(.text)
    FDCAN2_IT1_IRQHandler                    0x0800043f   Thumb Code     0  startup_stm32h743xx.o(.text)
    FDCAN_CAL_IRQHandler                     0x0800043f   Thumb Code     0  startup_stm32h743xx.o(.text)
    FLASH_IRQHandler                         0x0800043f   Thumb Code     0  startup_stm32h743xx.o(.text)
    FMC_IRQHandler                           0x0800043f   Thumb Code     0  startup_stm32h743xx.o(.text)
    FPU_IRQHandler                           0x0800043f   Thumb Code     0  startup_stm32h743xx.o(.text)
    HRTIM1_FLT_IRQHandler                    0x0800043f   Thumb Code     0  startup_stm32h743xx.o(.text)
    HRTIM1_Master_IRQHandler                 0x0800043f   Thumb Code     0  startup_stm32h743xx.o(.text)
    HRTIM1_TIMA_IRQHandler                   0x0800043f   Thumb Code     0  startup_stm32h743xx.o(.text)
    HRTIM1_TIMB_IRQHandler                   0x0800043f   Thumb Code     0  startup_stm32h743xx.o(.text)
    HRTIM1_TIMC_IRQHandler                   0x0800043f   Thumb Code     0  startup_stm32h743xx.o(.text)
    HRTIM1_TIMD_IRQHandler                   0x0800043f   Thumb Code     0  startup_stm32h743xx.o(.text)
    HRTIM1_TIME_IRQHandler                   0x0800043f   Thumb Code     0  startup_stm32h743xx.o(.text)
    HSEM1_IRQHandler                         0x0800043f   Thumb Code     0  startup_stm32h743xx.o(.text)
    I2C1_ER_IRQHandler                       0x0800043f   Thumb Code     0  startup_stm32h743xx.o(.text)
    I2C1_EV_IRQHandler                       0x0800043f   Thumb Code     0  startup_stm32h743xx.o(.text)
    I2C2_ER_IRQHandler                       0x0800043f   Thumb Code     0  startup_stm32h743xx.o(.text)
    I2C2_EV_IRQHandler                       0x0800043f   Thumb Code     0  startup_stm32h743xx.o(.text)
    I2C3_ER_IRQHandler                       0x0800043f   Thumb Code     0  startup_stm32h743xx.o(.text)
    I2C3_EV_IRQHandler                       0x0800043f   Thumb Code     0  startup_stm32h743xx.o(.text)
    I2C4_ER_IRQHandler                       0x0800043f   Thumb Code     0  startup_stm32h743xx.o(.text)
    I2C4_EV_IRQHandler                       0x0800043f   Thumb Code     0  startup_stm32h743xx.o(.text)
    JPEG_IRQHandler                          0x0800043f   Thumb Code     0  startup_stm32h743xx.o(.text)
    LPTIM1_IRQHandler                        0x0800043f   Thumb Code     0  startup_stm32h743xx.o(.text)
    LPTIM2_IRQHandler                        0x0800043f   Thumb Code     0  startup_stm32h743xx.o(.text)
    LPTIM3_IRQHandler                        0x0800043f   Thumb Code     0  startup_stm32h743xx.o(.text)
    LPTIM4_IRQHandler                        0x0800043f   Thumb Code     0  startup_stm32h743xx.o(.text)
    LPTIM5_IRQHandler                        0x0800043f   Thumb Code     0  startup_stm32h743xx.o(.text)
    LPUART1_IRQHandler                       0x0800043f   Thumb Code     0  startup_stm32h743xx.o(.text)
    LTDC_ER_IRQHandler                       0x0800043f   Thumb Code     0  startup_stm32h743xx.o(.text)
    LTDC_IRQHandler                          0x0800043f   Thumb Code     0  startup_stm32h743xx.o(.text)
    MDIOS_IRQHandler                         0x0800043f   Thumb Code     0  startup_stm32h743xx.o(.text)
    MDIOS_WKUP_IRQHandler                    0x0800043f   Thumb Code     0  startup_stm32h743xx.o(.text)
    MDMA_IRQHandler                          0x0800043f   Thumb Code     0  startup_stm32h743xx.o(.text)
    OTG_FS_EP1_IN_IRQHandler                 0x0800043f   Thumb Code     0  startup_stm32h743xx.o(.text)
    OTG_FS_EP1_OUT_IRQHandler                0x0800043f   Thumb Code     0  startup_stm32h743xx.o(.text)
    OTG_FS_WKUP_IRQHandler                   0x0800043f   Thumb Code     0  startup_stm32h743xx.o(.text)
    OTG_HS_EP1_IN_IRQHandler                 0x0800043f   Thumb Code     0  startup_stm32h743xx.o(.text)
    OTG_HS_EP1_OUT_IRQHandler                0x0800043f   Thumb Code     0  startup_stm32h743xx.o(.text)
    OTG_HS_IRQHandler                        0x0800043f   Thumb Code     0  startup_stm32h743xx.o(.text)
    OTG_HS_WKUP_IRQHandler                   0x0800043f   Thumb Code     0  startup_stm32h743xx.o(.text)
    PVD_AVD_IRQHandler                       0x0800043f   Thumb Code     0  startup_stm32h743xx.o(.text)
    QUADSPI_IRQHandler                       0x0800043f   Thumb Code     0  startup_stm32h743xx.o(.text)
    RCC_IRQHandler                           0x0800043f   Thumb Code     0  startup_stm32h743xx.o(.text)
    RNG_IRQHandler                           0x0800043f   Thumb Code     0  startup_stm32h743xx.o(.text)
    RTC_Alarm_IRQHandler                     0x0800043f   Thumb Code     0  startup_stm32h743xx.o(.text)
    RTC_WKUP_IRQHandler                      0x0800043f   Thumb Code     0  startup_stm32h743xx.o(.text)
    SAI1_IRQHandler                          0x0800043f   Thumb Code     0  startup_stm32h743xx.o(.text)
    SAI2_IRQHandler                          0x0800043f   Thumb Code     0  startup_stm32h743xx.o(.text)
    SAI3_IRQHandler                          0x0800043f   Thumb Code     0  startup_stm32h743xx.o(.text)
    SAI4_IRQHandler                          0x0800043f   Thumb Code     0  startup_stm32h743xx.o(.text)
    SDMMC1_IRQHandler                        0x0800043f   Thumb Code     0  startup_stm32h743xx.o(.text)
    SDMMC2_IRQHandler                        0x0800043f   Thumb Code     0  startup_stm32h743xx.o(.text)
    SPDIF_RX_IRQHandler                      0x0800043f   Thumb Code     0  startup_stm32h743xx.o(.text)
    SPI1_IRQHandler                          0x0800043f   Thumb Code     0  startup_stm32h743xx.o(.text)
    SPI2_IRQHandler                          0x0800043f   Thumb Code     0  startup_stm32h743xx.o(.text)
    SPI3_IRQHandler                          0x0800043f   Thumb Code     0  startup_stm32h743xx.o(.text)
    SPI4_IRQHandler                          0x0800043f   Thumb Code     0  startup_stm32h743xx.o(.text)
    SPI5_IRQHandler                          0x0800043f   Thumb Code     0  startup_stm32h743xx.o(.text)
    SPI6_IRQHandler                          0x0800043f   Thumb Code     0  startup_stm32h743xx.o(.text)
    SWPMI1_IRQHandler                        0x0800043f   Thumb Code     0  startup_stm32h743xx.o(.text)
    TAMP_STAMP_IRQHandler                    0x0800043f   Thumb Code     0  startup_stm32h743xx.o(.text)
    TIM15_IRQHandler                         0x0800043f   Thumb Code     0  startup_stm32h743xx.o(.text)
    TIM16_IRQHandler                         0x0800043f   Thumb Code     0  startup_stm32h743xx.o(.text)
    TIM17_IRQHandler                         0x0800043f   Thumb Code     0  startup_stm32h743xx.o(.text)
    TIM1_BRK_IRQHandler                      0x0800043f   Thumb Code     0  startup_stm32h743xx.o(.text)
    TIM1_CC_IRQHandler                       0x0800043f   Thumb Code     0  startup_stm32h743xx.o(.text)
    TIM1_TRG_COM_IRQHandler                  0x0800043f   Thumb Code     0  startup_stm32h743xx.o(.text)
    TIM1_UP_IRQHandler                       0x0800043f   Thumb Code     0  startup_stm32h743xx.o(.text)
    TIM2_IRQHandler                          0x0800043f   Thumb Code     0  startup_stm32h743xx.o(.text)
    TIM3_IRQHandler                          0x0800043f   Thumb Code     0  startup_stm32h743xx.o(.text)
    TIM4_IRQHandler                          0x0800043f   Thumb Code     0  startup_stm32h743xx.o(.text)
    TIM5_IRQHandler                          0x0800043f   Thumb Code     0  startup_stm32h743xx.o(.text)
    TIM6_DAC_IRQHandler                      0x0800043f   Thumb Code     0  startup_stm32h743xx.o(.text)
    TIM7_IRQHandler                          0x0800043f   Thumb Code     0  startup_stm32h743xx.o(.text)
    TIM8_BRK_TIM12_IRQHandler                0x0800043f   Thumb Code     0  startup_stm32h743xx.o(.text)
    TIM8_CC_IRQHandler                       0x0800043f   Thumb Code     0  startup_stm32h743xx.o(.text)
    TIM8_TRG_COM_TIM14_IRQHandler            0x0800043f   Thumb Code     0  startup_stm32h743xx.o(.text)
    TIM8_UP_TIM13_IRQHandler                 0x0800043f   Thumb Code     0  startup_stm32h743xx.o(.text)
    UART4_IRQHandler                         0x0800043f   Thumb Code     0  startup_stm32h743xx.o(.text)
    UART5_IRQHandler                         0x0800043f   Thumb Code     0  startup_stm32h743xx.o(.text)
    UART7_IRQHandler                         0x0800043f   Thumb Code     0  startup_stm32h743xx.o(.text)
    UART8_IRQHandler                         0x0800043f   Thumb Code     0  startup_stm32h743xx.o(.text)
    USART1_IRQHandler                        0x0800043f   Thumb Code     0  startup_stm32h743xx.o(.text)
    USART2_IRQHandler                        0x0800043f   Thumb Code     0  startup_stm32h743xx.o(.text)
    USART3_IRQHandler                        0x0800043f   Thumb Code     0  startup_stm32h743xx.o(.text)
    USART6_IRQHandler                        0x0800043f   Thumb Code     0  startup_stm32h743xx.o(.text)
    WAKEUP_PIN_IRQHandler                    0x0800043f   Thumb Code     0  startup_stm32h743xx.o(.text)
    WWDG_IRQHandler                          0x0800043f   Thumb Code     0  startup_stm32h743xx.o(.text)
    __user_initial_stackheap                 0x08000441   Thumb Code     0  startup_stm32h743xx.o(.text)
    __aeabi_uldivmod                         0x08000469   Thumb Code     0  lludivv7m.o(.text)
    _ll_udiv                                 0x08000469   Thumb Code   240  lludivv7m.o(.text)
    vsnprintf                                0x08000559   Thumb Code    56  vsnprintf.o(.text)
    strlen                                   0x08000595   Thumb Code    62  strlen.o(.text)
    __aeabi_memcpy                           0x080005d3   Thumb Code     0  rt_memcpy_v6.o(.text)
    __rt_memcpy                              0x080005d3   Thumb Code   138  rt_memcpy_v6.o(.text)
    _memcpy_lastbytes                        0x08000639   Thumb Code     0  rt_memcpy_v6.o(.text)
    __aeabi_memset                           0x0800065d   Thumb Code    16  aeabi_memset.o(.text)
    __aeabi_memclr4                          0x0800066d   Thumb Code     0  rt_memclr_w.o(.text)
    __aeabi_memclr8                          0x0800066d   Thumb Code     0  rt_memclr_w.o(.text)
    __rt_memclr_w                            0x0800066d   Thumb Code     0  rt_memclr_w.o(.text)
    _memset_w                                0x08000671   Thumb Code    74  rt_memclr_w.o(.text)
    __use_two_region_memory                  0x080006bb   Thumb Code     2  heapauxi.o(.text)
    __rt_heap_escrow$2region                 0x080006bd   Thumb Code     2  heapauxi.o(.text)
    __rt_heap_expand$2region                 0x080006bf   Thumb Code     2  heapauxi.o(.text)
    _printf_pre_padding                      0x080006c1   Thumb Code    44  _printf_pad.o(.text)
    _printf_post_padding                     0x080006ed   Thumb Code    34  _printf_pad.o(.text)
    _printf_truncate_signed                  0x0800070f   Thumb Code    18  _printf_truncate.o(.text)
    _printf_truncate_unsigned                0x08000721   Thumb Code    18  _printf_truncate.o(.text)
    _printf_str                              0x08000733   Thumb Code    82  _printf_str.o(.text)
    _printf_int_dec                          0x08000785   Thumb Code   104  _printf_dec.o(.text)
    _printf_charcount                        0x080007fd   Thumb Code    40  _printf_charcount.o(.text)
    _printf_char_common                      0x0800082f   Thumb Code    32  _printf_char_common.o(.text)
    _snputc                                  0x08000855   Thumb Code    16  _snputc.o(.text)
    _printf_wctomb                           0x08000865   Thumb Code   182  _printf_wctomb.o(.text)
    _printf_longlong_dec                     0x08000921   Thumb Code   108  _printf_longlong_dec.o(.text)
    _printf_longlong_oct                     0x0800099d   Thumb Code    68  _printf_oct_int_ll.o(.text)
    _printf_int_oct                          0x080009e1   Thumb Code    24  _printf_oct_int_ll.o(.text)
    _printf_ll_oct                           0x080009f9   Thumb Code    12  _printf_oct_int_ll.o(.text)
    _printf_longlong_hex                     0x08000a0d   Thumb Code    86  _printf_hex_int_ll_ptr.o(.text)
    _printf_int_hex                          0x08000a63   Thumb Code    28  _printf_hex_int_ll_ptr.o(.text)
    _printf_ll_hex                           0x08000a7f   Thumb Code    12  _printf_hex_int_ll_ptr.o(.text)
    _printf_hex_ptr                          0x08000a8b   Thumb Code    18  _printf_hex_int_ll_ptr.o(.text)
    __printf                                 0x08000aa1   Thumb Code   388  __printf_flags_ss_wp.o(.text)
    __aeabi_memcpy4                          0x08000c29   Thumb Code     0  rt_memcpy_w.o(.text)
    __aeabi_memcpy8                          0x08000c29   Thumb Code     0  rt_memcpy_w.o(.text)
    __rt_memcpy_w                            0x08000c29   Thumb Code   100  rt_memcpy_w.o(.text)
    _memcpy_lastbytes_aligned                0x08000c71   Thumb Code     0  rt_memcpy_w.o(.text)
    __aeabi_memclr                           0x08000c8d   Thumb Code     0  rt_memclr.o(.text)
    __rt_memclr                              0x08000c8d   Thumb Code     0  rt_memclr.o(.text)
    _memset                                  0x08000c91   Thumb Code    64  rt_memclr.o(.text)
    _ll_udiv10                               0x08000cd1   Thumb Code   138  lludiv10.o(.text)
    _printf_int_common                       0x08000d5b   Thumb Code   178  _printf_intcommon.o(.text)
    _printf_fp_dec_real                      0x08000fbd   Thumb Code   620  _printf_fp_dec.o(.text)
    _printf_fp_hex_real                      0x08001229   Thumb Code   756  _printf_fp_hex.o(.text)
    _printf_cs_common                        0x08001525   Thumb Code    20  _printf_char.o(.text)
    _printf_char                             0x08001539   Thumb Code    16  _printf_char.o(.text)
    _printf_string                           0x08001549   Thumb Code     8  _printf_char.o(.text)
    _printf_lcs_common                       0x08001551   Thumb Code    20  _printf_wchar.o(.text)
    _printf_wchar                            0x08001565   Thumb Code    16  _printf_wchar.o(.text)
    _printf_wstring                          0x08001575   Thumb Code     8  _printf_wchar.o(.text)
    _c16rtomb                                0x0800157d   Thumb Code    72  _c16rtomb.o(.text)
    _wcrtomb                                 0x0800157d   Thumb Code     0  _c16rtomb.o(.text)
    __user_setup_stackheap                   0x080015c5   Thumb Code    74  sys_stackheap_outer.o(.text)
    __rt_ctype_table                         0x08001611   Thumb Code    16  rt_ctype_table.o(.text)
    __rt_locale                              0x08001621   Thumb Code     8  rt_locale_intlibspace.o(.text)
    _printf_fp_infnan                        0x08001629   Thumb Code   112  _printf_fp_infnan.o(.text)
    _btod_etento                             0x080016a9   Thumb Code   224  bigflt0.o(.text)
    exit                                     0x0800178d   Thumb Code    18  exit.o(.text)
    __user_libspace                          0x080017a1   Thumb Code     8  libspace.o(.text)
    __user_perproc_libspace                  0x080017a1   Thumb Code     0  libspace.o(.text)
    __user_perthread_libspace                0x080017a1   Thumb Code     0  libspace.o(.text)
    strcmp                                   0x080017a9   Thumb Code   124  strcmpv7m_pel.o(.text)
    _sys_exit                                0x08001825   Thumb Code     8  sys_exit.o(.text)
    __I$use$semihosting                      0x08001831   Thumb Code     0  use_no_semi.o(.text)
    __use_no_semihosting_swi                 0x08001831   Thumb Code     2  use_no_semi.o(.text)
    __semihosting_library_function           0x08001833   Thumb Code     0  indicate_semi.o(.text)
    BusFault_Handler                         0x08001839   Thumb Code     2  main.o(.text.BusFault_Handler)
    HAL_Delay                                0x08001841   Thumb Code    78  bl_kernel.o(.text.HAL_Delay)
    HAL_GPIO_DeInit                          0x08001891   Thumb Code   274  stm32h7xx_hal_gpio.o(.text.HAL_GPIO_DeInit)
    HAL_GPIO_Init                            0x080019a9   Thumb Code   430  stm32h7xx_hal_gpio.o(.text.HAL_GPIO_Init)
    HAL_GetREVID                             0x08001b59   Thumb Code    14  stm32h7xx_hal.o(.text.HAL_GetREVID)
    HAL_GetTick                              0x08001b69   Thumb Code    12  stm32h7xx_hal.o(.text.HAL_GetTick)
    HAL_IncTick                              0x08001b79   Thumb Code    26  stm32h7xx_hal.o(.text.HAL_IncTick)
    HAL_Init                                 0x08001b99   Thumb Code   100  stm32h7xx_hal.o(.text.HAL_Init)
    HAL_InitTick                             0x08001c01   Thumb Code    84  stm32h7xx_hal.o(.text.HAL_InitTick)
    HAL_MspInit                              0x08001c59   Thumb Code    32  bl_board.o(.text.HAL_MspInit)
    HAL_NVIC_EnableIRQ                       0x08001c79   Thumb Code    32  stm32h7xx_hal_cortex.o(.text.HAL_NVIC_EnableIRQ)
    HAL_NVIC_SetPriority                     0x08001c99   Thumb Code    94  stm32h7xx_hal_cortex.o(.text.HAL_NVIC_SetPriority)
    HAL_NVIC_SetPriorityGrouping             0x08001cf9   Thumb Code    32  stm32h7xx_hal_cortex.o(.text.HAL_NVIC_SetPriorityGrouping)
    HAL_PWREx_ConfigSupply                   0x08001d19   Thumb Code    72  stm32h7xx_hal_pwr_ex.o(.text.HAL_PWREx_ConfigSupply)
    HAL_PWREx_EnableUSBVoltageDetector       0x08001d61   Thumb Code    18  stm32h7xx_hal_pwr_ex.o(.text.HAL_PWREx_EnableUSBVoltageDetector)
    HAL_RCCEx_GetD3PCLK1Freq                 0x08001d79   Thumb Code    38  stm32h7xx_hal_rcc_ex.o(.text.HAL_RCCEx_GetD3PCLK1Freq)
    HAL_RCCEx_GetPLL2ClockFreq               0x08001da1   Thumb Code   292  stm32h7xx_hal_rcc_ex.o(.text.HAL_RCCEx_GetPLL2ClockFreq)
    HAL_RCCEx_GetPLL3ClockFreq               0x08001ec9   Thumb Code   292  stm32h7xx_hal_rcc_ex.o(.text.HAL_RCCEx_GetPLL3ClockFreq)
    HAL_RCCEx_PeriphCLKConfig                0x08001ff1   Thumb Code  2374  stm32h7xx_hal_rcc_ex.o(.text.HAL_RCCEx_PeriphCLKConfig)
    HAL_RCC_ClockConfig                      0x08002939   Thumb Code   596  stm32h7xx_hal_rcc.o(.text.HAL_RCC_ClockConfig)
    HAL_RCC_DeInit                           0x08002b91   Thumb Code   446  stm32h7xx_hal_rcc.o(.text.HAL_RCC_DeInit)
    HAL_RCC_GetHCLKFreq                      0x08002d51   Thumb Code    76  stm32h7xx_hal_rcc.o(.text.HAL_RCC_GetHCLKFreq)
    HAL_RCC_GetPCLK1Freq                     0x08002da1   Thumb Code    96  stm32h7xx_hal_rcc.o(.text.HAL_RCC_GetPCLK1Freq)
    HAL_RCC_GetPCLK2Freq                     0x08002e01   Thumb Code    96  stm32h7xx_hal_rcc.o(.text.HAL_RCC_GetPCLK2Freq)
    HAL_RCC_GetSysClockFreq                  0x08002e61   Thumb Code   264  stm32h7xx_hal_rcc.o(.text.HAL_RCC_GetSysClockFreq)
    HAL_RCC_OscConfig                        0x08002f69   Thumb Code  1528  stm32h7xx_hal_rcc.o(.text.HAL_RCC_OscConfig)
    HAL_SYSTICK_Config                       0x08003561   Thumb Code    44  stm32h7xx_hal_cortex.o(.text.HAL_SYSTICK_Config)
    HAL_UARTEx_DisableFifoMode               0x08003591   Thumb Code    54  stm32h7xx_hal_uart_ex.o(.text.HAL_UARTEx_DisableFifoMode)
    HAL_UARTEx_SetRxFifoThreshold            0x080035c9   Thumb Code   146  stm32h7xx_hal_uart_ex.o(.text.HAL_UARTEx_SetRxFifoThreshold)
    HAL_UARTEx_SetTxFifoThreshold            0x08003661   Thumb Code   146  stm32h7xx_hal_uart_ex.o(.text.HAL_UARTEx_SetTxFifoThreshold)
    HAL_UART_DeInit                          0x080036f9   Thumb Code    60  stm32h7xx_hal_uart.o(.text.HAL_UART_DeInit)
    HAL_UART_Init                            0x08003739   Thumb Code    98  stm32h7xx_hal_uart.o(.text.HAL_UART_Init)
    HAL_UART_MspDeInit                       0x080037a1   Thumb Code    50  bl_board.o(.text.HAL_UART_MspDeInit)
    HAL_UART_MspInit                         0x080037d9   Thumb Code   146  bl_board.o(.text.HAL_UART_MspInit)
    HAL_UART_Transmit                        0x08003871   Thumb Code   218  stm32h7xx_hal_uart.o(.text.HAL_UART_Transmit)
    HardFault_Handler                        0x08003951   Thumb Code     2  main.o(.text.HardFault_Handler)
    LoadFirmware                             0x08003959   Thumb Code     2  main.o(.text.LoadFirmware)
    MemManage_Handler                        0x08003961   Thumb Code     2  main.o(.text.MemManage_Handler)
    NMI_Handler                              0x08003969   Thumb Code     2  main.o(.text.NMI_Handler)
    OTG_FS_IRQHandler                        0x08003971   Thumb Code    10  cherryusb_interface.o(.text.OTG_FS_IRQHandler)
    SysTick_Handler                          0x08003bc1   Thumb Code     8  bl_kernel.o(.text.SysTick_Handler)
    SystemInit                               0x08003bc9   Thumb Code   138  system_stm32h7xx.o(.text.SystemInit)
    UART_AdvFeatureConfig                    0x08003c59   Thumb Code   224  stm32h7xx_hal_uart.o(.text.UART_AdvFeatureConfig)
    UART_CheckIdleState                      0x08003d39   Thumb Code   264  stm32h7xx_hal_uart.o(.text.UART_CheckIdleState)
    UART_SetConfig                           0x08003e41   Thumb Code  1180  stm32h7xx_hal_uart.o(.text.UART_SetConfig)
    UART_WaitOnFlagUntilTimeout              0x080042e9   Thumb Code   188  stm32h7xx_hal_uart.o(.text.UART_WaitOnFlagUntilTimeout)
    USBD_IRQHandler                          0x080043a9   Thumb Code  1834  usb_dc_dwc2.o(.text.USBD_IRQHandler)
    UsageFault_Handler                       0x08004ad9   Thumb Code     2  main.o(.text.UsageFault_Handler)
    arch_flash_lock                          0x08004ae1   Thumb Code    42  bl_flash.o(.text.arch_flash_lock)
    bl_get_state                             0x08004b11   Thumb Code    12  bl.o(.text.bl_get_state)
    board_usart_deinit                       0x08004b21   Thumb Code    16  bl_board.o(.text.board_usart_deinit)
    board_usart_init                         0x08004b31   Thumb Code   138  bl_board.o(.text.board_usart_init)
    bootloader                               0x08004bc1   Thumb Code  1768  bl.o(.text.bootloader)
    bt_init                                  0x08005349   Thumb Code    32  bl.o(.text.bt_init)
    cdc_acm_init                             0x08005451   Thumb Code   158  cdc_acm_template.o(.text.cdc_acm_init)
    delay_us                                 0x080054f1   Thumb Code    74  bl_kernel.o(.text.delay_us)
    erase_sector                             0x08005541   Thumb Code   230  bl_flash.o(.text.erase_sector)
    get_flash_sector                         0x08005629   Thumb Code   184  bl_flash.o(.text.get_flash_sector)
    get_tick                                 0x080056e1   Thumb Code     8  bl_kernel.o(.text.get_tick)
    jump_to_app                              0x080056e9   Thumb Code   152  bl.o(.text.jump_to_app)
    kernelClock_config                       0x080057b9   Thumb Code   182  bl_kernel.o(.text.kernelClock_config)
    main                                     0x08005871   Thumb Code   104  main.o(.text.main)
    mprint                                   0x080058d9   Thumb Code    66  bl_board.o(.text.mprint)
    read                                     0x08005921   Thumb Code    22  bl_flash.o(.text.read)
    read_word                                0x08005939   Thumb Code     4  bl_flash.o(.text.read_word)
    start_up                                 0x08005941   Thumb Code    12  bl_kernel.o(.text.start_up)
    usb_cin_wait                             0x08005951   Thumb Code   100  cdc_acm_template.o(.text.usb_cin_wait)
    usb_cout                                 0x080059b9   Thumb Code    32  cdc_acm_template.o(.text.usb_cout)
    usb_dc_init                              0x080059d9   Thumb Code   964  usb_dc_dwc2.o(.text.usb_dc_init)
    usb_dc_low_level_init                    0x08005e31   Thumb Code   144  cherryusb_interface.o(.text.usb_dc_low_level_init)
    usbd_add_endpoint                        0x08005ec1   Thumb Code    58  usbd_core.o(.text.usbd_add_endpoint)
    usbd_add_interface                       0x08005f01   Thumb Code    38  usbd_core.o(.text.usbd_add_interface)
    usbd_cdc_acm_bulk_in                     0x08005f29   Thumb Code    36  cdc_acm_template.o(.text.usbd_cdc_acm_bulk_in)
    usbd_cdc_acm_bulk_out                    0x08005f51   Thumb Code    46  cdc_acm_template.o(.text.usbd_cdc_acm_bulk_out)
    usbd_cdc_acm_get_line_coding             0x08005f81   Thumb Code    20  usbd_cdc.o(.text.usbd_cdc_acm_get_line_coding)
    usbd_cdc_acm_init_intf                   0x08005f99   Thumb Code    22  usbd_cdc.o(.text.usbd_cdc_acm_init_intf)
    usbd_cdc_acm_send_break                  0x08005fb1   Thumb Code     2  usbd_cdc.o(.text.usbd_cdc_acm_send_break)
    usbd_cdc_acm_set_dtr                     0x08005fb9   Thumb Code    12  cdc_acm_template.o(.text.usbd_cdc_acm_set_dtr)
    usbd_cdc_acm_set_line_coding             0x08005fc9   Thumb Code     2  usbd_cdc.o(.text.usbd_cdc_acm_set_line_coding)
    usbd_cdc_acm_set_rts                     0x08005fd1   Thumb Code     2  usbd_cdc.o(.text.usbd_cdc_acm_set_rts)
    usbd_desc_register                       0x08005fd9   Thumb Code    74  usbd_core.o(.text.usbd_desc_register)
    usbd_ep_clear_stall                      0x08006029   Thumb Code   106  usb_dc_dwc2.o(.text.usbd_ep_clear_stall)
    usbd_ep_close                            0x08006099   Thumb Code   222  usb_dc_dwc2.o(.text.usbd_ep_close)
    usbd_ep_open                             0x08006179   Thumb Code   276  usb_dc_dwc2.o(.text.usbd_ep_open)
    usbd_ep_set_stall                        0x080062a9   Thumb Code    82  usb_dc_dwc2.o(.text.usbd_ep_set_stall)
    usbd_ep_start_read                       0x08006301   Thumb Code   268  usb_dc_dwc2.o(.text.usbd_ep_start_read)
    usbd_ep_start_write                      0x08006411   Thumb Code   306  usb_dc_dwc2.o(.text.usbd_ep_start_write)
    usbd_event_ep0_in_complete_handler       0x08006549   Thumb Code   104  usbd_core.o(.text.usbd_event_ep0_in_complete_handler)
    usbd_event_ep0_out_complete_handler      0x080065b1   Thumb Code   106  usbd_core.o(.text.usbd_event_ep0_out_complete_handler)
    usbd_event_ep0_setup_complete_handler    0x08006621   Thumb Code   270  usbd_core.o(.text.usbd_event_ep0_setup_complete_handler)
    usbd_event_ep_in_complete_handler        0x08006731   Thumb Code    44  usbd_core.o(.text.usbd_event_ep_in_complete_handler)
    usbd_event_ep_out_complete_handler       0x08006761   Thumb Code    44  usbd_core.o(.text.usbd_event_ep_out_complete_handler)
    usbd_event_reset_handler                 0x080067c1   Thumb Code   148  usbd_core.o(.text.usbd_event_reset_handler)
    usbd_get_dwc2_gccfg_conf                 0x08006859   Thumb Code    24  usb_glue_st.o(.text.usbd_get_dwc2_gccfg_conf)
    usbd_initialize                          0x08006871   Thumb Code   156  usbd_core.o(.text.usbd_initialize)
    usbd_set_address                         0x08006921   Thumb Code    42  usb_dc_dwc2.o(.text.usbd_set_address)
    write                                    0x08007439   Thumb Code   536  bl_flash.o(.text.write)
    write_word                               0x08007651   Thumb Code   150  bl_flash.o(.text.write_word)
    _btod_d2e                                0x080076e7   Thumb Code    62  btod.o(CL$$btod_d2e)
    _d2e_denorm_low                          0x08007725   Thumb Code    70  btod.o(CL$$btod_d2e_denorm_low)
    _d2e_norm_op1                            0x0800776b   Thumb Code    96  btod.o(CL$$btod_d2e_norm_op1)
    __btod_div_common                        0x080077cd   Thumb Code   696  btod.o(CL$$btod_div_common)
    _e2e                                     0x08007b05   Thumb Code   220  btod.o(CL$$btod_e2e)
    _btod_ediv                               0x08007be1   Thumb Code    42  btod.o(CL$$btod_ediv)
    _btod_emul                               0x08007c0b   Thumb Code    42  btod.o(CL$$btod_emul)
    __btod_mult_common                       0x08007c35   Thumb Code   580  btod.o(CL$$btod_mult_common)
    __ARM_fpclassify                         0x08007e79   Thumb Code    48  fpclassify.o(i.__ARM_fpclassify)
    _is_digit                                0x08007ea9   Thumb Code    14  __printf_wp.o(i._is_digit)
    _get_lc_numeric                          0x08007eb9   Thumb Code    44  lc_numeric_c.o(locale$$code)
    _get_lc_ctype                            0x08007ee5   Thumb Code    44  lc_ctype_c.o(locale$$code)
    _fp_init                                 0x08007f11   Thumb Code    26  fpinit.o(x$fpl$fpinit)
    __fplib_config_fpu_vfp                   0x08007f29   Thumb Code     0  fpinit.o(x$fpl$fpinit)
    __fplib_config_pureend_doubles           0x08007f29   Thumb Code     0  fpinit.o(x$fpl$fpinit)
    _printf_fp_dec                           0x08007f2b   Thumb Code     4  printf1.o(x$fpl$printf1)
    _printf_fp_hex                           0x08007f2f   Thumb Code     4  printf2.o(x$fpl$printf2)
    __I$use$fp                               0x08007f32   Number         0  usenofp.o(x$fpl$usenofp)
    D1CorePrescTable                         0x0800803c   Data          16  system_stm32h7xx.o(.rodata.D1CorePrescTable)
    UARTPrescTable                           0x0800804c   Data          24  stm32h7xx_hal_uart.o(.rodata.UARTPrescTable)
    Region$$Table$$Base                      0x08008574   Number         0  anon$$obj.o(Region$$Table)
    Region$$Table$$Limit                     0x080085a4   Number         0  anon$$obj.o(Region$$Table)
    __ctype                                  0x080085cd   Data           0  lc_ctype_c.o(locale$$data)
    SystemCoreClock                          0x20000000   Data           4  system_stm32h7xx.o(.data.SystemCoreClock)
    SystemD2Clock                            0x20000004   Data           4  system_stm32h7xx.o(.data.SystemD2Clock)
    board_info                               0x2000000c   Data          16  bl.o(.data.board_info)
    cdc_in_ep                                0x2000001c   Data           8  cdc_acm_template.o(.data.cdc_in_ep)
    cdc_out_ep                               0x20000024   Data           8  cdc_acm_template.o(.data.cdc_out_ep)
    uwTickFreq                               0x2000002c   Data           1  stm32h7xx_hal.o(.data.uwTickFreq)
    uwTickPrio                               0x20000030   Data           4  stm32h7xx_hal.o(.data.uwTickPrio)
    g_usbd_core                              0x20000034   Data         436  usbd_core.o(.noncacheable)
    g_dwc2_udc                               0x20000200   Data         160  usb_dc_dwc2.o(.noncacheable)
    read_buffer                              0x200002a0   Data        2048  cdc_acm_template.o(.noncacheable)
    write_buffer                             0x20000aa0   Data        2048  cdc_acm_template.o(.noncacheable)
    __libspace_start                         0x200012e0   Data          96  libspace.o(.bss)
    __temporary_stack_top$libspace           0x20001340   Data           0  libspace.o(.bss)
    dtr_enable                               0x20001848   Data           1  cdc_acm_template.o(.bss.dtr_enable)
    ep_tx_busy_flag                          0x20001849   Data           1  cdc_acm_template.o(.bss.ep_tx_busy_flag)
    g_usbdev_bus                             0x20001850   Data           8  usbd_core.o(.bss.g_usbdev_bus)
    huart1                                   0x20001858   Data         140  bl_board.o(.bss.huart1)
    read_bytes                               0x2000191c   Data           4  cdc_acm_template.o(.bss.read_bytes)
    read_idx                                 0x20001920   Data           4  cdc_acm_template.o(.bss.read_idx)
    uwTick                                   0x20001924   Data           4  stm32h7xx_hal.o(.bss.uwTick)
    tmp_value_1                              0x24000000   Data           2  main.o(.RAM_D1)



==============================================================================

Memory Map of the image

  Image Entry point : 0x08000299

  Load Region LR_IROM1 (Base: 0x08000000, Size: 0x000099c4, Max: 0x00200000, ABSOLUTE, COMPRESSED[0x0000872c])

    Execution Region ER_IROM1 (Exec base: 0x08000000, Load base: 0x08000000, Size: 0x000086d0, Max: 0x00200000, ABSOLUTE)

    Exec Addr    Load Addr    Size         Type   Attr      Idx    E Section Name        Object

    0x08000000   0x08000000   0x00000298   Data   RO         2225    RESET               startup_stm32h743xx.o
    0x08000298   0x08000298   0x00000008   Code   RO         2765  * !!!main             c_w.l(__main.o)
    0x080002a0   0x080002a0   0x00000034   Code   RO         3118    !!!scatter          c_w.l(__scatter.o)
    0x080002d4   0x080002d4   0x0000003a   Code   RO         3116    !!dczerorl          c_w.l(__dczerorl.o)
    0x0800030e   0x0800030e   0x00000002   PAD
    0x08000310   0x08000310   0x0000001a   Code   RO         3120    !!handler_copy      c_w.l(__scatter_copy.o)
    0x0800032a   0x0800032a   0x00000002   PAD
    0x0800032c   0x0800032c   0x0000001c   Code   RO         3122    !!handler_zi        c_w.l(__scatter_zi.o)
    0x08000348   0x08000348   0x00000000   Code   RO         2853    .ARM.Collect$$_printf_percent$$00000000  c_w.l(_printf_percent.o)
    0x08000348   0x08000348   0x00000006   Code   RO         2842    .ARM.Collect$$_printf_percent$$00000001  c_w.l(_printf_n.o)
    0x0800034e   0x0800034e   0x00000006   Code   RO         2844    .ARM.Collect$$_printf_percent$$00000002  c_w.l(_printf_p.o)
    0x08000354   0x08000354   0x00000006   Code   RO         2849    .ARM.Collect$$_printf_percent$$00000003  c_w.l(_printf_f.o)
    0x0800035a   0x0800035a   0x00000006   Code   RO         2850    .ARM.Collect$$_printf_percent$$00000004  c_w.l(_printf_e.o)
    0x08000360   0x08000360   0x00000006   Code   RO         2851    .ARM.Collect$$_printf_percent$$00000005  c_w.l(_printf_g.o)
    0x08000366   0x08000366   0x00000006   Code   RO         2852    .ARM.Collect$$_printf_percent$$00000006  c_w.l(_printf_a.o)
    0x0800036c   0x0800036c   0x0000000a   Code   RO         2857    .ARM.Collect$$_printf_percent$$00000007  c_w.l(_printf_ll.o)
    0x08000376   0x08000376   0x00000006   Code   RO         2846    .ARM.Collect$$_printf_percent$$00000008  c_w.l(_printf_i.o)
    0x0800037c   0x0800037c   0x00000006   Code   RO         2847    .ARM.Collect$$_printf_percent$$00000009  c_w.l(_printf_d.o)
    0x08000382   0x08000382   0x00000006   Code   RO         2848    .ARM.Collect$$_printf_percent$$0000000A  c_w.l(_printf_u.o)
    0x08000388   0x08000388   0x00000006   Code   RO         2845    .ARM.Collect$$_printf_percent$$0000000B  c_w.l(_printf_o.o)
    0x0800038e   0x0800038e   0x00000006   Code   RO         2843    .ARM.Collect$$_printf_percent$$0000000C  c_w.l(_printf_x.o)
    0x08000394   0x08000394   0x00000006   Code   RO         2854    .ARM.Collect$$_printf_percent$$0000000D  c_w.l(_printf_lli.o)
    0x0800039a   0x0800039a   0x00000006   Code   RO         2855    .ARM.Collect$$_printf_percent$$0000000E  c_w.l(_printf_lld.o)
    0x080003a0   0x080003a0   0x00000006   Code   RO         2856    .ARM.Collect$$_printf_percent$$0000000F  c_w.l(_printf_llu.o)
    0x080003a6   0x080003a6   0x00000006   Code   RO         2861    .ARM.Collect$$_printf_percent$$00000010  c_w.l(_printf_llo.o)
    0x080003ac   0x080003ac   0x00000006   Code   RO         2862    .ARM.Collect$$_printf_percent$$00000011  c_w.l(_printf_llx.o)
    0x080003b2   0x080003b2   0x0000000a   Code   RO         2858    .ARM.Collect$$_printf_percent$$00000012  c_w.l(_printf_l.o)
    0x080003bc   0x080003bc   0x00000006   Code   RO         2840    .ARM.Collect$$_printf_percent$$00000013  c_w.l(_printf_c.o)
    0x080003c2   0x080003c2   0x00000006   Code   RO         2841    .ARM.Collect$$_printf_percent$$00000014  c_w.l(_printf_s.o)
    0x080003c8   0x080003c8   0x00000006   Code   RO         2859    .ARM.Collect$$_printf_percent$$00000015  c_w.l(_printf_lc.o)
    0x080003ce   0x080003ce   0x00000006   Code   RO         2860    .ARM.Collect$$_printf_percent$$00000016  c_w.l(_printf_ls.o)
    0x080003d4   0x080003d4   0x00000004   Code   RO         2909    .ARM.Collect$$_printf_percent$$00000017  c_w.l(_printf_percent_end.o)
    0x080003d8   0x080003d8   0x00000002   Code   RO         2964    .ARM.Collect$$libinit$$00000000  c_w.l(libinit.o)
    0x080003da   0x080003da   0x00000004   Code   RO         2988    .ARM.Collect$$libinit$$00000001  c_w.l(libinit2.o)
    0x080003de   0x080003de   0x00000000   Code   RO         2991    .ARM.Collect$$libinit$$00000004  c_w.l(libinit2.o)
    0x080003de   0x080003de   0x00000000   Code   RO         2993    .ARM.Collect$$libinit$$00000006  c_w.l(libinit2.o)
    0x080003de   0x080003de   0x00000000   Code   RO         2996    .ARM.Collect$$libinit$$0000000C  c_w.l(libinit2.o)
    0x080003de   0x080003de   0x00000000   Code   RO         2998    .ARM.Collect$$libinit$$0000000E  c_w.l(libinit2.o)
    0x080003de   0x080003de   0x00000000   Code   RO         3000    .ARM.Collect$$libinit$$00000010  c_w.l(libinit2.o)
    0x080003de   0x080003de   0x00000006   Code   RO         3001    .ARM.Collect$$libinit$$00000011  c_w.l(libinit2.o)
    0x080003e4   0x080003e4   0x00000000   Code   RO         3003    .ARM.Collect$$libinit$$00000013  c_w.l(libinit2.o)
    0x080003e4   0x080003e4   0x0000000c   Code   RO         3004    .ARM.Collect$$libinit$$00000014  c_w.l(libinit2.o)
    0x080003f0   0x080003f0   0x00000000   Code   RO         3005    .ARM.Collect$$libinit$$00000015  c_w.l(libinit2.o)
    0x080003f0   0x080003f0   0x00000000   Code   RO         3007    .ARM.Collect$$libinit$$00000017  c_w.l(libinit2.o)
    0x080003f0   0x080003f0   0x0000000a   Code   RO         3008    .ARM.Collect$$libinit$$00000018  c_w.l(libinit2.o)
    0x080003fa   0x080003fa   0x00000000   Code   RO         3009    .ARM.Collect$$libinit$$00000019  c_w.l(libinit2.o)
    0x080003fa   0x080003fa   0x00000000   Code   RO         3011    .ARM.Collect$$libinit$$0000001B  c_w.l(libinit2.o)
    0x080003fa   0x080003fa   0x00000000   Code   RO         3013    .ARM.Collect$$libinit$$0000001D  c_w.l(libinit2.o)
    0x080003fa   0x080003fa   0x00000000   Code   RO         3015    .ARM.Collect$$libinit$$0000001F  c_w.l(libinit2.o)
    0x080003fa   0x080003fa   0x00000000   Code   RO         3017    .ARM.Collect$$libinit$$00000021  c_w.l(libinit2.o)
    0x080003fa   0x080003fa   0x00000000   Code   RO         3019    .ARM.Collect$$libinit$$00000023  c_w.l(libinit2.o)
    0x080003fa   0x080003fa   0x00000000   Code   RO         3021    .ARM.Collect$$libinit$$00000025  c_w.l(libinit2.o)
    0x080003fa   0x080003fa   0x00000000   Code   RO         3023    .ARM.Collect$$libinit$$00000027  c_w.l(libinit2.o)
    0x080003fa   0x080003fa   0x00000000   Code   RO         3027    .ARM.Collect$$libinit$$0000002E  c_w.l(libinit2.o)
    0x080003fa   0x080003fa   0x00000000   Code   RO         3029    .ARM.Collect$$libinit$$00000030  c_w.l(libinit2.o)
    0x080003fa   0x080003fa   0x00000000   Code   RO         3031    .ARM.Collect$$libinit$$00000032  c_w.l(libinit2.o)
    0x080003fa   0x080003fa   0x00000000   Code   RO         3033    .ARM.Collect$$libinit$$00000034  c_w.l(libinit2.o)
    0x080003fa   0x080003fa   0x00000002   Code   RO         3034    .ARM.Collect$$libinit$$00000035  c_w.l(libinit2.o)
    0x080003fc   0x080003fc   0x00000002   Code   RO         3071    .ARM.Collect$$libshutdown$$00000000  c_w.l(libshutdown.o)
    0x080003fe   0x080003fe   0x00000000   Code   RO         3099    .ARM.Collect$$libshutdown$$00000002  c_w.l(libshutdown2.o)
    0x080003fe   0x080003fe   0x00000000   Code   RO         3101    .ARM.Collect$$libshutdown$$00000004  c_w.l(libshutdown2.o)
    0x080003fe   0x080003fe   0x00000000   Code   RO         3104    .ARM.Collect$$libshutdown$$00000007  c_w.l(libshutdown2.o)
    0x080003fe   0x080003fe   0x00000000   Code   RO         3107    .ARM.Collect$$libshutdown$$0000000A  c_w.l(libshutdown2.o)
    0x080003fe   0x080003fe   0x00000000   Code   RO         3109    .ARM.Collect$$libshutdown$$0000000C  c_w.l(libshutdown2.o)
    0x080003fe   0x080003fe   0x00000000   Code   RO         3112    .ARM.Collect$$libshutdown$$0000000F  c_w.l(libshutdown2.o)
    0x080003fe   0x080003fe   0x00000002   Code   RO         3113    .ARM.Collect$$libshutdown$$00000010  c_w.l(libshutdown2.o)
    0x08000400   0x08000400   0x00000000   Code   RO         2767    .ARM.Collect$$rtentry$$00000000  c_w.l(__rtentry.o)
    0x08000400   0x08000400   0x00000000   Code   RO         2876    .ARM.Collect$$rtentry$$00000002  c_w.l(__rtentry2.o)
    0x08000400   0x08000400   0x00000006   Code   RO         2888    .ARM.Collect$$rtentry$$00000004  c_w.l(__rtentry4.o)
    0x08000406   0x08000406   0x00000000   Code   RO         2878    .ARM.Collect$$rtentry$$00000009  c_w.l(__rtentry2.o)
    0x08000406   0x08000406   0x00000004   Code   RO         2879    .ARM.Collect$$rtentry$$0000000A  c_w.l(__rtentry2.o)
    0x0800040a   0x0800040a   0x00000000   Code   RO         2881    .ARM.Collect$$rtentry$$0000000C  c_w.l(__rtentry2.o)
    0x0800040a   0x0800040a   0x00000008   Code   RO         2882    .ARM.Collect$$rtentry$$0000000D  c_w.l(__rtentry2.o)
    0x08000412   0x08000412   0x00000002   Code   RO         2973    .ARM.Collect$$rtexit$$00000000  c_w.l(rtexit.o)
    0x08000414   0x08000414   0x00000000   Code   RO         3040    .ARM.Collect$$rtexit$$00000002  c_w.l(rtexit2.o)
    0x08000414   0x08000414   0x00000004   Code   RO         3041    .ARM.Collect$$rtexit$$00000003  c_w.l(rtexit2.o)
    0x08000418   0x08000418   0x00000006   Code   RO         3042    .ARM.Collect$$rtexit$$00000004  c_w.l(rtexit2.o)
    0x0800041e   0x0800041e   0x00000002   PAD
    0x08000420   0x08000420   0x00000048   Code   RO         2226    .text               startup_stm32h743xx.o
    0x08000468   0x08000468   0x000000f0   Code   RO         2751    .text               c_w.l(lludivv7m.o)
    0x08000558   0x08000558   0x0000003c   Code   RO         2753    .text               c_w.l(vsnprintf.o)
    0x08000594   0x08000594   0x0000003e   Code   RO         2755    .text               c_w.l(strlen.o)
    0x080005d2   0x080005d2   0x0000008a   Code   RO         2757    .text               c_w.l(rt_memcpy_v6.o)
    0x0800065c   0x0800065c   0x00000010   Code   RO         2759    .text               c_w.l(aeabi_memset.o)
    0x0800066c   0x0800066c   0x0000004e   Code   RO         2761    .text               c_w.l(rt_memclr_w.o)
    0x080006ba   0x080006ba   0x00000006   Code   RO         2763    .text               c_w.l(heapauxi.o)
    0x080006c0   0x080006c0   0x0000004e   Code   RO         2774    .text               c_w.l(_printf_pad.o)
    0x0800070e   0x0800070e   0x00000024   Code   RO         2776    .text               c_w.l(_printf_truncate.o)
    0x08000732   0x08000732   0x00000052   Code   RO         2778    .text               c_w.l(_printf_str.o)
    0x08000784   0x08000784   0x00000078   Code   RO         2780    .text               c_w.l(_printf_dec.o)
    0x080007fc   0x080007fc   0x00000028   Code   RO         2782    .text               c_w.l(_printf_charcount.o)
    0x08000824   0x08000824   0x00000030   Code   RO         2784    .text               c_w.l(_printf_char_common.o)
    0x08000854   0x08000854   0x00000010   Code   RO         2786    .text               c_w.l(_snputc.o)
    0x08000864   0x08000864   0x000000bc   Code   RO         2788    .text               c_w.l(_printf_wctomb.o)
    0x08000920   0x08000920   0x0000007c   Code   RO         2791    .text               c_w.l(_printf_longlong_dec.o)
    0x0800099c   0x0800099c   0x00000070   Code   RO         2797    .text               c_w.l(_printf_oct_int_ll.o)
    0x08000a0c   0x08000a0c   0x00000094   Code   RO         2817    .text               c_w.l(_printf_hex_int_ll_ptr.o)
    0x08000aa0   0x08000aa0   0x00000188   Code   RO         2837    .text               c_w.l(__printf_flags_ss_wp.o)
    0x08000c28   0x08000c28   0x00000064   Code   RO         2863    .text               c_w.l(rt_memcpy_w.o)
    0x08000c8c   0x08000c8c   0x00000044   Code   RO         2865    .text               c_w.l(rt_memclr.o)
    0x08000cd0   0x08000cd0   0x0000008a   Code   RO         2892    .text               c_w.l(lludiv10.o)
    0x08000d5a   0x08000d5a   0x000000b2   Code   RO         2894    .text               c_w.l(_printf_intcommon.o)
    0x08000e0c   0x08000e0c   0x0000041c   Code   RO         2896    .text               c_w.l(_printf_fp_dec.o)
    0x08001228   0x08001228   0x000002fc   Code   RO         2900    .text               c_w.l(_printf_fp_hex.o)
    0x08001524   0x08001524   0x0000002c   Code   RO         2905    .text               c_w.l(_printf_char.o)
    0x08001550   0x08001550   0x0000002c   Code   RO         2907    .text               c_w.l(_printf_wchar.o)
    0x0800157c   0x0800157c   0x00000048   Code   RO         2910    .text               c_w.l(_c16rtomb.o)
    0x080015c4   0x080015c4   0x0000004a   Code   RO         2912    .text               c_w.l(sys_stackheap_outer.o)
    0x0800160e   0x0800160e   0x00000002   PAD
    0x08001610   0x08001610   0x00000010   Code   RO         2914    .text               c_w.l(rt_ctype_table.o)
    0x08001620   0x08001620   0x00000008   Code   RO         2919    .text               c_w.l(rt_locale_intlibspace.o)
    0x08001628   0x08001628   0x00000080   Code   RO         2921    .text               c_w.l(_printf_fp_infnan.o)
    0x080016a8   0x080016a8   0x000000e4   Code   RO         2923    .text               c_w.l(bigflt0.o)
    0x0800178c   0x0800178c   0x00000012   Code   RO         2953    .text               c_w.l(exit.o)
    0x0800179e   0x0800179e   0x00000002   PAD
    0x080017a0   0x080017a0   0x00000008   Code   RO         2970    .text               c_w.l(libspace.o)
    0x080017a8   0x080017a8   0x0000007c   Code   RO         2986    .text               c_w.l(strcmpv7m_pel.o)
    0x08001824   0x08001824   0x0000000c   Code   RO         3035    .text               c_w.l(sys_exit.o)
    0x08001830   0x08001830   0x00000002   Code   RO         3060    .text               c_w.l(use_no_semi.o)
    0x08001832   0x08001832   0x00000000   Code   RO         3062    .text               c_w.l(indicate_semi.o)
    0x08001832   0x08001832   0x00000006   PAD
    0x08001838   0x08001838   0x00000002   Code   RO         2732    .text.BusFault_Handler  main.o
    0x0800183a   0x0800183a   0x00000006   PAD
    0x08001840   0x08001840   0x0000004e   Code   RO         2638    .text.HAL_Delay     bl_kernel.o
    0x0800188e   0x0800188e   0x00000002   PAD
    0x08001890   0x08001890   0x00000112   Code   RO          662    .text.HAL_GPIO_DeInit  stm32h7xx_hal_gpio.o
    0x080019a2   0x080019a2   0x00000006   PAD
    0x080019a8   0x080019a8   0x000001ae   Code   RO          660    .text.HAL_GPIO_Init  stm32h7xx_hal_gpio.o
    0x08001b56   0x08001b56   0x00000002   PAD
    0x08001b58   0x08001b58   0x0000000e   Code   RO           30    .text.HAL_GetREVID  stm32h7xx_hal.o
    0x08001b66   0x08001b66   0x00000002   PAD
    0x08001b68   0x08001b68   0x0000000c   Code   RO           14    .text.HAL_GetTick   stm32h7xx_hal.o
    0x08001b74   0x08001b74   0x00000004   PAD
    0x08001b78   0x08001b78   0x0000001a   Code   RO           12    .text.HAL_IncTick   stm32h7xx_hal.o
    0x08001b92   0x08001b92   0x00000006   PAD
    0x08001b98   0x08001b98   0x00000064   Code   RO            2    .text.HAL_Init      stm32h7xx_hal.o
    0x08001bfc   0x08001bfc   0x00000004   PAD
    0x08001c00   0x08001c00   0x00000054   Code   RO            4    .text.HAL_InitTick  stm32h7xx_hal.o
    0x08001c54   0x08001c54   0x00000004   PAD
    0x08001c58   0x08001c58   0x00000020   Code   RO         2682    .text.HAL_MspInit   bl_board.o
    0x08001c78   0x08001c78   0x00000020   Code   RO          255    .text.HAL_NVIC_EnableIRQ  stm32h7xx_hal_cortex.o
    0x08001c98   0x08001c98   0x0000005e   Code   RO          253    .text.HAL_NVIC_SetPriority  stm32h7xx_hal_cortex.o
    0x08001cf6   0x08001cf6   0x00000002   PAD
    0x08001cf8   0x08001cf8   0x00000020   Code   RO          251    .text.HAL_NVIC_SetPriorityGrouping  stm32h7xx_hal_cortex.o
    0x08001d18   0x08001d18   0x00000048   Code   RO          983    .text.HAL_PWREx_ConfigSupply  stm32h7xx_hal_pwr_ex.o
    0x08001d60   0x08001d60   0x00000012   Code   RO         1037    .text.HAL_PWREx_EnableUSBVoltageDetector  stm32h7xx_hal_pwr_ex.o
    0x08001d72   0x08001d72   0x00000006   PAD
    0x08001d78   0x08001d78   0x00000026   Code   RO         1205    .text.HAL_RCCEx_GetD3PCLK1Freq  stm32h7xx_hal_rcc_ex.o
    0x08001d9e   0x08001d9e   0x00000002   PAD
    0x08001da0   0x08001da0   0x00000124   Code   RO         1201    .text.HAL_RCCEx_GetPLL2ClockFreq  stm32h7xx_hal_rcc_ex.o
    0x08001ec4   0x08001ec4   0x00000004   PAD
    0x08001ec8   0x08001ec8   0x00000124   Code   RO         1203    .text.HAL_RCCEx_GetPLL3ClockFreq  stm32h7xx_hal_rcc_ex.o
    0x08001fec   0x08001fec   0x00000004   PAD
    0x08001ff0   0x08001ff0   0x00000946   Code   RO         1189    .text.HAL_RCCEx_PeriphCLKConfig  stm32h7xx_hal_rcc_ex.o
    0x08002936   0x08002936   0x00000002   PAD
    0x08002938   0x08002938   0x00000254   Code   RO         1157    .text.HAL_RCC_ClockConfig  stm32h7xx_hal_rcc.o
    0x08002b8c   0x08002b8c   0x00000004   PAD
    0x08002b90   0x08002b90   0x000001be   Code   RO         1153    .text.HAL_RCC_DeInit  stm32h7xx_hal_rcc.o
    0x08002d4e   0x08002d4e   0x00000002   PAD
    0x08002d50   0x08002d50   0x0000004c   Code   RO         1167    .text.HAL_RCC_GetHCLKFreq  stm32h7xx_hal_rcc.o
    0x08002d9c   0x08002d9c   0x00000004   PAD
    0x08002da0   0x08002da0   0x00000060   Code   RO         1169    .text.HAL_RCC_GetPCLK1Freq  stm32h7xx_hal_rcc.o
    0x08002e00   0x08002e00   0x00000060   Code   RO         1171    .text.HAL_RCC_GetPCLK2Freq  stm32h7xx_hal_rcc.o
    0x08002e60   0x08002e60   0x00000108   Code   RO         1159    .text.HAL_RCC_GetSysClockFreq  stm32h7xx_hal_rcc.o
    0x08002f68   0x08002f68   0x000005f8   Code   RO         1155    .text.HAL_RCC_OscConfig  stm32h7xx_hal_rcc.o
    0x08003560   0x08003560   0x0000002c   Code   RO          263    .text.HAL_SYSTICK_Config  stm32h7xx_hal_cortex.o
    0x0800358c   0x0800358c   0x00000004   PAD
    0x08003590   0x08003590   0x00000036   Code   RO         1943    .text.HAL_UARTEx_DisableFifoMode  stm32h7xx_hal_uart_ex.o
    0x080035c6   0x080035c6   0x00000002   PAD
    0x080035c8   0x080035c8   0x00000092   Code   RO         1947    .text.HAL_UARTEx_SetRxFifoThreshold  stm32h7xx_hal_uart_ex.o
    0x0800365a   0x0800365a   0x00000006   PAD
    0x08003660   0x08003660   0x00000092   Code   RO         1945    .text.HAL_UARTEx_SetTxFifoThreshold  stm32h7xx_hal_uart_ex.o
    0x080036f2   0x080036f2   0x00000006   PAD
    0x080036f8   0x080036f8   0x0000003c   Code   RO         1802    .text.HAL_UART_DeInit  stm32h7xx_hal_uart.o
    0x08003734   0x08003734   0x00000004   PAD
    0x08003738   0x08003738   0x00000062   Code   RO         1786    .text.HAL_UART_Init  stm32h7xx_hal_uart.o
    0x0800379a   0x0800379a   0x00000006   PAD
    0x080037a0   0x080037a0   0x00000032   Code   RO         2686    .text.HAL_UART_MspDeInit  bl_board.o
    0x080037d2   0x080037d2   0x00000006   PAD
    0x080037d8   0x080037d8   0x00000092   Code   RO         2684    .text.HAL_UART_MspInit  bl_board.o
    0x0800386a   0x0800386a   0x00000006   PAD
    0x08003870   0x08003870   0x000000da   Code   RO         1806    .text.HAL_UART_Transmit  stm32h7xx_hal_uart.o
    0x0800394a   0x0800394a   0x00000006   PAD
    0x08003950   0x08003950   0x00000002   Code   RO         2736    .text.HardFault_Handler  main.o
    0x08003952   0x08003952   0x00000006   PAD
    0x08003958   0x08003958   0x00000002   Code   RO         2726    .text.LoadFirmware  main.o
    0x0800395a   0x0800395a   0x00000006   PAD
    0x08003960   0x08003960   0x00000002   Code   RO         2730    .text.MemManage_Handler  main.o
    0x08003962   0x08003962   0x00000006   PAD
    0x08003968   0x08003968   0x00000002   Code   RO         2728    .text.NMI_Handler   main.o
    0x0800396a   0x0800396a   0x00000006   PAD
    0x08003970   0x08003970   0x0000000a   Code   RO         2603    .text.OTG_FS_IRQHandler  cherryusb_interface.o
    0x0800397a   0x0800397a   0x00000006   PAD
    0x08003980   0x08003980   0x0000011e   Code   RO         1191    .text.RCCEx_PLL2_Config  stm32h7xx_hal_rcc_ex.o
    0x08003a9e   0x08003a9e   0x00000002   PAD
    0x08003aa0   0x08003aa0   0x0000011e   Code   RO         1193    .text.RCCEx_PLL3_Config  stm32h7xx_hal_rcc_ex.o
    0x08003bbe   0x08003bbe   0x00000002   PAD
    0x08003bc0   0x08003bc0   0x00000008   Code   RO         2636    .text.SysTick_Handler  bl_kernel.o
    0x08003bc8   0x08003bc8   0x0000008a   Code   RO         2209    .text.SystemInit    system_stm32h7xx.o
    0x08003c52   0x08003c52   0x00000006   PAD
    0x08003c58   0x08003c58   0x000000e0   Code   RO         1792    .text.UART_AdvFeatureConfig  stm32h7xx_hal_uart.o
    0x08003d38   0x08003d38   0x00000108   Code   RO         1794    .text.UART_CheckIdleState  stm32h7xx_hal_uart.o
    0x08003e40   0x08003e40   0x000004a4   Code   RO         1790    .text.UART_SetConfig  stm32h7xx_hal_uart.o
    0x080042e4   0x080042e4   0x00000004   PAD
    0x080042e8   0x080042e8   0x000000bc   Code   RO         1808    .text.UART_WaitOnFlagUntilTimeout  stm32h7xx_hal_uart.o
    0x080043a4   0x080043a4   0x00000004   PAD
    0x080043a8   0x080043a8   0x0000072a   Code   RO         2540    .text.USBD_IRQHandler  usb_dc_dwc2.o
    0x08004ad2   0x08004ad2   0x00000006   PAD
    0x08004ad8   0x08004ad8   0x00000002   Code   RO         2734    .text.UsageFault_Handler  main.o
    0x08004ada   0x08004ada   0x00000006   PAD
    0x08004ae0   0x08004ae0   0x0000002a   Code   RO         2648    .text.arch_flash_lock  bl_flash.o
    0x08004b0a   0x08004b0a   0x00000006   PAD
    0x08004b10   0x08004b10   0x0000000c   Code   RO         2701    .text.bl_get_state  bl.o
    0x08004b1c   0x08004b1c   0x00000004   PAD
    0x08004b20   0x08004b20   0x00000010   Code   RO         2680    .text.board_usart_deinit  bl_board.o
    0x08004b30   0x08004b30   0x0000008a   Code   RO         2678    .text.board_usart_init  bl_board.o
    0x08004bba   0x08004bba   0x00000006   PAD
    0x08004bc0   0x08004bc0   0x00000784   Code   RO         2703    .text.bootloader    bl.o
    0x08005344   0x08005344   0x00000004   PAD
    0x08005348   0x08005348   0x00000020   Code   RO         2699    .text.bt_init       bl.o
    0x08005368   0x08005368   0x000000e8   Code   RO         2487    .text.cdc_acm_class_interface_request_handler  usbd_cdc.o
    0x08005450   0x08005450   0x0000009e   Code   RO         2568    .text.cdc_acm_init  cdc_acm_template.o
    0x080054ee   0x080054ee   0x00000002   PAD
    0x080054f0   0x080054f0   0x0000004a   Code   RO         2634    .text.delay_us      bl_kernel.o
    0x0800553a   0x0800553a   0x00000006   PAD
    0x08005540   0x08005540   0x000000e6   Code   RO         2654    .text.erase_sector  bl_flash.o
    0x08005626   0x08005626   0x00000002   PAD
    0x08005628   0x08005628   0x000000b8   Code   RO         2652    .text.get_flash_sector  bl_flash.o
    0x080056e0   0x080056e0   0x00000008   Code   RO         2612    .text.get_tick      bl_kernel.o
    0x080056e8   0x080056e8   0x000000d0   Code   RO         2697    .text.jump_to_app   bl.o
    0x080057b8   0x080057b8   0x000000b6   Code   RO         2630    .text.kernelClock_config  bl_kernel.o
    0x0800586e   0x0800586e   0x00000002   PAD
    0x08005870   0x08005870   0x00000068   Code   RO         2738    .text.main          main.o
    0x080058d8   0x080058d8   0x00000042   Code   RO         2676    .text.mprint        bl_board.o
    0x0800591a   0x0800591a   0x00000006   PAD
    0x08005920   0x08005920   0x00000016   Code   RO         2664    .text.read          bl_flash.o
    0x08005936   0x08005936   0x00000002   PAD
    0x08005938   0x08005938   0x00000004   Code   RO         2658    .text.read_word     bl_flash.o
    0x0800593c   0x0800593c   0x00000004   PAD
    0x08005940   0x08005940   0x0000000c   Code   RO         2622    .text.start_up      bl_kernel.o
    0x0800594c   0x0800594c   0x00000004   PAD
    0x08005950   0x08005950   0x00000064   Code   RO         2580    .text.usb_cin_wait  cdc_acm_template.o
    0x080059b4   0x080059b4   0x00000004   PAD
    0x080059b8   0x080059b8   0x00000020   Code   RO         2576    .text.usb_cout      cdc_acm_template.o
    0x080059d8   0x080059d8   0x00000458   Code   RO         2518    .text.usb_dc_init   usb_dc_dwc2.o
    0x08005e30   0x08005e30   0x00000090   Code   RO         2601    .text.usb_dc_low_level_init  cherryusb_interface.o
    0x08005ec0   0x08005ec0   0x0000003a   Code   RO         2466    .text.usbd_add_endpoint  usbd_core.o
    0x08005efa   0x08005efa   0x00000006   PAD
    0x08005f00   0x08005f00   0x00000026   Code   RO         2464    .text.usbd_add_interface  usbd_core.o
    0x08005f26   0x08005f26   0x00000002   PAD
    0x08005f28   0x08005f28   0x00000024   Code   RO         2566    .text.usbd_cdc_acm_bulk_in  cdc_acm_template.o
    0x08005f4c   0x08005f4c   0x00000004   PAD
    0x08005f50   0x08005f50   0x0000002e   Code   RO         2564    .text.usbd_cdc_acm_bulk_out  cdc_acm_template.o
    0x08005f7e   0x08005f7e   0x00000002   PAD
    0x08005f80   0x08005f80   0x00000014   Code   RO         2491    .text.usbd_cdc_acm_get_line_coding  usbd_cdc.o
    0x08005f94   0x08005f94   0x00000004   PAD
    0x08005f98   0x08005f98   0x00000016   Code   RO         2485    .text.usbd_cdc_acm_init_intf  usbd_cdc.o
    0x08005fae   0x08005fae   0x00000002   PAD
    0x08005fb0   0x08005fb0   0x00000002   Code   RO         2497    .text.usbd_cdc_acm_send_break  usbd_cdc.o
    0x08005fb2   0x08005fb2   0x00000006   PAD
    0x08005fb8   0x08005fb8   0x0000000c   Code   RO         2572    .text.usbd_cdc_acm_set_dtr  cdc_acm_template.o
    0x08005fc4   0x08005fc4   0x00000004   PAD
    0x08005fc8   0x08005fc8   0x00000002   Code   RO         2489    .text.usbd_cdc_acm_set_line_coding  usbd_cdc.o
    0x08005fca   0x08005fca   0x00000006   PAD
    0x08005fd0   0x08005fd0   0x00000002   Code   RO         2495    .text.usbd_cdc_acm_set_rts  usbd_cdc.o
    0x08005fd2   0x08005fd2   0x00000006   PAD
    0x08005fd8   0x08005fd8   0x0000004a   Code   RO         2456    .text.usbd_desc_register  usbd_core.o
    0x08006022   0x08006022   0x00000006   PAD
    0x08006028   0x08006028   0x0000006a   Code   RO         2532    .text.usbd_ep_clear_stall  usb_dc_dwc2.o
    0x08006092   0x08006092   0x00000006   PAD
    0x08006098   0x08006098   0x000000de   Code   RO         2528    .text.usbd_ep_close  usb_dc_dwc2.o
    0x08006176   0x08006176   0x00000002   PAD
    0x08006178   0x08006178   0x0000012c   Code   RO         2526    .text.usbd_ep_open  usb_dc_dwc2.o
    0x080062a4   0x080062a4   0x00000004   PAD
    0x080062a8   0x080062a8   0x00000052   Code   RO         2530    .text.usbd_ep_set_stall  usb_dc_dwc2.o
    0x080062fa   0x080062fa   0x00000006   PAD
    0x08006300   0x08006300   0x0000010c   Code   RO         2538    .text.usbd_ep_start_read  usb_dc_dwc2.o
    0x0800640c   0x0800640c   0x00000004   PAD
    0x08006410   0x08006410   0x00000132   Code   RO         2536    .text.usbd_ep_start_write  usb_dc_dwc2.o
    0x08006542   0x08006542   0x00000006   PAD
    0x08006548   0x08006548   0x00000068   Code   RO         2448    .text.usbd_event_ep0_in_complete_handler  usbd_core.o
    0x080065b0   0x080065b0   0x0000006a   Code   RO         2450    .text.usbd_event_ep0_out_complete_handler  usbd_core.o
    0x0800661a   0x0800661a   0x00000006   PAD
    0x08006620   0x08006620   0x0000010e   Code   RO         2444    .text.usbd_event_ep0_setup_complete_handler  usbd_core.o
    0x0800672e   0x0800672e   0x00000002   PAD
    0x08006730   0x08006730   0x0000002c   Code   RO         2452    .text.usbd_event_ep_in_complete_handler  usbd_core.o
    0x0800675c   0x0800675c   0x00000004   PAD
    0x08006760   0x08006760   0x0000002c   Code   RO         2454    .text.usbd_event_ep_out_complete_handler  usbd_core.o
    0x0800678c   0x0800678c   0x00000004   PAD
    0x08006790   0x08006790   0x0000002c   Code   RO         2570    .text.usbd_event_handler  cdc_acm_template.o
    0x080067bc   0x080067bc   0x00000004   PAD
    0x080067c0   0x080067c0   0x00000094   Code   RO         2442    .text.usbd_event_reset_handler  usbd_core.o
    0x08006854   0x08006854   0x00000004   PAD
    0x08006858   0x08006858   0x00000018   Code   RO         2552    .text.usbd_get_dwc2_gccfg_conf  usb_glue_st.o
    0x08006870   0x08006870   0x000000ac   Code   RO         2470    .text.usbd_initialize  usbd_core.o
    0x0800691c   0x0800691c   0x00000004   PAD
    0x08006920   0x08006920   0x0000002a   Code   RO         2522    .text.usbd_set_address  usb_dc_dwc2.o
    0x0800694a   0x0800694a   0x00000006   PAD
    0x08006950   0x08006950   0x00000a08   Code   RO         2446    .text.usbd_setup_request_handler  usbd_core.o
    0x08007358   0x08007358   0x000000dc   Code   RO         2656    .text.wait_handledone  bl_flash.o
    0x08007434   0x08007434   0x00000004   PAD
    0x08007438   0x08007438   0x00000218   Code   RO         2662    .text.write         bl_flash.o
    0x08007650   0x08007650   0x00000096   Code   RO         2660    .text.write_word    bl_flash.o
    0x080076e6   0x080076e6   0x0000003e   Code   RO         2926    CL$$btod_d2e        c_w.l(btod.o)
    0x08007724   0x08007724   0x00000046   Code   RO         2928    CL$$btod_d2e_denorm_low  c_w.l(btod.o)
    0x0800776a   0x0800776a   0x00000060   Code   RO         2927    CL$$btod_d2e_norm_op1  c_w.l(btod.o)
    0x080077ca   0x080077ca   0x00000002   PAD
    0x080077cc   0x080077cc   0x00000338   Code   RO         2936    CL$$btod_div_common  c_w.l(btod.o)
    0x08007b04   0x08007b04   0x000000dc   Code   RO         2933    CL$$btod_e2e        c_w.l(btod.o)
    0x08007be0   0x08007be0   0x0000002a   Code   RO         2930    CL$$btod_ediv       c_w.l(btod.o)
    0x08007c0a   0x08007c0a   0x0000002a   Code   RO         2929    CL$$btod_emul       c_w.l(btod.o)
    0x08007c34   0x08007c34   0x00000244   Code   RO         2935    CL$$btod_mult_common  c_w.l(btod.o)
    0x08007e78   0x08007e78   0x00000030   Code   RO         2968    i.__ARM_fpclassify  m_wv.l(fpclassify.o)
    0x08007ea8   0x08007ea8   0x0000000e   Code   RO         2830    i._is_digit         c_w.l(__printf_wp.o)
    0x08007eb6   0x08007eb6   0x00000002   PAD
    0x08007eb8   0x08007eb8   0x0000002c   Code   RO         2951    locale$$code        c_w.l(lc_numeric_c.o)
    0x08007ee4   0x08007ee4   0x0000002c   Code   RO         2980    locale$$code        c_w.l(lc_ctype_c.o)
    0x08007f10   0x08007f10   0x0000001a   Code   RO         3054    x$fpl$fpinit        fz_wv.l(fpinit.o)
    0x08007f2a   0x08007f2a   0x00000004   Code   RO         2867    x$fpl$printf1       fz_wv.l(printf1.o)
    0x08007f2e   0x08007f2e   0x00000004   Code   RO         2869    x$fpl$printf2       fz_wv.l(printf2.o)
    0x08007f32   0x08007f32   0x00000000   Code   RO         2967    x$fpl$usenofp       fz_wv.l(usenofp.o)
    0x08007f32   0x08007f32   0x00000002   PAD
    0x08007f34   0x08007f34   0x00000008   Data   RO         2789    .constdata          c_w.l(_printf_wctomb.o)
    0x08007f3c   0x08007f3c   0x00000028   Data   RO         2818    .constdata          c_w.l(_printf_hex_int_ll_ptr.o)
    0x08007f64   0x08007f64   0x00000011   Data   RO         2838    .constdata          c_w.l(__printf_flags_ss_wp.o)
    0x08007f75   0x08007f75   0x00000026   Data   RO         2901    .constdata          c_w.l(_printf_fp_hex.o)
    0x08007f9b   0x08007f9b   0x00000001   PAD
    0x08007f9c   0x08007f9c   0x00000094   Data   RO         2924    .constdata          c_w.l(bigflt0.o)
    0x08008030   0x08008030   0x00000006   Data   RO         1915    .rodata..Lswitch.table.UART_SetConfig.5  stm32h7xx_hal_uart.o
    0x08008036   0x08008036   0x00000006   Data   RO         1916    .rodata..Lswitch.table.UART_SetConfig.7  stm32h7xx_hal_uart.o
    0x0800803c   0x0800803c   0x00000010   Data   RO         2215    .rodata.D1CorePrescTable  system_stm32h7xx.o
    0x0800804c   0x0800804c   0x00000018   Data   RO         1914    .rodata.UARTPrescTable  stm32h7xx_hal_uart.o
    0x08008064   0x08008064   0x00000004   Data   RO         2709    .rodata.bl_proto_rev  bl.o
    0x08008068   0x08008068   0x000000b2   Data   RO         2589    .rodata.cdc_descriptor  cdc_acm_template.o
    0x0800811a   0x0800811a   0x00000010   Data   RO         1949    .rodata.cst8        stm32h7xx_hal_uart_ex.o
    0x0800812a   0x0800812a   0x000001c5   Data   RO         2475    .rodata.str1.1      usbd_core.o
    0x080082ef   0x080082ef   0x0000011b   Data   RO         2543    .rodata.str1.1      usb_dc_dwc2.o
    0x0800840a   0x0800840a   0x00000169   Data   RO         2706    .rodata.str1.1      bl.o
    0x08008573   0x08008573   0x00000001   PAD
    0x08008574   0x08008574   0x00000030   Data   RO         3115    Region$$Table       anon$$obj.o
    0x080085a4   0x080085a4   0x0000001c   Data   RO         2950    locale$$data        c_w.l(lc_numeric_c.o)
    0x080085c0   0x080085c0   0x00000110   Data   RO         2979    locale$$data        c_w.l(lc_ctype_c.o)


    Execution Region RW_IRAM1 (Exec base: 0x20000000, Load base: 0x080086e0, Size: 0x00007f30, Max: 0x00020000, ABSOLUTE, COMPRESSED[0x00000048])

    Exec Addr    Load Addr    Size         Type   Attr      Idx    E Section Name        Object

    0x20000000   COMPRESSED   0x00000004   Data   RW         2213    .data.SystemCoreClock  system_stm32h7xx.o
    0x20000004   COMPRESSED   0x00000004   Data   RW         2214    .data.SystemD2Clock  system_stm32h7xx.o
    0x20000008   COMPRESSED   0x00000004   Data   RW         2710    .data.address       bl.o
    0x2000000c   COMPRESSED   0x00000010   Data   RW         2705    .data.board_info    bl.o
    0x2000001c   COMPRESSED   0x00000008   Data   RW         2587    .data.cdc_in_ep     cdc_acm_template.o
    0x20000024   COMPRESSED   0x00000008   Data   RW         2586    .data.cdc_out_ep    cdc_acm_template.o
    0x2000002c   COMPRESSED   0x00000001   Data   RW          107    .data.uwTickFreq    stm32h7xx_hal.o
    0x2000002d   COMPRESSED   0x00000003   PAD
    0x20000030   COMPRESSED   0x00000004   Data   RW          106    .data.uwTickPrio    stm32h7xx_hal.o
    0x20000034   COMPRESSED   0x000001b4   Data   RW         2474    .noncacheable       usbd_core.o
    0x200001e8   COMPRESSED   0x00000018   PAD
    0x20000200   COMPRESSED   0x000000a0   Data   RW         2542    .noncacheable       usb_dc_dwc2.o
    0x200002a0   COMPRESSED   0x00001000   Data   RW         2585    .noncacheable       cdc_acm_template.o
    0x200012a0   COMPRESSED   0x00000040   Data   RW         2712    .noncacheable       bl.o
    0x200012e0        -       0x00000060   Zero   RW         2971    .bss                c_w.l(libspace.o)
    0x20001340        -       0x00000004   Zero   RW         2707    .bss.bl_state       bl.o
    0x20001344        -       0x00000100   Zero   RW         2708    .bss.bootloader.flash_buffer  bl.o
    0x20001444        -       0x00000004   Zero   RW         2714    .bss.ck_sum         bl.o
    0x20001448        -       0x00000400   Zero   RW         2715    .bss.crc32.crctab   bl.o
    0x20001848        -       0x00000001   Zero   RW         2592    .bss.dtr_enable     cdc_acm_template.o
    0x20001849        -       0x00000001   Zero   RW         2584    .bss.ep_tx_busy_flag  cdc_acm_template.o
    0x2000184a   COMPRESSED   0x00000002   PAD
    0x2000184c        -       0x00000004   Zero   RW         2711    .bss.fw_cal_size    bl.o
    0x20001850        -       0x00000008   Zero   RW         2476    .bss.g_usbdev_bus   usbd_core.o
    0x20001858        -       0x0000008c   Zero   RW         2688    .bss.huart1         bl_board.o
    0x200018e4        -       0x0000001c   Zero   RW         2590    .bss.intf0          cdc_acm_template.o
    0x20001900        -       0x0000001c   Zero   RW         2591    .bss.intf1          cdc_acm_template.o
    0x2000191c        -       0x00000004   Zero   RW         2582    .bss.read_bytes     cdc_acm_template.o
    0x20001920        -       0x00000004   Zero   RW         2583    .bss.read_idx       cdc_acm_template.o
    0x20001924        -       0x00000004   Zero   RW          108    .bss.uwTick         stm32h7xx_hal.o
    0x20001928        -       0x00000001   Zero   RW         2713    .bss.word_n         bl.o
    0x20001929   COMPRESSED   0x00000007   PAD
    0x20001930        -       0x00004200   Zero   RW         2224    HEAP                startup_stm32h743xx.o
    0x20005b30        -       0x00002400   Zero   RW         2223    STACK               startup_stm32h743xx.o


    Execution Region RW_IRAM2 (Exec base: 0x24000000, Load base: 0x08008728, Size: 0x00000004, Max: 0x00080000, ABSOLUTE)

    Exec Addr    Load Addr    Size         Type   Attr      Idx    E Section Name        Object

    0x24000000   0x08008728   0x00000002   Data   RW         2740    .RAM_D1             main.o


==============================================================================

Image component sizes


      Code (inc. data)   RO Data    RW Data    ZI Data      Debug   Object Name

      2176        254        365         84       1293       7256   bl.o
       448          0          0          0        140       8677   bl_board.o
      1388          0          0          0          0       8034   bl_flash.o
       362          0          0          0          0       8270   bl_kernel.o
       428          0        178       4112         66       4375   cdc_acm_template.o
       154          0          0          0          0       7726   cherryusb_interface.o
       116          0          0          2          0       1502   main.o
        72         30        664          0      26112        896   startup_stm32h743xx.o
       236          0          0          5          4      15232   stm32h7xx_hal.o
       202          0          0          0          0      12186   stm32h7xx_hal_cortex.o
       704          0          0          0          0       6891   stm32h7xx_hal_gpio.o
        90          0          0          0          0      10303   stm32h7xx_hal_pwr_ex.o
      3102         16          0          0          0      11505   stm32h7xx_hal_rcc.o
      3568        122          0          0          0      16949   stm32h7xx_hal_rcc_ex.o
      2240        300         36          0          0      27552   stm32h7xx_hal_uart.o
       346          0         16          0          0       8550   stm32h7xx_hal_uart_ex.o
       138          0         16          8          0       4814   system_stm32h7xx.o
      4272        172        283        160          0      15444   usb_dc_dwc2.o
        24          0          0          0          0       1570   usb_glue_st.o
       280         68          0          0          0       3387   usbd_cdc.o
      3626        204        453        436          8      17633   usbd_core.o

    ----------------------------------------------------------------------
     24310       1190       2060       4836      27632     198752   Object Totals
         0          0         48          0          0          0   (incl. Generated)
       338         24          1         29          9          0   (incl. Padding)

    ----------------------------------------------------------------------

      Code (inc. data)   RO Data    RW Data    ZI Data      Debug   Library Member Name

        58          0          0          0          0          0   __dczerorl.o
         8          0          0          0          0         68   __main.o
       392          4         17          0          0         92   __printf_flags_ss_wp.o
        14          0          0          0          0         68   __printf_wp.o
         0          0          0          0          0          0   __rtentry.o
        12          0          0          0          0          0   __rtentry2.o
         6          0          0          0          0          0   __rtentry4.o
        52          8          0          0          0          0   __scatter.o
        26          0          0          0          0          0   __scatter_copy.o
        28          0          0          0          0          0   __scatter_zi.o
        72          0          0          0          0         96   _c16rtomb.o
         6          0          0          0          0          0   _printf_a.o
         6          0          0          0          0          0   _printf_c.o
        44          0          0          0          0        108   _printf_char.o
        48          6          0          0          0         96   _printf_char_common.o
        40          0          0          0          0         68   _printf_charcount.o
         6          0          0          0          0          0   _printf_d.o
       120         16          0          0          0         92   _printf_dec.o
         6          0          0          0          0          0   _printf_e.o
         6          0          0          0          0          0   _printf_f.o
      1052          0          0          0          0        148   _printf_fp_dec.o
       764          8         38          0          0        100   _printf_fp_hex.o
       128         16          0          0          0         84   _printf_fp_infnan.o
         6          0          0          0          0          0   _printf_g.o
       148          4         40          0          0        160   _printf_hex_int_ll_ptr.o
         6          0          0          0          0          0   _printf_i.o
       178          0          0          0          0         88   _printf_intcommon.o
        10          0          0          0          0          0   _printf_l.o
         6          0          0          0          0          0   _printf_lc.o
        10          0          0          0          0          0   _printf_ll.o
         6          0          0          0          0          0   _printf_lld.o
         6          0          0          0          0          0   _printf_lli.o
         6          0          0          0          0          0   _printf_llo.o
         6          0          0          0          0          0   _printf_llu.o
         6          0          0          0          0          0   _printf_llx.o
       124         16          0          0          0         92   _printf_longlong_dec.o
         6          0          0          0          0          0   _printf_ls.o
         6          0          0          0          0          0   _printf_n.o
         6          0          0          0          0          0   _printf_o.o
       112          8          0          0          0        124   _printf_oct_int_ll.o
         6          0          0          0          0          0   _printf_p.o
        78          0          0          0          0        108   _printf_pad.o
         0          0          0          0          0          0   _printf_percent.o
         4          0          0          0          0          0   _printf_percent_end.o
         6          0          0          0          0          0   _printf_s.o
        82          0          0          0          0         80   _printf_str.o
        36          0          0          0          0         84   _printf_truncate.o
         6          0          0          0          0          0   _printf_u.o
        44          0          0          0          0        108   _printf_wchar.o
       188          6          8          0          0         92   _printf_wctomb.o
         6          0          0          0          0          0   _printf_x.o
        16          0          0          0          0         68   _snputc.o
        16          0          0          0          0         68   aeabi_memset.o
       228          4        148          0          0         96   bigflt0.o
      1936        128          0          0          0        668   btod.o
        18          0          0          0          0         80   exit.o
         6          0          0          0          0        152   heapauxi.o
         0          0          0          0          0          0   indicate_semi.o
        44         10        272          0          0         76   lc_ctype_c.o
        44         10         28          0          0         76   lc_numeric_c.o
         2          0          0          0          0          0   libinit.o
        34          0          0          0          0          0   libinit2.o
         2          0          0          0          0          0   libshutdown.o
         2          0          0          0          0          0   libshutdown2.o
         8          4          0          0         96         68   libspace.o
       138          0          0          0          0         80   lludiv10.o
       240          0          0          0          0        100   lludivv7m.o
        16          4          0          0          0         76   rt_ctype_table.o
         8          4          0          0          0         68   rt_locale_intlibspace.o
        68          0          0          0          0         68   rt_memclr.o
        78          0          0          0          0         80   rt_memclr_w.o
       138          0          0          0          0         68   rt_memcpy_v6.o
       100          0          0          0          0         80   rt_memcpy_w.o
         2          0          0          0          0          0   rtexit.o
        10          0          0          0          0          0   rtexit2.o
       124          0          0          0          0         88   strcmpv7m_pel.o
        62          0          0          0          0         76   strlen.o
        12          4          0          0          0         68   sys_exit.o
        74          0          0          0          0         80   sys_stackheap_outer.o
         2          0          0          0          0         68   use_no_semi.o
        60          4          0          0          0         80   vsnprintf.o
        26          0          0          0          0        116   fpinit.o
         4          0          0          0          0        116   printf1.o
         4          0          0          0          0        116   printf2.o
         0          0          0          0          0          0   usenofp.o
        48          0          0          0          0        124   fpclassify.o

    ----------------------------------------------------------------------
      7590        264        552          0         96       4860   Library Totals
        22          0          1          0          0          0   (incl. Padding)

    ----------------------------------------------------------------------

      Code (inc. data)   RO Data    RW Data    ZI Data      Debug   Library Name

      7486        264        551          0         96       4388   c_w.l
        34          0          0          0          0        348   fz_wv.l
        48          0          0          0          0        124   m_wv.l

    ----------------------------------------------------------------------
      7590        264        552          0         96       4860   Library Totals

    ----------------------------------------------------------------------

==============================================================================


      Code (inc. data)   RO Data    RW Data    ZI Data      Debug   

     31900       1454       2612       4836      27728     200708   Grand Totals
     31900       1454       2612         76      27728     200708   ELF Image Totals (compressed)
     31900       1454       2612         76          0          0   ROM Totals

==============================================================================

    Total RO  Size (Code + RO Data)                34512 (  33.70kB)
    Total RW  Size (RW Data + ZI Data)             32564 (  31.80kB)
    Total ROM Size (Code + RO Data + RW Data)      34588 (  33.78kB)

==============================================================================

