<html>
<body>
<pre>
<h1>礦ision Build Log</h1>
<h2>Tool Versions:</h2>
IDE-Version: μVision V5.37.0.0
Copyright (C) 2022 ARM Ltd and ARM Germany GmbH. All rights reserved.
License Information: 1 2, 1, LIC=9N0AE-5X819-E0MN4-FL5W6-4QU62-7G0L2
 
Tool Versions:
Toolchain:       MDK-ARM Professional  Version: 5.37.0.0
Toolchain Path:  C:\Keil_v5\ARM\ARMCLANG\Bin
C Compiler:      ArmClang.exe V6.18
Assembler:       Armasm.exe V6.18
Linker/Locator:  ArmLink.exe V6.18
Library Manager: ArmAr.exe V6.18
Hex Converter:   FromElf.exe V6.18
CPU DLL:         SARMCM3.DLL V5.37.0.0
Dialog DLL:      DCM.DLL V1.17.5.0
Target DLL:      UL2CM3.DLL V1.164.7.0
Dialog DLL:      TCM.DLL V1.56.1.0
 
<h2>Project:</h2>
D:\gpm\build\mdk\bootloader_px4usb\bootloader_px4usb.uvprojx
Project File Date:  08/29/2024

<h2>Output:</h2>
*** Using Compiler 'V6.18', folder: 'C:\Keil_v5\ARM\ARMCLANG\Bin'
Rebuild target 'Target 1'
compiling stm32h7xx_hal_dma_ex.c...
compiling stm32h7xx_hal_exti.c...
compiling stm32h7xx_hal_msp.c...
compiling stm32h7xx_hal_pwr.c...
compiling stm32h7xx_hal_iwdg.c...
compiling stm32h7xx_hal_mdma.c...
compiling stm32h7xx_hal.c...
compiling stm32h7xx_hal_adc_ex.c...
compiling stm32h7xx_hal_i2c_ex.c...
compiling stm32h7xx_hal_hsem.c...
compiling stm32h7xx_hal_gpio.c...
compiling stm32h7xx_hal_cortex.c...
compiling stm32h7xx_hal_flash.c...
compiling stm32h7xx_hal_pwr_ex.c...
compiling stm32h7xx_hal_flash_ex.c...
compiling stm32h7xx_hal_dma.c...
compiling stm32h7xx_hal_adc.c...
compiling stm32h7xx_hal_qspi.c...
compiling stm32h7xx_hal_rcc.c...
compiling stm32h7xx_hal_fdcan.c...
compiling stm32h7xx_hal_rcc_ex.c...
compiling stm32h7xx_hal_sd_ex.c...
compiling stm32h7xx_hal_spi_ex.c...
compiling stm32h7xx_hal_i2c.c...
compiling stm32h7xx_hal_sd.c...
compiling stm32h7xx_it.c...
compiling stm32h7xx_hal_uart_ex.c...
compiling stm32h7xx_hal_usart_ex.c...
compiling stm32h7xx_hal_spi.c...
compiling stm32h7xx_hal_wwdg.c...
assembling startup_stm32h743xx.s...
compiling system_stm32h7xx.c...
compiling stm32h7xx_ll_delayblock.c...
compiling stm32h7xx_hal_tim_ex.c...
compiling stm32h7xx_hal_uart.c...
compiling stm32h7xx_ll_sdmmc.c...
compiling stm32h7xx_hal_usart.c...
compiling usbd_cdc.c...
compiling usb_glue_st.c...
compiling cdc_acm_template.c...
compiling stm32h7xx_ll_usb.c...
compiling stm32h7xx_hal_pcd_ex.c...
compiling stm32h7xx_hal_pcd.c...
compiling usbd_core.c...
compiling usb_dc_dwc2.c...
compiling stm32h7xx_hal_tim.c...
compiling cherryusb_interface.c...
compiling main.c...
compiling bl_kernel.c...
compiling bl_flash.c...
compiling bl_board.c...
compiling bl.c...
linking...
Program Size: Code=31900 RO-data=2612 RW-data=4836 ZI-data=27728  
FromELF: creating hex file...
After Build - User command #1: .\build_bin.bat
build time:2024-08-29_14-53-52
已复制         1 个文件。
".\output\bootloader_px4usb.axf" - 0 Error(s), 0 Warning(s).

<h2>Software Packages used:</h2>

Package Vendor: Keil
                http://www.keil.com/pack/Keil.STM32H7xx_DFP.2.7.0.pack
                Keil.STM32H7xx_DFP.2.7.0
                STMicroelectronics STM32H7 Series Device Support and Examples

<h2>Collection of Component include folders:</h2>
  C:/Users/10563/AppData/Local/Arm/Packs/Keil/STM32H7xx_DFP/2.7.0/Drivers/CMSIS/Device/ST/STM32H7xx/Include

<h2>Collection of Component Files used:</h2>
Build Time Elapsed:  00:00:02
</pre>
</body>
</html>
