Component: Arm Compiler for Embedded 6.18 Tool: armlink [5e4cc100]

==============================================================================

Section Cross References

    stm32h7xx_hal.o(.text.HAL_Init) refers to stm32h7xx_hal_cortex.o(.text.HAL_NVIC_SetPriorityGrouping) for HAL_NVIC_SetPriorityGrouping
    stm32h7xx_hal.o(.text.HAL_Init) refers to stm32h7xx_hal_rcc.o(.text.HAL_RCC_GetSysClockFreq) for HAL_RCC_GetSysClockFreq
    stm32h7xx_hal.o(.text.HAL_Init) refers to system_stm32h7xx.o(.rodata.D1CorePrescTable) for D1CorePrescTable
    stm32h7xx_hal.o(.text.HAL_Init) refers to system_stm32h7xx.o(.data.SystemD2Clock) for SystemD2Clock
    stm32h7xx_hal.o(.text.HAL_Init) refers to system_stm32h7xx.o(.data.SystemCoreClock) for SystemCoreClock
    stm32h7xx_hal.o(.text.HAL_Init) refers to stm32h7xx_hal.o(.text.HAL_InitTick) for HAL_InitTick
    stm32h7xx_hal.o(.text.HAL_Init) refers to stm32h7xx_hal_msp.o(.text.HAL_MspInit) for HAL_MspInit
    stm32h7xx_hal.o(.ARM.exidx.text.HAL_Init) refers to stm32h7xx_hal.o(.text.HAL_Init) for [Anonymous Symbol]
    stm32h7xx_hal.o(.text.HAL_InitTick) refers to stm32h7xx_hal.o(.data.uwTickFreq) for uwTickFreq
    stm32h7xx_hal.o(.text.HAL_InitTick) refers to system_stm32h7xx.o(.data.SystemCoreClock) for SystemCoreClock
    stm32h7xx_hal.o(.text.HAL_InitTick) refers to stm32h7xx_hal_cortex.o(.text.HAL_SYSTICK_Config) for HAL_SYSTICK_Config
    stm32h7xx_hal.o(.text.HAL_InitTick) refers to stm32h7xx_hal_cortex.o(.text.HAL_NVIC_SetPriority) for HAL_NVIC_SetPriority
    stm32h7xx_hal.o(.text.HAL_InitTick) refers to stm32h7xx_hal.o(.data.uwTickPrio) for uwTickPrio
    stm32h7xx_hal.o(.ARM.exidx.text.HAL_InitTick) refers to stm32h7xx_hal.o(.text.HAL_InitTick) for [Anonymous Symbol]
    stm32h7xx_hal.o(.ARM.exidx.text.HAL_MspInit) refers to stm32h7xx_hal.o(.text.HAL_MspInit) for [Anonymous Symbol]
    stm32h7xx_hal.o(.text.HAL_DeInit) refers to stm32h7xx_hal_msp.o(.text.HAL_MspDeInit) for HAL_MspDeInit
    stm32h7xx_hal.o(.ARM.exidx.text.HAL_DeInit) refers to stm32h7xx_hal.o(.text.HAL_DeInit) for [Anonymous Symbol]
    stm32h7xx_hal.o(.ARM.exidx.text.HAL_MspDeInit) refers to stm32h7xx_hal.o(.text.HAL_MspDeInit) for [Anonymous Symbol]
    stm32h7xx_hal.o(.text.HAL_IncTick) refers to stm32h7xx_hal.o(.data.uwTickFreq) for uwTickFreq
    stm32h7xx_hal.o(.text.HAL_IncTick) refers to stm32h7xx_hal.o(.bss.uwTick) for uwTick
    stm32h7xx_hal.o(.ARM.exidx.text.HAL_IncTick) refers to stm32h7xx_hal.o(.text.HAL_IncTick) for [Anonymous Symbol]
    stm32h7xx_hal.o(.text.HAL_GetTick) refers to stm32h7xx_hal.o(.bss.uwTick) for uwTick
    stm32h7xx_hal.o(.ARM.exidx.text.HAL_GetTick) refers to stm32h7xx_hal.o(.text.HAL_GetTick) for [Anonymous Symbol]
    stm32h7xx_hal.o(.text.HAL_GetTickPrio) refers to stm32h7xx_hal.o(.data.uwTickPrio) for uwTickPrio
    stm32h7xx_hal.o(.ARM.exidx.text.HAL_GetTickPrio) refers to stm32h7xx_hal.o(.text.HAL_GetTickPrio) for [Anonymous Symbol]
    stm32h7xx_hal.o(.text.HAL_SetTickFreq) refers to stm32h7xx_hal.o(.data.uwTickFreq) for uwTickFreq
    stm32h7xx_hal.o(.text.HAL_SetTickFreq) refers to stm32h7xx_hal.o(.data.uwTickPrio) for uwTickPrio
    stm32h7xx_hal.o(.text.HAL_SetTickFreq) refers to stm32h7xx_hal.o(.text.HAL_InitTick) for HAL_InitTick
    stm32h7xx_hal.o(.ARM.exidx.text.HAL_SetTickFreq) refers to stm32h7xx_hal.o(.text.HAL_SetTickFreq) for [Anonymous Symbol]
    stm32h7xx_hal.o(.text.HAL_GetTickFreq) refers to stm32h7xx_hal.o(.data.uwTickFreq) for uwTickFreq
    stm32h7xx_hal.o(.ARM.exidx.text.HAL_GetTickFreq) refers to stm32h7xx_hal.o(.text.HAL_GetTickFreq) for [Anonymous Symbol]
    stm32h7xx_hal.o(.text.HAL_Delay) refers to stm32h7xx_hal.o(.text.HAL_GetTick) for HAL_GetTick
    stm32h7xx_hal.o(.text.HAL_Delay) refers to stm32h7xx_hal.o(.data.uwTickFreq) for uwTickFreq
    stm32h7xx_hal.o(.ARM.exidx.text.HAL_Delay) refers to stm32h7xx_hal.o(.text.HAL_Delay) for [Anonymous Symbol]
    stm32h7xx_hal.o(.ARM.exidx.text.HAL_SuspendTick) refers to stm32h7xx_hal.o(.text.HAL_SuspendTick) for [Anonymous Symbol]
    stm32h7xx_hal.o(.ARM.exidx.text.HAL_ResumeTick) refers to stm32h7xx_hal.o(.text.HAL_ResumeTick) for [Anonymous Symbol]
    stm32h7xx_hal.o(.ARM.exidx.text.HAL_GetHalVersion) refers to stm32h7xx_hal.o(.text.HAL_GetHalVersion) for [Anonymous Symbol]
    stm32h7xx_hal.o(.ARM.exidx.text.HAL_GetREVID) refers to stm32h7xx_hal.o(.text.HAL_GetREVID) for [Anonymous Symbol]
    stm32h7xx_hal.o(.ARM.exidx.text.HAL_GetDEVID) refers to stm32h7xx_hal.o(.text.HAL_GetDEVID) for [Anonymous Symbol]
    stm32h7xx_hal.o(.ARM.exidx.text.HAL_GetUIDw0) refers to stm32h7xx_hal.o(.text.HAL_GetUIDw0) for [Anonymous Symbol]
    stm32h7xx_hal.o(.ARM.exidx.text.HAL_GetUIDw1) refers to stm32h7xx_hal.o(.text.HAL_GetUIDw1) for [Anonymous Symbol]
    stm32h7xx_hal.o(.ARM.exidx.text.HAL_GetUIDw2) refers to stm32h7xx_hal.o(.text.HAL_GetUIDw2) for [Anonymous Symbol]
[...]
    __default_signal_display                 0x08001865   Thumb Code    50  defsig_general.o(.text)
    strcmp                                   0x08001899   Thumb Code   124  strcmpv7m_pel.o(.text)
    _ttywrch                                 0x08001915   Thumb Code    14  sys_wrch.o(.text)
    BusFault_Handler                         0x08001929   Thumb Code     2  stm32h7xx_it.o(.text.BusFault_Handler)
    DMA1_Stream0_IRQHandler                  0x08001931   Thumb Code    26  lld_interrupt.o(.text.DMA1_Stream0_IRQHandler)
    DMA1_Stream1_IRQHandler                  0x08001951   Thumb Code    26  lld_interrupt.o(.text.DMA1_Stream1_IRQHandler)
    DMA1_Stream2_IRQHandler                  0x08001971   Thumb Code    26  lld_interrupt.o(.text.DMA1_Stream2_IRQHandler)
    DMA1_Stream3_IRQHandler                  0x08001991   Thumb Code    26  lld_interrupt.o(.text.DMA1_Stream3_IRQHandler)
    DMA1_Stream4_IRQHandler                  0x080019b1   Thumb Code    26  lld_interrupt.o(.text.DMA1_Stream4_IRQHandler)
    DMA1_Stream5_IRQHandler                  0x080019d1   Thumb Code    26  lld_interrupt.o(.text.DMA1_Stream5_IRQHandler)
    DMA1_Stream6_IRQHandler                  0x080019f1   Thumb Code    26  lld_interrupt.o(.text.DMA1_Stream6_IRQHandler)
    DMA1_Stream7_IRQHandler                  0x08001a11   Thumb Code    26  lld_interrupt.o(.text.DMA1_Stream7_IRQHandler)
    DMA2_Stream0_IRQHandler                  0x08001a31   Thumb Code    28  lld_interrupt.o(.text.DMA2_Stream0_IRQHandler)
    DMA2_Stream1_IRQHandler                  0x08001a51   Thumb Code    28  lld_interrupt.o(.text.DMA2_Stream1_IRQHandler)
    DMA2_Stream2_IRQHandler                  0x08001a71   Thumb Code    28  lld_interrupt.o(.text.DMA2_Stream2_IRQHandler)
    DMA2_Stream3_IRQHandler                  0x08001a91   Thumb Code    28  lld_interrupt.o(.text.DMA2_Stream3_IRQHandler)
    DMA2_Stream4_IRQHandler                  0x08001ab1   Thumb Code    28  lld_interrupt.o(.text.DMA2_Stream4_IRQHandler)
    DMA2_Stream5_IRQHandler                  0x08001ad1   Thumb Code    28  lld_interrupt.o(.text.DMA2_Stream5_IRQHandler)
    DMA2_Stream6_IRQHandler                  0x08001af1   Thumb Code    28  lld_interrupt.o(.text.DMA2_Stream6_IRQHandler)
    DMA2_Stream7_IRQHandler                  0x08001b11   Thumb Code    28  lld_interrupt.o(.text.DMA2_Stream7_IRQHandler)
    DebugMon_Handler                         0x08001f41   Thumb Code     2  stm32h7xx_it.o(.text.DebugMon_Handler)
    EXTI0_IRQHandler                         0x08001f49   Thumb Code    10  lld_interrupt.o(.text.EXTI0_IRQHandler)
    EXTI15_10_IRQHandler                     0x08001f59   Thumb Code   106  lld_interrupt.o(.text.EXTI15_10_IRQHandler)
    EXTI1_IRQHandler                         0x08001fc9   Thumb Code    10  lld_interrupt.o(.text.EXTI1_IRQHandler)
    EXTI2_IRQHandler                         0x08001fd9   Thumb Code    10  lld_interrupt.o(.text.EXTI2_IRQHandler)
    EXTI3_IRQHandler                         0x08001fe9   Thumb Code    10  lld_interrupt.o(.text.EXTI3_IRQHandler)
    EXTI4_IRQHandler                         0x08001ff9   Thumb Code    10  lld_interrupt.o(.text.EXTI4_IRQHandler)
    EXTI9_5_IRQHandler                       0x08002009   Thumb Code    84  lld_interrupt.o(.text.EXTI9_5_IRQHandler)
    FDCAN1_IT0_IRQHandler                    0x08002061   Thumb Code    24  lld_interrupt.o(.text.FDCAN1_IT0_IRQHandler)
    FDCAN1_IT1_IRQHandler                    0x08002079   Thumb Code    24  lld_interrupt.o(.text.FDCAN1_IT1_IRQHandler)
    FDCAN2_IT0_IRQHandler                    0x08002091   Thumb Code    24  lld_interrupt.o(.text.FDCAN2_IT0_IRQHandler)
    FDCAN2_IT1_IRQHandler                    0x080020a9   Thumb Code    24  lld_interrupt.o(.text.FDCAN2_IT1_IRQHandler)
    HAL_DMA_Abort                            0x080020c1   Thumb Code  1470  stm32h7xx_hal_dma.o(.text.HAL_DMA_Abort)
    HAL_DMA_Abort_IT                         0x08002681   Thumb Code  1130  stm32h7xx_hal_dma.o(.text.HAL_DMA_Abort_IT)
    HAL_DMA_DeInit                           0x08002af1   Thumb Code  1082  stm32h7xx_hal_dma.o(.text.HAL_DMA_DeInit)
    HAL_DMA_GetError                         0x08002f31   Thumb Code     4  stm32h7xx_hal_dma.o(.text.HAL_DMA_GetError)
    HAL_DMA_GetState                         0x08002f39   Thumb Code     6  stm32h7xx_hal_dma.o(.text.HAL_DMA_GetState)
    HAL_DMA_IRQHandler                       0x08002f41   Thumb Code  2930  stm32h7xx_hal_dma.o(.text.HAL_DMA_IRQHandler)
    HAL_DMA_Init                             0x08003ab9   Thumb Code  1798  stm32h7xx_hal_dma.o(.text.HAL_DMA_Init)
    HAL_DMA_Start_IT                         0x080041c1   Thumb Code  1116  stm32h7xx_hal_dma.o(.text.HAL_DMA_Start_IT)
    HAL_EnableCompensationCell               0x08004621   Thumb Code    18  stm32h7xx_hal.o(.text.HAL_EnableCompensationCell)
    HAL_FDCAN_ActivateNotification           0x08004639   Thumb Code   120  stm32h7xx_hal_fdcan.o(.text.HAL_FDCAN_ActivateNotification)
    HAL_FDCAN_ClockCalibrationCallback       0x080046b1   Thumb Code     2  stm32h7xx_hal_fdcan.o(.text.HAL_FDCAN_ClockCalibrationCallback)
    HAL_FDCAN_ErrorCallback                  0x080046b9   Thumb Code     2  stm32h7xx_hal_fdcan.o(.text.HAL_FDCAN_ErrorCallback)
    HAL_FDCAN_ErrorStatusCallback            0x080046c1   Thumb Code     2  stm32h7xx_hal_fdcan.o(.text.HAL_FDCAN_ErrorStatusCallback)
    HAL_FDCAN_GetRxMessage                   0x080046c9   Thumb Code   404  stm32h7xx_hal_fdcan.o(.text.HAL_FDCAN_GetRxMessage)
    HAL_FDCAN_HighPriorityMessageCallback    0x08004861   Thumb Code     2  stm32h7xx_hal_fdcan.o(.text.HAL_FDCAN_HighPriorityMessageCallback)
    HAL_FDCAN_IRQHandler                     0x08004869   Thumb Code   782  stm32h7xx_hal_fdcan.o(.text.HAL_FDCAN_IRQHandler)
    HAL_FDCAN_RxBufferNewMessageCallback     0x08004b79   Thumb Code     2  stm32h7xx_hal_fdcan.o(.text.HAL_FDCAN_RxBufferNewMessageCallback)
    HAL_FDCAN_RxFifo0Callback                0x08004b81   Thumb Code    70  lld_interrupt.o(.text.HAL_FDCAN_RxFifo0Callback)
    HAL_FDCAN_RxFifo1Callback                0x08004bc9   Thumb Code    70  lld_interrupt.o(.text.HAL_FDCAN_RxFifo1Callback)
    HAL_FDCAN_TT_GlobalTimeCallback          0x08004c11   Thumb Code     2  stm32h7xx_hal_fdcan.o(.text.HAL_FDCAN_TT_GlobalTimeCallback)
    HAL_FDCAN_TT_ScheduleSyncCallback        0x08004c19   Thumb Code     2  stm32h7xx_hal_fdcan.o(.text.HAL_FDCAN_TT_ScheduleSyncCallback)
    HAL_FDCAN_TT_StopWatchCallback           0x08004c21   Thumb Code     2  stm32h7xx_hal_fdcan.o(.text.HAL_FDCAN_TT_StopWatchCallback)
    HAL_FDCAN_TT_TimeMarkCallback            0x08004c29   Thumb Code     2  stm32h7xx_hal_fdcan.o(.text.HAL_FDCAN_TT_TimeMarkCallback)
    HAL_FDCAN_TimeoutOccurredCallback        0x08004c31   Thumb Code     2  stm32h7xx_hal_fdcan.o(.text.HAL_FDCAN_TimeoutOccurredCallback)
    HAL_FDCAN_TimestampWraparoundCallback    0x08004c39   Thumb Code     2  stm32h7xx_hal_fdcan.o(.text.HAL_FDCAN_TimestampWraparoundCallback)
    HAL_FDCAN_TxBufferAbortCallback          0x08004c41   Thumb Code     2  stm32h7xx_hal_fdcan.o(.text.HAL_FDCAN_TxBufferAbortCallback)
    HAL_FDCAN_TxBufferCompleteCallback       0x08004c49   Thumb Code     2  stm32h7xx_hal_fdcan.o(.text.HAL_FDCAN_TxBufferCompleteCallback)
    HAL_FDCAN_TxEventFifoCallback            0x08004c51   Thumb Code     2  stm32h7xx_hal_fdcan.o(.text.HAL_FDCAN_TxEventFifoCallback)
    HAL_FDCAN_TxFifoEmptyCallback            0x08004c59   Thumb Code     2  stm32h7xx_hal_fdcan.o(.text.HAL_FDCAN_TxFifoEmptyCallback)
    HAL_GPIO_EXTI_Callback                   0x08004c61   Thumb Code   230  lld_interrupt.o(.text.HAL_GPIO_EXTI_Callback)
    HAL_GPIO_EXTI_IRQHandler                 0x08004d49   Thumb Code    24  stm32h7xx_hal_gpio.o(.text.HAL_GPIO_EXTI_IRQHandler)
    HAL_GPIO_Init                            0x08004d61   Thumb Code   422  stm32h7xx_hal_gpio.o(.text.HAL_GPIO_Init)
    HAL_GPIO_ReadPin                         0x08004f09   Thumb Code    10  stm32h7xx_hal_gpio.o(.text.HAL_GPIO_ReadPin)
    HAL_GetREVID                             0x08004f19   Thumb Code    14  stm32h7xx_hal.o(.text.HAL_GetREVID)
    HAL_GetTick                              0x08004f29   Thumb Code    12  stm32h7xx_hal.o(.text.HAL_GetTick)
    HAL_I2C_AbortCpltCallback                0x08004f39   Thumb Code     2  stm32h7xx_hal_i2c.o(.text.HAL_I2C_AbortCpltCallback)
    HAL_I2C_AddrCallback                     0x08004f41   Thumb Code     2  stm32h7xx_hal_i2c.o(.text.HAL_I2C_AddrCallback)
    HAL_I2C_ER_IRQHandler                    0x08004f49   Thumb Code   100  stm32h7xx_hal_i2c.o(.text.HAL_I2C_ER_IRQHandler)
    HAL_I2C_EV_IRQHandler                    0x08004fb1   Thumb Code    20  stm32h7xx_hal_i2c.o(.text.HAL_I2C_EV_IRQHandler)
    HAL_I2C_ErrorCallback                    0x08004fc9   Thumb Code     8  lld_interrupt.o(.text.HAL_I2C_ErrorCallback)
    HAL_I2C_GetError                         0x08004fd1   Thumb Code     4  stm32h7xx_hal_i2c.o(.text.HAL_I2C_GetError)
    HAL_I2C_ListenCpltCallback               0x08004fd9   Thumb Code     2  stm32h7xx_hal_i2c.o(.text.HAL_I2C_ListenCpltCallback)
    HAL_I2C_SlaveRxCpltCallback              0x08004fe1   Thumb Code     2  stm32h7xx_hal_i2c.o(.text.HAL_I2C_SlaveRxCpltCallback)
    HAL_I2C_SlaveTxCpltCallback              0x08004fe9   Thumb Code     2  stm32h7xx_hal_i2c.o(.text.HAL_I2C_SlaveTxCpltCallback)
    HAL_IncTick                              0x08004ff1   Thumb Code    26  stm32h7xx_hal.o(.text.HAL_IncTick)
    HAL_Init                                 0x08005011   Thumb Code   100  stm32h7xx_hal.o(.text.HAL_Init)
    HAL_InitTick                             0x08005079   Thumb Code    84  stm32h7xx_hal.o(.text.HAL_InitTick)
    HAL_MPU_ConfigRegion                     0x080050d1   Thumb Code    94  stm32h7xx_hal_cortex.o(.text.HAL_MPU_ConfigRegion)
    HAL_MPU_Disable                          0x08005131   Thumb Code    26  stm32h7xx_hal_cortex.o(.text.HAL_MPU_Disable)
    HAL_MPU_Enable                           0x08005151   Thumb Code    32  stm32h7xx_hal_cortex.o(.text.HAL_MPU_Enable)
    HAL_MspInit                              0x08005171   Thumb Code     2  stm32h7xx_hal_msp.o(.text.HAL_MspInit)
    HAL_NVIC_EnableIRQ                       0x08005179   Thumb Code    32  stm32h7xx_hal_cortex.o(.text.HAL_NVIC_EnableIRQ)
    HAL_NVIC_SetPriority                     0x08005199   Thumb Code    94  stm32h7xx_hal_cortex.o(.text.HAL_NVIC_SetPriority)
    HAL_NVIC_SetPriorityGrouping             0x080051f9   Thumb Code    32  stm32h7xx_hal_cortex.o(.text.HAL_NVIC_SetPriorityGrouping)
    HAL_RCCEx_GetD3PCLK1Freq                 0x08005219   Thumb Code    38  stm32h7xx_hal_rcc_ex.o(.text.HAL_RCCEx_GetD3PCLK1Freq)
    HAL_RCCEx_GetPLL2ClockFreq               0x08005241   Thumb Code   292  stm32h7xx_hal_rcc_ex.o(.text.HAL_RCCEx_GetPLL2ClockFreq)
    HAL_RCCEx_GetPLL3ClockFreq               0x08005369   Thumb Code   292  stm32h7xx_hal_rcc_ex.o(.text.HAL_RCCEx_GetPLL3ClockFreq)
    HAL_RCC_ClockConfig                      0x08005491   Thumb Code   596  stm32h7xx_hal_rcc.o(.text.HAL_RCC_ClockConfig)
    HAL_RCC_GetHCLKFreq                      0x080056e9   Thumb Code    76  stm32h7xx_hal_rcc.o(.text.HAL_RCC_GetHCLKFreq)
    HAL_RCC_GetPCLK1Freq                     0x08005739   Thumb Code    96  stm32h7xx_hal_rcc.o(.text.HAL_RCC_GetPCLK1Freq)
    HAL_RCC_GetPCLK2Freq                     0x08005799   Thumb Code    96  stm32h7xx_hal_rcc.o(.text.HAL_RCC_GetPCLK2Freq)
    HAL_RCC_GetSysClockFreq                  0x080057f9   Thumb Code   264  stm32h7xx_hal_rcc.o(.text.HAL_RCC_GetSysClockFreq)
    HAL_RCC_OscConfig                        0x08005901   Thumb Code  1670  stm32h7xx_hal_rcc.o(.text.HAL_RCC_OscConfig)
    HAL_SYSTICK_Config                       0x08005f89   Thumb Code    44  stm32h7xx_hal_cortex.o(.text.HAL_SYSTICK_Config)
    HAL_TIMEx_Break2Callback                 0x08005fb9   Thumb Code     2  stm32h7xx_hal_tim_ex.o(.text.HAL_TIMEx_Break2Callback)
    HAL_TIMEx_BreakCallback                  0x08005fc1   Thumb Code     2  stm32h7xx_hal_tim_ex.o(.text.HAL_TIMEx_BreakCallback)
    HAL_TIMEx_CommutCallback                 0x08005fc9   Thumb Code     2  stm32h7xx_hal_tim_ex.o(.text.HAL_TIMEx_CommutCallback)
    HAL_TIM_IC_CaptureCallback               0x08005fd1   Thumb Code   170  lld_interrupt.o(.text.HAL_TIM_IC_CaptureCallback)
    HAL_TIM_IRQHandler                       0x08006081   Thumb Code   352  stm32h7xx_hal_tim.o(.text.HAL_TIM_IRQHandler)
    HAL_TIM_OC_DelayElapsedCallback          0x080061e1   Thumb Code     2  stm32h7xx_hal_tim.o(.text.HAL_TIM_OC_DelayElapsedCallback)
    HAL_TIM_PWM_PulseFinishedCallback        0x080061e9   Thumb Code     2  stm32h7xx_hal_tim.o(.text.HAL_TIM_PWM_PulseFinishedCallback)
    HAL_TIM_PeriodElapsedCallback            0x080061f1   Thumb Code   170  lld_interrupt.o(.text.HAL_TIM_PeriodElapsedCallback)
    HAL_TIM_ReadCapturedValue                0x080062a1   Thumb Code    52  stm32h7xx_hal_tim.o(.text.HAL_TIM_ReadCapturedValue)
    HAL_TIM_TriggerCallback                  0x080062d9   Thumb Code     2  stm32h7xx_hal_tim.o(.text.HAL_TIM_TriggerCallback)
    HAL_UARTEx_RxEventCallback               0x080062e1   Thumb Code     2  stm32h7xx_hal_uart.o(.text.HAL_UARTEx_RxEventCallback)
    HAL_UARTEx_RxFifoFullCallback            0x080062e9   Thumb Code     2  stm32h7xx_hal_uart_ex.o(.text.HAL_UARTEx_RxFifoFullCallback)
    HAL_UARTEx_TxFifoEmptyCallback           0x080062f1   Thumb Code     2  stm32h7xx_hal_uart_ex.o(.text.HAL_UARTEx_TxFifoEmptyCallback)
    HAL_UARTEx_WakeupCallback                0x080062f9   Thumb Code     2  stm32h7xx_hal_uart_ex.o(.text.HAL_UARTEx_WakeupCallback)
    HAL_UART_AbortReceive                    0x08006301   Thumb Code   172  stm32h7xx_hal_uart.o(.text.HAL_UART_AbortReceive)
    HAL_UART_ErrorCallback                   0x080063b1   Thumb Code     2  stm32h7xx_hal_uart.o(.text.HAL_UART_ErrorCallback)
    HAL_UART_IRQHandler                      0x080063b9   Thumb Code  1128  stm32h7xx_hal_uart.o(.text.HAL_UART_IRQHandler)
    HAL_UART_Init                            0x08006821   Thumb Code   100  stm32h7xx_hal_uart.o(.text.HAL_UART_Init)
    HAL_UART_MspInit                         0x08006889   Thumb Code     2  stm32h7xx_hal_uart.o(.text.HAL_UART_MspInit)
    HAL_UART_Receive_DMA                     0x08006891   Thumb Code   236  stm32h7xx_hal_uart.o(.text.HAL_UART_Receive_DMA)
    HAL_UART_RxCpltCallback                  0x08006981   Thumb Code   202  lld_interrupt.o(.text.HAL_UART_RxCpltCallback)
    HAL_UART_RxHalfCpltCallback              0x08006a51   Thumb Code     2  stm32h7xx_hal_uart.o(.text.HAL_UART_RxHalfCpltCallback)
    HAL_UART_Transmit                        0x08006a59   Thumb Code   250  stm32h7xx_hal_uart.o(.text.HAL_UART_Transmit)
    HAL_UART_Transmit_DMA                    0x08006b59   Thumb Code   148  stm32h7xx_hal_uart.o(.text.HAL_UART_Transmit_DMA)
    HAL_UART_Transmit_IT                     0x08006bf1   Thumb Code   174  stm32h7xx_hal_uart.o(.text.HAL_UART_Transmit_IT)
    HAL_UART_TxCpltCallback                  0x08006ca1   Thumb Code   166  lld_interrupt.o(.text.HAL_UART_TxCpltCallback)
    HAL_UART_TxHalfCpltCallback              0x08006d49   Thumb Code     2  stm32h7xx_hal_uart.o(.text.HAL_UART_TxHalfCpltCallback)
    HardFault_Handler                        0x08006d51   Thumb Code     2  stm32h7xx_it.o(.text.HardFault_Handler)
    I2C1_ER_IRQHandler                       0x08006d59   Thumb Code    18  lld_interrupt.o(.text.I2C1_ER_IRQHandler)
    I2C1_EV_IRQHandler                       0x08006d71   Thumb Code    18  lld_interrupt.o(.text.I2C1_EV_IRQHandler)
    I2C2_ER_IRQHandler                       0x08006d89   Thumb Code    18  lld_interrupt.o(.text.I2C2_ER_IRQHandler)
    I2C2_EV_IRQHandler                       0x08006da1   Thumb Code    18  lld_interrupt.o(.text.I2C2_EV_IRQHandler)
    I2C3_ER_IRQHandler                       0x08006db9   Thumb Code    18  lld_interrupt.o(.text.I2C3_ER_IRQHandler)
    I2C3_EV_IRQHandler                       0x08006dd1   Thumb Code    18  lld_interrupt.o(.text.I2C3_EV_IRQHandler)
    I2C4_ER_IRQHandler                       0x08006de9   Thumb Code    18  lld_interrupt.o(.text.I2C4_ER_IRQHandler)
    I2C4_EV_IRQHandler                       0x08006e01   Thumb Code    18  lld_interrupt.o(.text.I2C4_EV_IRQHandler)
    MemManage_Handler                        0x080076d9   Thumb Code     2  stm32h7xx_it.o(.text.MemManage_Handler)
    NMI_Handler                              0x080076e1   Thumb Code     2  stm32h7xx_it.o(.text.NMI_Handler)
    PendSV_Handler                           0x080076e9   Thumb Code     2  stm32h7xx_it.o(.text.PendSV_Handler)
    SVC_Handler                              0x080076f1   Thumb Code     2  stm32h7xx_it.o(.text.SVC_Handler)
    SysTick_Handler                          0x080076f9   Thumb Code    12  lld_interrupt.o(.text.SysTick_Handler)
    SystemInit                               0x08007709   Thumb Code   138  system_stm32h7xx.o(.text.SystemInit)
    TIM1_CC_IRQHandler                       0x08007799   Thumb Code    24  lld_interrupt.o(.text.TIM1_CC_IRQHandler)
    TIM1_UP_IRQHandler                       0x080077b1   Thumb Code    24  lld_interrupt.o(.text.TIM1_UP_IRQHandler)
    TIM2_IRQHandler                          0x080077c9   Thumb Code    24  lld_interrupt.o(.text.TIM2_IRQHandler)
    TIM3_IRQHandler                          0x080077e1   Thumb Code    24  lld_interrupt.o(.text.TIM3_IRQHandler)
    TIM4_IRQHandler                          0x080077f9   Thumb Code    24  lld_interrupt.o(.text.TIM4_IRQHandler)
    TIM5_IRQHandler                          0x08007811   Thumb Code    24  lld_interrupt.o(.text.TIM5_IRQHandler)
    TIM6_DAC_IRQHandler                      0x08007829   Thumb Code    24  lld_interrupt.o(.text.TIM6_DAC_IRQHandler)
    TIM7_IRQHandler                          0x08007841   Thumb Code    24  lld_interrupt.o(.text.TIM7_IRQHandler)
    TIM8_CC_IRQHandler                       0x08007859   Thumb Code    24  lld_interrupt.o(.text.TIM8_CC_IRQHandler)
    TIM8_UP_TIM13_IRQHandler                 0x08007871   Thumb Code    24  lld_interrupt.o(.text.TIM8_UP_TIM13_IRQHandler)
    UART4_IRQHandler                         0x08007889   Thumb Code    24  lld_interrupt.o(.text.UART4_IRQHandler)
    UART5_IRQHandler                         0x080078a1   Thumb Code    24  lld_interrupt.o(.text.UART5_IRQHandler)
    UART7_IRQHandler                         0x080078b9   Thumb Code    24  lld_interrupt.o(.text.UART7_IRQHandler)
    UART8_IRQHandler                         0x080078d1   Thumb Code    24  lld_interrupt.o(.text.UART8_IRQHandler)
    UART_AdvFeatureConfig                    0x080078e9   Thumb Code   224  stm32h7xx_hal_uart.o(.text.UART_AdvFeatureConfig)
    UART_CheckIdleState                      0x080079c9   Thumb Code   184  stm32h7xx_hal_uart.o(.text.UART_CheckIdleState)
    UART_SetConfig                           0x08007c71   Thumb Code  1200  stm32h7xx_hal_uart.o(.text.UART_SetConfig)
    UART_WaitOnFlagUntilTimeout              0x080082c1   Thumb Code   326  stm32h7xx_hal_uart.o(.text.UART_WaitOnFlagUntilTimeout)
    USART1_IRQHandler                        0x08008409   Thumb Code    24  lld_interrupt.o(.text.USART1_IRQHandler)
    USART2_IRQHandler                        0x08008421   Thumb Code    24  lld_interrupt.o(.text.USART2_IRQHandler)
    USART3_IRQHandler                        0x08008439   Thumb Code    24  lld_interrupt.o(.text.USART3_IRQHandler)
    USART6_IRQHandler                        0x08008451   Thumb Code    24  lld_interrupt.o(.text.USART6_IRQHandler)
    UsageFault_Handler                       0x08008469   Thumb Code     2  stm32h7xx_it.o(.text.UsageFault_Handler)
    debug                                    0x08008471   Thumb Code    40  main.o(.text.debug)
    devfifo_init                             0x080084c9   Thumb Code    46  devfifobuffer.o(.text.devfifo_init)
    devfifo_read                             0x080084f9   Thumb Code    80  devfifobuffer.o(.text.devfifo_read)
    devfifo_size                             0x08008549   Thumb Code     4  devfifobuffer.o(.text.devfifo_size)
    devfifo_write                            0x08008551   Thumb Code   100  devfifobuffer.o(.text.devfifo_write)
    lld_can_rx_irq                           0x080085b9   Thumb Code   136  lld_can.o(.text.lld_can_rx_irq)
    lld_exit_irq                             0x08008641   Thumb Code    40  lld_exirq.o(.text.lld_exit_irq)
    lld_gpio_get                             0x08008669   Thumb Code    12  lld_gpio.o(.text.lld_gpio_get)
    lld_gpio_init                            0x08008679   Thumb Code   388  lld_gpio.o(.text.lld_gpio_init)
    lld_kernel_board_cfgclk                  0x08008801   Thumb Code   206  lld_board_kernel.o(.text.lld_kernel_board_cfgclk)
    lld_kernel_board_cfgmpu                  0x080088d1   Thumb Code    98  lld_board_kernel.o(.text.lld_kernel_board_cfgmpu)
    lld_kernel_get_time                      0x08008939   Thumb Code   162  lld_kernel.o(.text.lld_kernel_get_time)
    lld_kernel_init                          0x080089e1   Thumb Code   244  lld_kernel.o(.text.lld_kernel_init)
    lld_kernel_irq                           0x08008ad9   Thumb Code     8  lld_kernel.o(.text.lld_kernel_irq)
    lld_timer_irq                            0x08008ae1   Thumb Code   116  lld_timer.o(.text.lld_timer_irq)
    lld_timer_irq_inputcapture               0x08008b59   Thumb Code   364  lld_timer.o(.text.lld_timer_irq_inputcapture)
    lld_uart_init                            0x08008cd9   Thumb Code   428  lld_uart.o(.text.lld_uart_init)
    lld_uart_irq                             0x08008eb9   Thumb Code   356  lld_uart.o(.text.lld_uart_irq)
    lld_uart_irq_rxdma                       0x08009021   Thumb Code    84  lld_uart.o(.text.lld_uart_irq_rxdma)
    lld_uart_irq_txdma                       0x08009079   Thumb Code   114  lld_uart.o(.text.lld_uart_irq_txdma)
    lld_uart_rx_dma_init                     0x080090f1   Thumb Code   216  lld_uart.o(.text.lld_uart_rx_dma_init)
    lld_uart_send_bytes                      0x080091d1   Thumb Code   228  lld_uart.o(.text.lld_uart_send_bytes)
    lld_uart_tx_dma_init                     0x080092b9   Thumb Code   208  lld_uart.o(.text.lld_uart_tx_dma_init)
    lldlogsendbytes                          0x08009391   Thumb Code    22  main.o(.text.lldlogsendbytes)
    lldprint                                 0x080093a9   Thumb Code    58  llddebug.o(.text.lldprint)
    lowlevel_uart_pin_source_init            0x080093e9   Thumb Code   396  lld_uart.o(.text.lowlevel_uart_pin_source_init)
    main                                     0x08009579   Thumb Code    76  main.o(.text.main)
    ttscheduler_add_task                     0x080095d1   Thumb Code   170  ttscheduler.o(.text.ttscheduler_add_task)
    ttscheduler_dispatch_tasks               0x08009681   Thumb Code    80  ttscheduler.o(.text.ttscheduler_dispatch_tasks)
    ttscheduler_init                         0x080096d1   Thumb Code    54  ttscheduler.o(.text.ttscheduler_init)
    ttscheduler_update                       0x08009709   Thumb Code    58  ttscheduler.o(.text.ttscheduler_update)
    _btod_d2e                                0x08009743   Thumb Code    62  btod.o(CL$$btod_d2e)
    _d2e_denorm_low                          0x08009781   Thumb Code    70  btod.o(CL$$btod_d2e_denorm_low)
    _d2e_norm_op1                            0x080097c7   Thumb Code    96  btod.o(CL$$btod_d2e_norm_op1)
    __btod_div_common                        0x08009829   Thumb Code   696  btod.o(CL$$btod_div_common)
    _e2e                                     0x08009b61   Thumb Code   220  btod.o(CL$$btod_e2e)
    _btod_ediv                               0x08009c3d   Thumb Code    42  btod.o(CL$$btod_ediv)
    _btod_emul                               0x08009c67   Thumb Code    42  btod.o(CL$$btod_emul)
    __btod_mult_common                       0x08009c91   Thumb Code   580  btod.o(CL$$btod_mult_common)
    __ARM_fpclassify                         0x08009ed5   Thumb Code    48  fpclassify.o(i.__ARM_fpclassify)
    _is_digit                                0x08009f05   Thumb Code    14  __printf_wp.o(i._is_digit)
    _get_lc_numeric                          0x08009f15   Thumb Code    44  lc_numeric_c.o(locale$$code)
    _get_lc_ctype                            0x08009f41   Thumb Code    44  lc_ctype_c.o(locale$$code)
    __aeabi_ul2d                             0x08009f6d   Thumb Code     0  dfltll_clz.o(x$fpl$dfltull)
    _ll_uto_d                                0x08009f6d   Thumb Code   138  dfltll_clz.o(x$fpl$dfltull)
    _fp_init                                 0x08009ff7   Thumb Code    26  fpinit.o(x$fpl$fpinit)
    __fplib_config_fpu_vfp                   0x0800a00f   Thumb Code     0  fpinit.o(x$fpl$fpinit)
    __fplib_config_pureend_doubles           0x0800a00f   Thumb Code     0  fpinit.o(x$fpl$fpinit)
    _printf_fp_dec                           0x0800a011   Thumb Code     4  printf1.o(x$fpl$printf1)
    _printf_fp_hex                           0x0800a015   Thumb Code     4  printf2.o(x$fpl$printf2)
    __I$use$fp                               0x0800a018   Number         0  usenofp.o(x$fpl$usenofp)
    D1CorePrescTable                         0x0800a12c   Data          16  system_stm32h7xx.o(.rodata.D1CorePrescTable)
    UARTPrescTable                           0x0800a13c   Data          24  stm32h7xx_hal_uart.o(.rodata.UARTPrescTable)
    Region$$Table$$Base                      0x0800a434   Number         0  anon$$obj.o(Region$$Table)
    Region$$Table$$Limit                     0x0800a464   Number         0  anon$$obj.o(Region$$Table)
    __ctype                                  0x0800a48d   Data           0  lc_ctype_c.o(locale$$data)
    SystemCoreClock                          0x20000000   Data           4  system_stm32h7xx.o(.data.SystemCoreClock)
    SystemD2Clock                            0x20000004   Data           4  system_stm32h7xx.o(.data.SystemD2Clock)
    uwTickFreq                               0x2000000c   Data           1  stm32h7xx_hal.o(.data.uwTickFreq)
    uwTickPrio                               0x20000010   Data           4  stm32h7xx_hal.o(.data.uwTickPrio)
    __libspace_start                         0x20000018   Data          96  libspace.o(.bss)
    __temporary_stack_top$libspace           0x20000078   Data           0  libspace.o(.bss)
    abs_time                                 0x20000080   Data           8  lld_kernel.o(.bss.abs_time)
    buffer                                   0x20000088   Data         128  llddebug.o(.bss.buffer)
    com1                                     0x20000108   Data         472  main.o(.bss.com1)
    mcu_can_list                             0x20000830   Data           8  lld_can.o(.bss.mcu_can_list)
    mcu_exit_list                            0x20000838   Data          64  lld_exirq.o(.bss.mcu_exit_list)
    mcu_i2c_list                             0x20000878   Data          16  lld_i2c.o(.bss.mcu_i2c_list)
    mcu_timer_list                           0x20000888   Data          32  lld_timer.o(.bss.mcu_timer_list)
    mcu_uart_list                            0x200008a8   Data          32  lld_uart.o(.bss.mcu_uart_list)
    uwTick                                   0x200008c8   Data           4  stm32h7xx_hal.o(.bss.uwTick)



==============================================================================

Memory Map of the image

  Image Entry point : 0x08000299

  Load Region LR_IROM1 (Base: 0x08000000, Size: 0x0000b5c0, Max: 0x00200000, ABSOLUTE, COMPRESSED[0x0000a5e4])

    Execution Region ER_IROM1 (Exec base: 0x08000000, Load base: 0x08000000, Size: 0x0000a590, Max: 0x00200000, ABSOLUTE)

    Exec Addr    Load Addr    Size         Type   Attr      Idx    E Section Name        Object

    0x08000000   0x08000000   0x00000298   Data   RO         1922    RESET               startup_stm32h743xx.o
    0x08000298   0x08000298   0x00000008   Code   RO         2545  * !!!main             c_w.l(__main.o)
    0x080002a0   0x080002a0   0x00000034   Code   RO         2948    !!!scatter          c_w.l(__scatter.o)
    0x080002d4   0x080002d4   0x0000003a   Code   RO         2946    !!dczerorl          c_w.l(__dczerorl.o)
    0x0800030e   0x0800030e   0x00000002   PAD
    0x08000310   0x08000310   0x0000001a   Code   RO         2950    !!handler_copy      c_w.l(__scatter_copy.o)
    0x0800032a   0x0800032a   0x00000002   PAD
    0x0800032c   0x0800032c   0x0000001c   Code   RO         2952    !!handler_zi        c_w.l(__scatter_zi.o)
    0x08000348   0x08000348   0x00000000   Code   RO         2668    .ARM.Collect$$_printf_percent$$00000000  c_w.l(_printf_percent.o)
    0x08000348   0x08000348   0x00000006   Code   RO         2657    .ARM.Collect$$_printf_percent$$00000001  c_w.l(_printf_n.o)
    0x0800034e   0x0800034e   0x00000006   Code   RO         2659    .ARM.Collect$$_printf_percent$$00000002  c_w.l(_printf_p.o)
    0x08000354   0x08000354   0x00000006   Code   RO         2664    .ARM.Collect$$_printf_percent$$00000003  c_w.l(_printf_f.o)
    0x0800035a   0x0800035a   0x00000006   Code   RO         2665    .ARM.Collect$$_printf_percent$$00000004  c_w.l(_printf_e.o)
    0x08000360   0x08000360   0x00000006   Code   RO         2666    .ARM.Collect$$_printf_percent$$00000005  c_w.l(_printf_g.o)
    0x08000366   0x08000366   0x00000006   Code   RO         2667    .ARM.Collect$$_printf_percent$$00000006  c_w.l(_printf_a.o)
    0x0800036c   0x0800036c   0x0000000a   Code   RO         2672    .ARM.Collect$$_printf_percent$$00000007  c_w.l(_printf_ll.o)
    0x08000376   0x08000376   0x00000006   Code   RO         2661    .ARM.Collect$$_printf_percent$$00000008  c_w.l(_printf_i.o)
    0x0800037c   0x0800037c   0x00000006   Code   RO         2662    .ARM.Collect$$_printf_percent$$00000009  c_w.l(_printf_d.o)
    0x08000382   0x08000382   0x00000006   Code   RO         2663    .ARM.Collect$$_printf_percent$$0000000A  c_w.l(_printf_u.o)
    0x08000388   0x08000388   0x00000006   Code   RO         2660    .ARM.Collect$$_printf_percent$$0000000B  c_w.l(_printf_o.o)
    0x0800038e   0x0800038e   0x00000006   Code   RO         2658    .ARM.Collect$$_printf_percent$$0000000C  c_w.l(_printf_x.o)
    0x08000394   0x08000394   0x00000006   Code   RO         2669    .ARM.Collect$$_printf_percent$$0000000D  c_w.l(_printf_lli.o)
    0x0800039a   0x0800039a   0x00000006   Code   RO         2670    .ARM.Collect$$_printf_percent$$0000000E  c_w.l(_printf_lld.o)
    0x080003a0   0x080003a0   0x00000006   Code   RO         2671    .ARM.Collect$$_printf_percent$$0000000F  c_w.l(_printf_llu.o)
    0x080003a6   0x080003a6   0x00000006   Code   RO         2676    .ARM.Collect$$_printf_percent$$00000010  c_w.l(_printf_llo.o)
    0x080003ac   0x080003ac   0x00000006   Code   RO         2677    .ARM.Collect$$_printf_percent$$00000011  c_w.l(_printf_llx.o)
    0x080003b2   0x080003b2   0x0000000a   Code   RO         2673    .ARM.Collect$$_printf_percent$$00000012  c_w.l(_printf_l.o)
    0x080003bc   0x080003bc   0x00000006   Code   RO         2655    .ARM.Collect$$_printf_percent$$00000013  c_w.l(_printf_c.o)
    0x080003c2   0x080003c2   0x00000006   Code   RO         2656    .ARM.Collect$$_printf_percent$$00000014  c_w.l(_printf_s.o)
    0x080003c8   0x080003c8   0x00000006   Code   RO         2674    .ARM.Collect$$_printf_percent$$00000015  c_w.l(_printf_lc.o)
    0x080003ce   0x080003ce   0x00000006   Code   RO         2675    .ARM.Collect$$_printf_percent$$00000016  c_w.l(_printf_ls.o)
    0x080003d4   0x080003d4   0x00000004   Code   RO         2787    .ARM.Collect$$_printf_percent$$00000017  c_w.l(_printf_percent_end.o)
    0x080003d8   0x080003d8   0x00000002   Code   RO         2868    .ARM.Collect$$libinit$$00000000  c_w.l(libinit.o)
    0x080003da   0x080003da   0x00000004   Code   RO         2682    .ARM.Collect$$libinit$$00000001  c_w.l(libinit2.o)
    0x080003de   0x080003de   0x00000000   Code   RO         2685    .ARM.Collect$$libinit$$00000004  c_w.l(libinit2.o)
    0x080003de   0x080003de   0x00000000   Code   RO         2687    .ARM.Collect$$libinit$$00000006  c_w.l(libinit2.o)
    0x080003de   0x080003de   0x00000008   Code   RO         2688    .ARM.Collect$$libinit$$00000007  c_w.l(libinit2.o)
    0x080003e6   0x080003e6   0x00000000   Code   RO         2690    .ARM.Collect$$libinit$$0000000C  c_w.l(libinit2.o)
    0x080003e6   0x080003e6   0x00000000   Code   RO         2692    .ARM.Collect$$libinit$$0000000E  c_w.l(libinit2.o)
    0x080003e6   0x080003e6   0x00000000   Code   RO         2694    .ARM.Collect$$libinit$$00000010  c_w.l(libinit2.o)
    0x080003e6   0x080003e6   0x00000006   Code   RO         2695    .ARM.Collect$$libinit$$00000011  c_w.l(libinit2.o)
    0x080003ec   0x080003ec   0x00000000   Code   RO         2697    .ARM.Collect$$libinit$$00000013  c_w.l(libinit2.o)
    0x080003ec   0x080003ec   0x0000000c   Code   RO         2698    .ARM.Collect$$libinit$$00000014  c_w.l(libinit2.o)
    0x080003f8   0x080003f8   0x00000000   Code   RO         2699    .ARM.Collect$$libinit$$00000015  c_w.l(libinit2.o)
    0x080003f8   0x080003f8   0x00000000   Code   RO         2701    .ARM.Collect$$libinit$$00000017  c_w.l(libinit2.o)
    0x080003f8   0x080003f8   0x0000000a   Code   RO         2702    .ARM.Collect$$libinit$$00000018  c_w.l(libinit2.o)
    0x08000402   0x08000402   0x00000000   Code   RO         2703    .ARM.Collect$$libinit$$00000019  c_w.l(libinit2.o)
    0x08000402   0x08000402   0x00000000   Code   RO         2705    .ARM.Collect$$libinit$$0000001B  c_w.l(libinit2.o)
    0x08000402   0x08000402   0x00000000   Code   RO         2707    .ARM.Collect$$libinit$$0000001D  c_w.l(libinit2.o)
    0x08000402   0x08000402   0x00000000   Code   RO         2709    .ARM.Collect$$libinit$$0000001F  c_w.l(libinit2.o)
    0x08000402   0x08000402   0x00000000   Code   RO         2711    .ARM.Collect$$libinit$$00000021  c_w.l(libinit2.o)
    0x08000402   0x08000402   0x00000000   Code   RO         2713    .ARM.Collect$$libinit$$00000023  c_w.l(libinit2.o)
    0x08000402   0x08000402   0x00000000   Code   RO         2715    .ARM.Collect$$libinit$$00000025  c_w.l(libinit2.o)
    0x08000402   0x08000402   0x00000000   Code   RO         2717    .ARM.Collect$$libinit$$00000027  c_w.l(libinit2.o)
    0x08000402   0x08000402   0x00000000   Code   RO         2721    .ARM.Collect$$libinit$$0000002E  c_w.l(libinit2.o)
    0x08000402   0x08000402   0x00000000   Code   RO         2723    .ARM.Collect$$libinit$$00000030  c_w.l(libinit2.o)
    0x08000402   0x08000402   0x00000000   Code   RO         2725    .ARM.Collect$$libinit$$00000032  c_w.l(libinit2.o)
    0x08000402   0x08000402   0x00000000   Code   RO         2727    .ARM.Collect$$libinit$$00000034  c_w.l(libinit2.o)
    0x08000402   0x08000402   0x00000002   Code   RO         2728    .ARM.Collect$$libinit$$00000035  c_w.l(libinit2.o)
    0x08000404   0x08000404   0x00000002   Code   RO         2943    .ARM.Collect$$libshutdown$$00000000  c_w.l(libshutdown.o)
    0x08000406   0x08000406   0x00000000   Code   RO         2897    .ARM.Collect$$libshutdown$$00000002  c_w.l(libshutdown2.o)
    0x08000406   0x08000406   0x00000000   Code   RO         2899    .ARM.Collect$$libshutdown$$00000004  c_w.l(libshutdown2.o)
    0x08000406   0x08000406   0x00000000   Code   RO         2902    .ARM.Collect$$libshutdown$$00000007  c_w.l(libshutdown2.o)
    0x08000406   0x08000406   0x00000000   Code   RO         2905    .ARM.Collect$$libshutdown$$0000000A  c_w.l(libshutdown2.o)
    0x08000406   0x08000406   0x00000000   Code   RO         2907    .ARM.Collect$$libshutdown$$0000000C  c_w.l(libshutdown2.o)
    0x08000406   0x08000406   0x00000000   Code   RO         2910    .ARM.Collect$$libshutdown$$0000000F  c_w.l(libshutdown2.o)
    0x08000406   0x08000406   0x00000002   Code   RO         2911    .ARM.Collect$$libshutdown$$00000010  c_w.l(libshutdown2.o)
    0x08000408   0x08000408   0x00000000   Code   RO         2553    .ARM.Collect$$rtentry$$00000000  c_w.l(__rtentry.o)
    0x08000408   0x08000408   0x00000000   Code   RO         2746    .ARM.Collect$$rtentry$$00000002  c_w.l(__rtentry2.o)
    0x08000408   0x08000408   0x00000006   Code   RO         2758    .ARM.Collect$$rtentry$$00000004  c_w.l(__rtentry4.o)
    0x0800040e   0x0800040e   0x00000000   Code   RO         2748    .ARM.Collect$$rtentry$$00000009  c_w.l(__rtentry2.o)
    0x0800040e   0x0800040e   0x00000004   Code   RO         2749    .ARM.Collect$$rtentry$$0000000A  c_w.l(__rtentry2.o)
    0x08000412   0x08000412   0x00000000   Code   RO         2751    .ARM.Collect$$rtentry$$0000000C  c_w.l(__rtentry2.o)
    0x08000412   0x08000412   0x00000008   Code   RO         2752    .ARM.Collect$$rtentry$$0000000D  c_w.l(__rtentry2.o)
    0x0800041a   0x0800041a   0x00000002   Code   RO         2877    .ARM.Collect$$rtexit$$00000000  c_w.l(rtexit.o)
    0x0800041c   0x0800041c   0x00000000   Code   RO         2917    .ARM.Collect$$rtexit$$00000002  c_w.l(rtexit2.o)
    0x0800041c   0x0800041c   0x00000004   Code   RO         2918    .ARM.Collect$$rtexit$$00000003  c_w.l(rtexit2.o)
    0x08000420   0x08000420   0x00000006   Code   RO         2919    .ARM.Collect$$rtexit$$00000004  c_w.l(rtexit2.o)
    0x08000426   0x08000426   0x00000002   PAD
    0x08000428   0x08000428   0x00000040   Code   RO         1923    .text               startup_stm32h743xx.o
    0x08000468   0x08000468   0x0000005e   Code   RO         2481    .text               c_w.l(h1_alloc.o)
    0x080004c6   0x080004c6   0x000000f0   Code   RO         2535    .text               c_w.l(lludivv7m.o)
    0x080005b6   0x080005b6   0x00000002   PAD
    0x080005b8   0x080005b8   0x0000003c   Code   RO         2537    .text               c_w.l(vsnprintf.o)
    0x080005f4   0x080005f4   0x0000003e   Code   RO         2539    .text               c_w.l(strlen.o)
    0x08000632   0x08000632   0x0000004e   Code   RO         2541    .text               c_w.l(rt_memclr_w.o)
    0x08000680   0x08000680   0x00000006   Code   RO         2543    .text               c_w.l(heapauxi.o)
    0x08000686   0x08000686   0x00000002   PAD
    0x08000688   0x08000688   0x00000008   Code   RO         2561    .text               c_w.l(rt_heap_descriptor_intlibspace.o)
    0x08000690   0x08000690   0x00000004   Code   RO         2563    .text               c_w.l(hguard.o)
    0x08000694   0x08000694   0x0000008a   Code   RO         2565    .text               c_w.l(init_alloc.o)
    0x0800071e   0x0800071e   0x0000000e   Code   RO         2571    .text               c_w.l(h1_init.o)
    0x0800072c   0x0800072c   0x0000004e   Code   RO         2573    .text               c_w.l(h1_free.o)
    0x0800077a   0x0800077a   0x0000004e   Code   RO         2589    .text               c_w.l(_printf_pad.o)
    0x080007c8   0x080007c8   0x00000024   Code   RO         2591    .text               c_w.l(_printf_truncate.o)
    0x080007ec   0x080007ec   0x00000052   Code   RO         2593    .text               c_w.l(_printf_str.o)
    0x0800083e   0x0800083e   0x00000002   PAD
    0x08000840   0x08000840   0x00000078   Code   RO         2595    .text               c_w.l(_printf_dec.o)
    0x080008b8   0x080008b8   0x00000028   Code   RO         2597    .text               c_w.l(_printf_charcount.o)
    0x080008e0   0x080008e0   0x00000030   Code   RO         2599    .text               c_w.l(_printf_char_common.o)
    0x08000910   0x08000910   0x00000010   Code   RO         2601    .text               c_w.l(_snputc.o)
    0x08000920   0x08000920   0x000000bc   Code   RO         2603    .text               c_w.l(_printf_wctomb.o)
    0x080009dc   0x080009dc   0x0000007c   Code   RO         2606    .text               c_w.l(_printf_longlong_dec.o)
    0x08000a58   0x08000a58   0x00000070   Code   RO         2612    .text               c_w.l(_printf_oct_int_ll.o)
    0x08000ac8   0x08000ac8   0x00000094   Code   RO         2632    .text               c_w.l(_printf_hex_int_ll_ptr.o)
    0x08000b5c   0x08000b5c   0x00000188   Code   RO         2652    .text               c_w.l(__printf_flags_ss_wp.o)
    0x08000ce4   0x08000ce4   0x00000008   Code   RO         2742    .text               c_w.l(libspace.o)
    0x08000cec   0x08000cec   0x00000000   Code   RO         2764    .text               c_w.l(maybetermalloc1.o)
    0x08000cec   0x08000cec   0x00000034   Code   RO         2766    .text               c_w.l(h1_extend.o)
    0x08000d20   0x08000d20   0x0000008a   Code   RO         2770    .text               c_w.l(lludiv10.o)
    0x08000daa   0x08000daa   0x000000b2   Code   RO         2772    .text               c_w.l(_printf_intcommon.o)
    0x08000e5c   0x08000e5c   0x0000041c   Code   RO         2774    .text               c_w.l(_printf_fp_dec.o)
    0x08001278   0x08001278   0x000002fc   Code   RO         2778    .text               c_w.l(_printf_fp_hex.o)
    0x08001574   0x08001574   0x0000002c   Code   RO         2783    .text               c_w.l(_printf_char.o)
    0x080015a0   0x080015a0   0x0000002c   Code   RO         2785    .text               c_w.l(_printf_wchar.o)
    0x080015cc   0x080015cc   0x00000048   Code   RO         2788    .text               c_w.l(_c16rtomb.o)
    0x08001614   0x08001614   0x0000000e   Code   RO         2790    .text               c_w.l(defsig_rtmem_outer.o)
    0x08001622   0x08001622   0x00000002   Code   RO         2801    .text               c_w.l(use_no_semi.o)
    0x08001624   0x08001624   0x00000000   Code   RO         2803    .text               c_w.l(indicate_semi.o)
    0x08001624   0x08001624   0x0000004a   Code   RO         2804    .text               c_w.l(sys_stackheap_outer.o)
    0x0800166e   0x0800166e   0x00000002   PAD
    0x08001670   0x08001670   0x00000010   Code   RO         2806    .text               c_w.l(rt_ctype_table.o)
    0x08001680   0x08001680   0x00000008   Code   RO         2813    .text               c_w.l(rt_locale_intlibspace.o)
    0x08001688   0x08001688   0x00000080   Code   RO         2817    .text               c_w.l(_printf_fp_infnan.o)
    0x08001708   0x08001708   0x000000e4   Code   RO         2819    .text               c_w.l(bigflt0.o)
    0x080017ec   0x080017ec   0x00000012   Code   RO         2849    .text               c_w.l(exit.o)
    0x080017fe   0x080017fe   0x0000000a   Code   RO         2851    .text               c_w.l(defsig_exit.o)
    0x08001808   0x08001808   0x00000050   Code   RO         2857    .text               c_w.l(defsig_rtmem_inner.o)
    0x08001858   0x08001858   0x0000000c   Code   RO         2873    .text               c_w.l(sys_exit.o)
    0x08001864   0x08001864   0x00000032   Code   RO         2890    .text               c_w.l(defsig_general.o)
    0x08001896   0x08001896   0x00000002   PAD
    0x08001898   0x08001898   0x0000007c   Code   RO         2894    .text               c_w.l(strcmpv7m_pel.o)
    0x08001914   0x08001914   0x0000000e   Code   RO         2912    .text               c_w.l(sys_wrch.o)
    0x08001922   0x08001922   0x00000006   PAD
    0x08001928   0x08001928   0x00000002   Code   RO         1947    .text.BusFault_Handler  stm32h7xx_it.o
    0x0800192a   0x0800192a   0x00000006   PAD
    0x08001930   0x08001930   0x0000001a   Code   RO         2107    .text.DMA1_Stream0_IRQHandler  lld_interrupt.o
    0x0800194a   0x0800194a   0x00000006   PAD
    0x08001950   0x08001950   0x0000001a   Code   RO         2109    .text.DMA1_Stream1_IRQHandler  lld_interrupt.o
    0x0800196a   0x0800196a   0x00000006   PAD
    0x08001970   0x08001970   0x0000001a   Code   RO         2111    .text.DMA1_Stream2_IRQHandler  lld_interrupt.o
    0x0800198a   0x0800198a   0x00000006   PAD
    0x08001990   0x08001990   0x0000001a   Code   RO         2113    .text.DMA1_Stream3_IRQHandler  lld_interrupt.o
    0x080019aa   0x080019aa   0x00000006   PAD
    0x080019b0   0x080019b0   0x0000001a   Code   RO         2115    .text.DMA1_Stream4_IRQHandler  lld_interrupt.o
    0x080019ca   0x080019ca   0x00000006   PAD
    0x080019d0   0x080019d0   0x0000001a   Code   RO         2117    .text.DMA1_Stream5_IRQHandler  lld_interrupt.o
    0x080019ea   0x080019ea   0x00000006   PAD
    0x080019f0   0x080019f0   0x0000001a   Code   RO         2119    .text.DMA1_Stream6_IRQHandler  lld_interrupt.o
    0x08001a0a   0x08001a0a   0x00000006   PAD
    0x08001a10   0x08001a10   0x0000001a   Code   RO         2121    .text.DMA1_Stream7_IRQHandler  lld_interrupt.o
    0x08001a2a   0x08001a2a   0x00000006   PAD
    0x08001a30   0x08001a30   0x0000001c   Code   RO         2123    .text.DMA2_Stream0_IRQHandler  lld_interrupt.o
    0x08001a4c   0x08001a4c   0x00000004   PAD
    0x08001a50   0x08001a50   0x0000001c   Code   RO         2125    .text.DMA2_Stream1_IRQHandler  lld_interrupt.o
    0x08001a6c   0x08001a6c   0x00000004   PAD
    0x08001a70   0x08001a70   0x0000001c   Code   RO         2127    .text.DMA2_Stream2_IRQHandler  lld_interrupt.o
    0x08001a8c   0x08001a8c   0x00000004   PAD
    0x08001a90   0x08001a90   0x0000001c   Code   RO         2129    .text.DMA2_Stream3_IRQHandler  lld_interrupt.o
    0x08001aac   0x08001aac   0x00000004   PAD
    0x08001ab0   0x08001ab0   0x0000001c   Code   RO         2131    .text.DMA2_Stream4_IRQHandler  lld_interrupt.o
    0x08001acc   0x08001acc   0x00000004   PAD
    0x08001ad0   0x08001ad0   0x0000001c   Code   RO         2133    .text.DMA2_Stream5_IRQHandler  lld_interrupt.o
    0x08001aec   0x08001aec   0x00000004   PAD
    0x08001af0   0x08001af0   0x0000001c   Code   RO         2135    .text.DMA2_Stream6_IRQHandler  lld_interrupt.o
    0x08001b0c   0x08001b0c   0x00000004   PAD
    0x08001b10   0x08001b10   0x0000001c   Code   RO         2137    .text.DMA2_Stream7_IRQHandler  lld_interrupt.o
    0x08001b2c   0x08001b2c   0x00000004   PAD
    0x08001b30   0x08001b30   0x0000011c   Code   RO          163    .text.DMA_CalcBaseAndBitshift  stm32h7xx_hal_dma.o
    0x08001c4c   0x08001c4c   0x00000004   PAD
    0x08001c50   0x08001c50   0x000002ee   Code   RO          169    .text.DMA_SetConfig  stm32h7xx_hal_dma.o
    0x08001f3e   0x08001f3e   0x00000002   PAD
    0x08001f40   0x08001f40   0x00000002   Code   RO         1953    .text.DebugMon_Handler  stm32h7xx_it.o
    0x08001f42   0x08001f42   0x00000006   PAD
    0x08001f48   0x08001f48   0x0000000a   Code   RO         2141    .text.EXTI0_IRQHandler  lld_interrupt.o
    0x08001f52   0x08001f52   0x00000006   PAD
    0x08001f58   0x08001f58   0x0000006a   Code   RO         2153    .text.EXTI15_10_IRQHandler  lld_interrupt.o
    0x08001fc2   0x08001fc2   0x00000006   PAD
    0x08001fc8   0x08001fc8   0x0000000a   Code   RO         2143    .text.EXTI1_IRQHandler  lld_interrupt.o
    0x08001fd2   0x08001fd2   0x00000006   PAD
    0x08001fd8   0x08001fd8   0x0000000a   Code   RO         2145    .text.EXTI2_IRQHandler  lld_interrupt.o
    0x08001fe2   0x08001fe2   0x00000006   PAD
    0x08001fe8   0x08001fe8   0x0000000a   Code   RO         2147    .text.EXTI3_IRQHandler  lld_interrupt.o
    0x08001ff2   0x08001ff2   0x00000006   PAD
    0x08001ff8   0x08001ff8   0x0000000a   Code   RO         2149    .text.EXTI4_IRQHandler  lld_interrupt.o
    0x08002002   0x08002002   0x00000006   PAD
    0x08002008   0x08002008   0x00000054   Code   RO         2151    .text.EXTI9_5_IRQHandler  lld_interrupt.o
    0x0800205c   0x0800205c   0x00000004   PAD
    0x08002060   0x08002060   0x00000018   Code   RO         2183    .text.FDCAN1_IT0_IRQHandler  lld_interrupt.o
    0x08002078   0x08002078   0x00000018   Code   RO         2185    .text.FDCAN1_IT1_IRQHandler  lld_interrupt.o
    0x08002090   0x08002090   0x00000018   Code   RO         2187    .text.FDCAN2_IT0_IRQHandler  lld_interrupt.o
    0x080020a8   0x080020a8   0x00000018   Code   RO         2189    .text.FDCAN2_IT1_IRQHandler  lld_interrupt.o
    0x080020c0   0x080020c0   0x000005be   Code   RO          173    .text.HAL_DMA_Abort  stm32h7xx_hal_dma.o
    0x0800267e   0x0800267e   0x00000002   PAD
    0x08002680   0x08002680   0x0000046a   Code   RO          175    .text.HAL_DMA_Abort_IT  stm32h7xx_hal_dma.o
    0x08002aea   0x08002aea   0x00000006   PAD
    0x08002af0   0x08002af0   0x0000043a   Code   RO          165    .text.HAL_DMA_DeInit  stm32h7xx_hal_dma.o
    0x08002f2a   0x08002f2a   0x00000006   PAD
    0x08002f30   0x08002f30   0x00000004   Code   RO          187    .text.HAL_DMA_GetError  stm32h7xx_hal_dma.o
    0x08002f34   0x08002f34   0x00000004   PAD
    0x08002f38   0x08002f38   0x00000006   Code   RO          185    .text.HAL_DMA_GetState  stm32h7xx_hal_dma.o
    0x08002f3e   0x08002f3e   0x00000002   PAD
    0x08002f40   0x08002f40   0x00000b72   Code   RO          179    .text.HAL_DMA_IRQHandler  stm32h7xx_hal_dma.o
    0x08003ab2   0x08003ab2   0x00000006   PAD
    0x08003ab8   0x08003ab8   0x00000706   Code   RO          161    .text.HAL_DMA_Init  stm32h7xx_hal_dma.o
    0x080041be   0x080041be   0x00000002   PAD
    0x080041c0   0x080041c0   0x0000045c   Code   RO          171    .text.HAL_DMA_Start_IT  stm32h7xx_hal_dma.o
    0x0800461c   0x0800461c   0x00000004   PAD
    0x08004620   0x08004620   0x00000012   Code   RO           60    .text.HAL_EnableCompensationCell  stm32h7xx_hal.o
    0x08004632   0x08004632   0x00000006   PAD
    0x08004638   0x08004638   0x00000078   Code   RO          471    .text.HAL_FDCAN_ActivateNotification  stm32h7xx_hal_fdcan.o
    0x080046b0   0x080046b0   0x00000002   Code   RO          485    .text.HAL_FDCAN_ClockCalibrationCallback  stm32h7xx_hal_fdcan.o
    0x080046b2   0x080046b2   0x00000006   PAD
    0x080046b8   0x080046b8   0x00000002   Code   RO          513    .text.HAL_FDCAN_ErrorCallback  stm32h7xx_hal_fdcan.o
    0x080046ba   0x080046ba   0x00000006   PAD
    0x080046c0   0x080046c0   0x00000002   Code   RO          503    .text.HAL_FDCAN_ErrorStatusCallback  stm32h7xx_hal_fdcan.o
    0x080046c2   0x080046c2   0x00000006   PAD
    0x080046c8   0x080046c8   0x00000194   Code   RO          403    .text.HAL_FDCAN_GetRxMessage  stm32h7xx_hal_fdcan.o
    0x0800485c   0x0800485c   0x00000004   PAD
    0x08004860   0x08004860   0x00000002   Code   RO          481    .text.HAL_FDCAN_HighPriorityMessageCallback  stm32h7xx_hal_fdcan.o
    0x08004862   0x08004862   0x00000006   PAD
    0x08004868   0x08004868   0x0000030e   Code   RO          479    .text.HAL_FDCAN_IRQHandler  stm32h7xx_hal_fdcan.o
    0x08004b76   0x08004b76   0x00000002   PAD
    0x08004b78   0x08004b78   0x00000002   Code   RO          497    .text.HAL_FDCAN_RxBufferNewMessageCallback  stm32h7xx_hal_fdcan.o
    0x08004b7a   0x08004b7a   0x00000006   PAD
    0x08004b80   0x08004b80   0x00000046   Code   RO         2179    .text.HAL_FDCAN_RxFifo0Callback  lld_interrupt.o
    0x08004bc6   0x08004bc6   0x00000002   PAD
    0x08004bc8   0x08004bc8   0x00000046   Code   RO         2181    .text.HAL_FDCAN_RxFifo1Callback  lld_interrupt.o
    0x08004c0e   0x08004c0e   0x00000002   PAD
    0x08004c10   0x08004c10   0x00000002   Code   RO          511    .text.HAL_FDCAN_TT_GlobalTimeCallback  stm32h7xx_hal_fdcan.o
    0x08004c12   0x08004c12   0x00000006   PAD
    0x08004c18   0x08004c18   0x00000002   Code   RO          505    .text.HAL_FDCAN_TT_ScheduleSyncCallback  stm32h7xx_hal_fdcan.o
    0x08004c1a   0x08004c1a   0x00000006   PAD
    0x08004c20   0x08004c20   0x00000002   Code   RO          509    .text.HAL_FDCAN_TT_StopWatchCallback  stm32h7xx_hal_fdcan.o
    0x08004c22   0x08004c22   0x00000006   PAD
    0x08004c28   0x08004c28   0x00000002   Code   RO          507    .text.HAL_FDCAN_TT_TimeMarkCallback  stm32h7xx_hal_fdcan.o
    0x08004c2a   0x08004c2a   0x00000006   PAD
    0x08004c30   0x08004c30   0x00000002   Code   RO          501    .text.HAL_FDCAN_TimeoutOccurredCallback  stm32h7xx_hal_fdcan.o
    0x08004c32   0x08004c32   0x00000006   PAD
    0x08004c38   0x08004c38   0x00000002   Code   RO          499    .text.HAL_FDCAN_TimestampWraparoundCallback  stm32h7xx_hal_fdcan.o
    0x08004c3a   0x08004c3a   0x00000006   PAD
    0x08004c40   0x08004c40   0x00000002   Code   RO          483    .text.HAL_FDCAN_TxBufferAbortCallback  stm32h7xx_hal_fdcan.o
    0x08004c42   0x08004c42   0x00000006   PAD
    0x08004c48   0x08004c48   0x00000002   Code   RO          495    .text.HAL_FDCAN_TxBufferCompleteCallback  stm32h7xx_hal_fdcan.o
    0x08004c4a   0x08004c4a   0x00000006   PAD
    0x08004c50   0x08004c50   0x00000002   Code   RO          487    .text.HAL_FDCAN_TxEventFifoCallback  stm32h7xx_hal_fdcan.o
    0x08004c52   0x08004c52   0x00000006   PAD
    0x08004c58   0x08004c58   0x00000002   Code   RO          493    .text.HAL_FDCAN_TxFifoEmptyCallback  stm32h7xx_hal_fdcan.o
    0x08004c5a   0x08004c5a   0x00000006   PAD
    0x08004c60   0x08004c60   0x000000e6   Code   RO         2139    .text.HAL_GPIO_EXTI_Callback  lld_interrupt.o
    0x08004d46   0x08004d46   0x00000002   PAD
    0x08004d48   0x08004d48   0x00000018   Code   RO          606    .text.HAL_GPIO_EXTI_IRQHandler  stm32h7xx_hal_gpio.o
    0x08004d60   0x08004d60   0x000001a6   Code   RO          594    .text.HAL_GPIO_Init  stm32h7xx_hal_gpio.o
    0x08004f06   0x08004f06   0x00000002   PAD
    0x08004f08   0x08004f08   0x0000000a   Code   RO          598    .text.HAL_GPIO_ReadPin  stm32h7xx_hal_gpio.o
    0x08004f12   0x08004f12   0x00000006   PAD
    0x08004f18   0x08004f18   0x0000000e   Code   RO           30    .text.HAL_GetREVID  stm32h7xx_hal.o
    0x08004f26   0x08004f26   0x00000002   PAD
    0x08004f28   0x08004f28   0x0000000c   Code   RO           14    .text.HAL_GetTick   stm32h7xx_hal.o
    0x08004f34   0x08004f34   0x00000004   PAD
    0x08004f38   0x08004f38   0x00000002   Code   RO          742    .text.HAL_I2C_AbortCpltCallback  stm32h7xx_hal_i2c.o
    0x08004f3a   0x08004f3a   0x00000006   PAD
    0x08004f40   0x08004f40   0x00000002   Code   RO          732    .text.HAL_I2C_AddrCallback  stm32h7xx_hal_i2c.o
    0x08004f42   0x08004f42   0x00000006   PAD
    0x08004f48   0x08004f48   0x00000064   Code   RO          720    .text.HAL_I2C_ER_IRQHandler  stm32h7xx_hal_i2c.o
    0x08004fac   0x08004fac   0x00000004   PAD
    0x08004fb0   0x08004fb0   0x00000014   Code   RO          718    .text.HAL_I2C_EV_IRQHandler  stm32h7xx_hal_i2c.o
    0x08004fc4   0x08004fc4   0x00000004   PAD
    0x08004fc8   0x08004fc8   0x00000008   Code   RO         2161    .text.HAL_I2C_ErrorCallback  lld_interrupt.o
    0x08004fd0   0x08004fd0   0x00000004   Code   RO          748    .text.HAL_I2C_GetError  stm32h7xx_hal_i2c.o
    0x08004fd4   0x08004fd4   0x00000004   PAD
    0x08004fd8   0x08004fd8   0x00000002   Code   RO          734    .text.HAL_I2C_ListenCpltCallback  stm32h7xx_hal_i2c.o
    0x08004fda   0x08004fda   0x00000006   PAD
    0x08004fe0   0x08004fe0   0x00000002   Code   RO          730    .text.HAL_I2C_SlaveRxCpltCallback  stm32h7xx_hal_i2c.o
    0x08004fe2   0x08004fe2   0x00000006   PAD
    0x08004fe8   0x08004fe8   0x00000002   Code   RO          728    .text.HAL_I2C_SlaveTxCpltCallback  stm32h7xx_hal_i2c.o
    0x08004fea   0x08004fea   0x00000006   PAD
    0x08004ff0   0x08004ff0   0x0000001a   Code   RO           12    .text.HAL_IncTick   stm32h7xx_hal.o
    0x0800500a   0x0800500a   0x00000006   PAD
    0x08005010   0x08005010   0x00000064   Code   RO            2    .text.HAL_Init      stm32h7xx_hal.o
    0x08005074   0x08005074   0x00000004   PAD
    0x08005078   0x08005078   0x00000054   Code   RO            4    .text.HAL_InitTick  stm32h7xx_hal.o
    0x080050cc   0x080050cc   0x00000004   PAD
    0x080050d0   0x080050d0   0x0000005e   Code   RO          131    .text.HAL_MPU_ConfigRegion  stm32h7xx_hal_cortex.o
    0x0800512e   0x0800512e   0x00000002   PAD
    0x08005130   0x08005130   0x0000001a   Code   RO          123    .text.HAL_MPU_Disable  stm32h7xx_hal_cortex.o
    0x0800514a   0x0800514a   0x00000006   PAD
    0x08005150   0x08005150   0x00000020   Code   RO          125    .text.HAL_MPU_Enable  stm32h7xx_hal_cortex.o
    0x08005170   0x08005170   0x00000002   Code   RO         1930    .text.HAL_MspInit   stm32h7xx_hal_msp.o
    0x08005172   0x08005172   0x00000006   PAD
    0x08005178   0x08005178   0x00000020   Code   RO          113    .text.HAL_NVIC_EnableIRQ  stm32h7xx_hal_cortex.o
    0x08005198   0x08005198   0x0000005e   Code   RO          111    .text.HAL_NVIC_SetPriority  stm32h7xx_hal_cortex.o
    0x080051f6   0x080051f6   0x00000002   PAD
    0x080051f8   0x080051f8   0x00000020   Code   RO          109    .text.HAL_NVIC_SetPriorityGrouping  stm32h7xx_hal_cortex.o
    0x08005218   0x08005218   0x00000026   Code   RO          986    .text.HAL_RCCEx_GetD3PCLK1Freq  stm32h7xx_hal_rcc_ex.o
    0x0800523e   0x0800523e   0x00000002   PAD
    0x08005240   0x08005240   0x00000124   Code   RO          982    .text.HAL_RCCEx_GetPLL2ClockFreq  stm32h7xx_hal_rcc_ex.o
    0x08005364   0x08005364   0x00000004   PAD
    0x08005368   0x08005368   0x00000124   Code   RO          984    .text.HAL_RCCEx_GetPLL3ClockFreq  stm32h7xx_hal_rcc_ex.o
    0x0800548c   0x0800548c   0x00000004   PAD
    0x08005490   0x08005490   0x00000254   Code   RO          938    .text.HAL_RCC_ClockConfig  stm32h7xx_hal_rcc.o
    0x080056e4   0x080056e4   0x00000004   PAD
    0x080056e8   0x080056e8   0x0000004c   Code   RO          948    .text.HAL_RCC_GetHCLKFreq  stm32h7xx_hal_rcc.o
    0x08005734   0x08005734   0x00000004   PAD
    0x08005738   0x08005738   0x00000060   Code   RO          950    .text.HAL_RCC_GetPCLK1Freq  stm32h7xx_hal_rcc.o
    0x08005798   0x08005798   0x00000060   Code   RO          952    .text.HAL_RCC_GetPCLK2Freq  stm32h7xx_hal_rcc.o
    0x080057f8   0x080057f8   0x00000108   Code   RO          940    .text.HAL_RCC_GetSysClockFreq  stm32h7xx_hal_rcc.o
    0x08005900   0x08005900   0x00000686   Code   RO          936    .text.HAL_RCC_OscConfig  stm32h7xx_hal_rcc.o
    0x08005f86   0x08005f86   0x00000002   PAD
    0x08005f88   0x08005f88   0x0000002c   Code   RO          121    .text.HAL_SYSTICK_Config  stm32h7xx_hal_cortex.o
    0x08005fb4   0x08005fb4   0x00000004   PAD
    0x08005fb8   0x08005fb8   0x00000002   Code   RO         1595    .text.HAL_TIMEx_Break2Callback  stm32h7xx_hal_tim_ex.o
    0x08005fba   0x08005fba   0x00000006   PAD
    0x08005fc0   0x08005fc0   0x00000002   Code   RO         1593    .text.HAL_TIMEx_BreakCallback  stm32h7xx_hal_tim_ex.o
    0x08005fc2   0x08005fc2   0x00000006   PAD
    0x08005fc8   0x08005fc8   0x00000002   Code   RO         1589    .text.HAL_TIMEx_CommutCallback  stm32h7xx_hal_tim_ex.o
    0x08005fca   0x08005fca   0x00000006   PAD
    0x08005fd0   0x08005fd0   0x000000aa   Code   RO         2193    .text.HAL_TIM_IC_CaptureCallback  lld_interrupt.o
    0x0800607a   0x0800607a   0x00000006   PAD
    0x08006080   0x08006080   0x00000160   Code   RO         1416    .text.HAL_TIM_IRQHandler  stm32h7xx_hal_tim.o
    0x080061e0   0x080061e0   0x00000002   Code   RO         1420    .text.HAL_TIM_OC_DelayElapsedCallback  stm32h7xx_hal_tim.o
    0x080061e2   0x080061e2   0x00000006   PAD
    0x080061e8   0x080061e8   0x00000002   Code   RO         1422    .text.HAL_TIM_PWM_PulseFinishedCallback  stm32h7xx_hal_tim.o
    0x080061ea   0x080061ea   0x00000006   PAD
    0x080061f0   0x080061f0   0x000000aa   Code   RO         2191    .text.HAL_TIM_PeriodElapsedCallback  lld_interrupt.o
    0x0800629a   0x0800629a   0x00000006   PAD
    0x080062a0   0x080062a0   0x00000034   Code   RO         1472    .text.HAL_TIM_ReadCapturedValue  stm32h7xx_hal_tim.o
    0x080062d4   0x080062d4   0x00000004   PAD
    0x080062d8   0x080062d8   0x00000002   Code   RO         1426    .text.HAL_TIM_TriggerCallback  stm32h7xx_hal_tim.o
    0x080062da   0x080062da   0x00000006   PAD
    0x080062e0   0x080062e0   0x00000002   Code   RO         1699    .text.HAL_UARTEx_RxEventCallback  stm32h7xx_hal_uart.o
    0x080062e2   0x080062e2   0x00000006   PAD
    0x080062e8   0x080062e8   0x00000002   Code   RO         1758    .text.HAL_UARTEx_RxFifoFullCallback  stm32h7xx_hal_uart_ex.o
    0x080062ea   0x080062ea   0x00000006   PAD
    0x080062f0   0x080062f0   0x00000002   Code   RO         1760    .text.HAL_UARTEx_TxFifoEmptyCallback  stm32h7xx_hal_uart_ex.o
    0x080062f2   0x080062f2   0x00000006   PAD
    0x080062f8   0x080062f8   0x00000002   Code   RO         1756    .text.HAL_UARTEx_WakeupCallback  stm32h7xx_hal_uart_ex.o
    0x080062fa   0x080062fa   0x00000006   PAD
    0x08006300   0x08006300   0x000000ac   Code   RO         1671    .text.HAL_UART_AbortReceive  stm32h7xx_hal_uart.o
    0x080063ac   0x080063ac   0x00000004   PAD
    0x080063b0   0x080063b0   0x00000002   Code   RO         1697    .text.HAL_UART_ErrorCallback  stm32h7xx_hal_uart.o
    0x080063b2   0x080063b2   0x00000006   PAD
    0x080063b8   0x080063b8   0x00000468   Code   RO         1693    .text.HAL_UART_IRQHandler  stm32h7xx_hal_uart.o
    0x08006820   0x08006820   0x00000064   Code   RO         1609    .text.HAL_UART_Init  stm32h7xx_hal_uart.o
    0x08006884   0x08006884   0x00000004   PAD
    0x08006888   0x08006888   0x00000002   Code   RO         1611    .text.HAL_UART_MspInit  stm32h7xx_hal_uart.o
    0x0800688a   0x0800688a   0x00000006   PAD
    0x08006890   0x08006890   0x000000ec   Code   RO         1657    .text.HAL_UART_Receive_DMA  stm32h7xx_hal_uart.o
    0x0800697c   0x0800697c   0x00000004   PAD
    0x08006980   0x08006980   0x000000ca   Code   RO         2089    .text.HAL_UART_RxCpltCallback  lld_interrupt.o
    0x08006a4a   0x08006a4a   0x00000006   PAD
    0x08006a50   0x08006a50   0x00000002   Code   RO         1707    .text.HAL_UART_RxHalfCpltCallback  stm32h7xx_hal_uart.o
    0x08006a52   0x08006a52   0x00000006   PAD
    0x08006a58   0x08006a58   0x000000fa   Code   RO         1629    .text.HAL_UART_Transmit  stm32h7xx_hal_uart.o
    0x08006b52   0x08006b52   0x00000006   PAD
    0x08006b58   0x08006b58   0x00000094   Code   RO         1649    .text.HAL_UART_Transmit_DMA  stm32h7xx_hal_uart.o
    0x08006bec   0x08006bec   0x00000004   PAD
    0x08006bf0   0x08006bf0   0x000000ae   Code   RO         1635    .text.HAL_UART_Transmit_IT  stm32h7xx_hal_uart.o
    0x08006c9e   0x08006c9e   0x00000002   PAD
    0x08006ca0   0x08006ca0   0x000000a6   Code   RO         2087    .text.HAL_UART_TxCpltCallback  lld_interrupt.o
    0x08006d46   0x08006d46   0x00000002   PAD
    0x08006d48   0x08006d48   0x00000002   Code   RO         1703    .text.HAL_UART_TxHalfCpltCallback  stm32h7xx_hal_uart.o
    0x08006d4a   0x08006d4a   0x00000006   PAD
    0x08006d50   0x08006d50   0x00000002   Code   RO         1943    .text.HardFault_Handler  stm32h7xx_it.o
    0x08006d52   0x08006d52   0x00000006   PAD
    0x08006d58   0x08006d58   0x00000012   Code   RO         2165    .text.I2C1_ER_IRQHandler  lld_interrupt.o
    0x08006d6a   0x08006d6a   0x00000006   PAD
    0x08006d70   0x08006d70   0x00000012   Code   RO         2163    .text.I2C1_EV_IRQHandler  lld_interrupt.o
    0x08006d82   0x08006d82   0x00000006   PAD
    0x08006d88   0x08006d88   0x00000012   Code   RO         2169    .text.I2C2_ER_IRQHandler  lld_interrupt.o
    0x08006d9a   0x08006d9a   0x00000006   PAD
    0x08006da0   0x08006da0   0x00000012   Code   RO         2167    .text.I2C2_EV_IRQHandler  lld_interrupt.o
    0x08006db2   0x08006db2   0x00000006   PAD
    0x08006db8   0x08006db8   0x00000012   Code   RO         2173    .text.I2C3_ER_IRQHandler  lld_interrupt.o
    0x08006dca   0x08006dca   0x00000006   PAD
    0x08006dd0   0x08006dd0   0x00000012   Code   RO         2171    .text.I2C3_EV_IRQHandler  lld_interrupt.o
    0x08006de2   0x08006de2   0x00000006   PAD
    0x08006de8   0x08006de8   0x00000012   Code   RO         2177    .text.I2C4_ER_IRQHandler  lld_interrupt.o
    0x08006dfa   0x08006dfa   0x00000006   PAD
    0x08006e00   0x08006e00   0x00000012   Code   RO         2175    .text.I2C4_EV_IRQHandler  lld_interrupt.o
    0x08006e12   0x08006e12   0x00000006   PAD
    0x08006e18   0x08006e18   0x00000042   Code   RO          704    .text.I2C_DMAAbort  stm32h7xx_hal_i2c.o
    0x08006e5a   0x08006e5a   0x00000006   PAD
    0x08006e60   0x08006e60   0x00000098   Code   RO          760    .text.I2C_ITAddrCplt  stm32h7xx_hal_i2c.o
    0x08006ef8   0x08006ef8   0x00000192   Code   RO          722    .text.I2C_ITError   stm32h7xx_hal_i2c.o
    0x0800708a   0x0800708a   0x00000006   PAD
    0x08007090   0x08007090   0x00000440   Code   RO          754    .text.I2C_ITSlaveCplt  stm32h7xx_hal_i2c.o
    0x080074d0   0x080074d0   0x00000098   Code   RO          758    .text.I2C_ITSlaveSeqCplt  stm32h7xx_hal_i2c.o
    0x08007568   0x08007568   0x00000170   Code   RO          650    .text.I2C_Slave_ISR_IT  stm32h7xx_hal_i2c.o
    0x080076d8   0x080076d8   0x00000002   Code   RO         1945    .text.MemManage_Handler  stm32h7xx_it.o
    0x080076da   0x080076da   0x00000006   PAD
    0x080076e0   0x080076e0   0x00000002   Code   RO         1941    .text.NMI_Handler   stm32h7xx_it.o
    0x080076e2   0x080076e2   0x00000006   PAD
    0x080076e8   0x080076e8   0x00000002   Code   RO         1955    .text.PendSV_Handler  stm32h7xx_it.o
    0x080076ea   0x080076ea   0x00000006   PAD
    0x080076f0   0x080076f0   0x00000002   Code   RO         1951    .text.SVC_Handler   stm32h7xx_it.o
    0x080076f2   0x080076f2   0x00000006   PAD
    0x080076f8   0x080076f8   0x0000000c   Code   RO         2085    .text.SysTick_Handler  lld_interrupt.o
    0x08007704   0x08007704   0x00000004   PAD
    0x08007708   0x08007708   0x0000008a   Code   RO         1964    .text.SystemInit    system_stm32h7xx.o
    0x08007792   0x08007792   0x00000006   PAD
    0x08007798   0x08007798   0x00000018   Code   RO         2197    .text.TIM1_CC_IRQHandler  lld_interrupt.o
    0x080077b0   0x080077b0   0x00000018   Code   RO         2195    .text.TIM1_UP_IRQHandler  lld_interrupt.o
    0x080077c8   0x080077c8   0x00000018   Code   RO         2199    .text.TIM2_IRQHandler  lld_interrupt.o
    0x080077e0   0x080077e0   0x00000018   Code   RO         2201    .text.TIM3_IRQHandler  lld_interrupt.o
    0x080077f8   0x080077f8   0x00000018   Code   RO         2203    .text.TIM4_IRQHandler  lld_interrupt.o
    0x08007810   0x08007810   0x00000018   Code   RO         2205    .text.TIM5_IRQHandler  lld_interrupt.o
    0x08007828   0x08007828   0x00000018   Code   RO         2207    .text.TIM6_DAC_IRQHandler  lld_interrupt.o
    0x08007840   0x08007840   0x00000018   Code   RO         2209    .text.TIM7_IRQHandler  lld_interrupt.o
    0x08007858   0x08007858   0x00000018   Code   RO         2213    .text.TIM8_CC_IRQHandler  lld_interrupt.o
    0x08007870   0x08007870   0x00000018   Code   RO         2211    .text.TIM8_UP_TIM13_IRQHandler  lld_interrupt.o
    0x08007888   0x08007888   0x00000018   Code   RO         2097    .text.UART4_IRQHandler  lld_interrupt.o
    0x080078a0   0x080078a0   0x00000018   Code   RO         2099    .text.UART5_IRQHandler  lld_interrupt.o
    0x080078b8   0x080078b8   0x00000018   Code   RO         2103    .text.UART7_IRQHandler  lld_interrupt.o
    0x080078d0   0x080078d0   0x00000018   Code   RO         2105    .text.UART8_IRQHandler  lld_interrupt.o
    0x080078e8   0x080078e8   0x000000e0   Code   RO         1613    .text.UART_AdvFeatureConfig  stm32h7xx_hal_uart.o
    0x080079c8   0x080079c8   0x000000b8   Code   RO         1617    .text.UART_CheckIdleState  stm32h7xx_hal_uart.o
    0x08007a80   0x08007a80   0x00000014   Code   RO         1695    .text.UART_DMAAbortOnError  stm32h7xx_hal_uart.o
    0x08007a94   0x08007a94   0x00000004   PAD
    0x08007a98   0x08007a98   0x000000ce   Code   RO         1655    .text.UART_DMAError  stm32h7xx_hal_uart.o
    0x08007b66   0x08007b66   0x00000002   PAD
    0x08007b68   0x08007b68   0x0000008a   Code   RO         1739    .text.UART_DMAReceiveCplt  stm32h7xx_hal_uart.o
    0x08007bf2   0x08007bf2   0x00000006   PAD
    0x08007bf8   0x08007bf8   0x00000020   Code   RO         1741    .text.UART_DMARxHalfCplt  stm32h7xx_hal_uart.o
    0x08007c18   0x08007c18   0x00000042   Code   RO         1651    .text.UART_DMATransmitCplt  stm32h7xx_hal_uart.o
    0x08007c5a   0x08007c5a   0x00000006   PAD
    0x08007c60   0x08007c60   0x0000000a   Code   RO         1653    .text.UART_DMATxHalfCplt  stm32h7xx_hal_uart.o
    0x08007c6a   0x08007c6a   0x00000006   PAD
    0x08007c70   0x08007c70   0x000004b8   Code   RO         1615    .text.UART_SetConfig  stm32h7xx_hal_uart.o
    0x08008128   0x08008128   0x00000056   Code   RO         1641    .text.UART_TxISR_16BIT  stm32h7xx_hal_uart.o
    0x0800817e   0x0800817e   0x00000002   PAD
    0x08008180   0x08008180   0x00000072   Code   RO         1637    .text.UART_TxISR_16BIT_FIFOEN  stm32h7xx_hal_uart.o
    0x080081f2   0x080081f2   0x00000006   PAD
    0x080081f8   0x080081f8   0x00000052   Code   RO         1643    .text.UART_TxISR_8BIT  stm32h7xx_hal_uart.o
    0x0800824a   0x0800824a   0x00000006   PAD
    0x08008250   0x08008250   0x0000006e   Code   RO         1639    .text.UART_TxISR_8BIT_FIFOEN  stm32h7xx_hal_uart.o
    0x080082be   0x080082be   0x00000002   PAD
    0x080082c0   0x080082c0   0x00000146   Code   RO         1631    .text.UART_WaitOnFlagUntilTimeout  stm32h7xx_hal_uart.o
    0x08008406   0x08008406   0x00000002   PAD
    0x08008408   0x08008408   0x00000018   Code   RO         2091    .text.USART1_IRQHandler  lld_interrupt.o
    0x08008420   0x08008420   0x00000018   Code   RO         2093    .text.USART2_IRQHandler  lld_interrupt.o
    0x08008438   0x08008438   0x00000018   Code   RO         2095    .text.USART3_IRQHandler  lld_interrupt.o
    0x08008450   0x08008450   0x00000018   Code   RO         2101    .text.USART6_IRQHandler  lld_interrupt.o
    0x08008468   0x08008468   0x00000002   Code   RO         1949    .text.UsageFault_Handler  stm32h7xx_it.o
    0x0800846a   0x0800846a   0x00000006   PAD
    0x08008470   0x08008470   0x00000054   Code   RO         2462    .text.debug         main.o
    0x080084c4   0x080084c4   0x00000004   PAD
    0x080084c8   0x080084c8   0x0000002e   Code   RO         2017    .text.devfifo_init  devfifobuffer.o
    0x080084f6   0x080084f6   0x00000002   PAD
    0x080084f8   0x080084f8   0x00000050   Code   RO         2023    .text.devfifo_read  devfifobuffer.o
    0x08008548   0x08008548   0x00000004   Code   RO         2007    .text.devfifo_size  devfifobuffer.o
    0x0800854c   0x0800854c   0x00000004   PAD
    0x08008550   0x08008550   0x00000064   Code   RO         2021    .text.devfifo_write  devfifobuffer.o
    0x080085b4   0x080085b4   0x00000004   PAD
    0x080085b8   0x080085b8   0x00000088   Code   RO         2397    .text.lld_can_rx_irq  lld_can.o
    0x08008640   0x08008640   0x00000028   Code   RO         2283    .text.lld_exit_irq  lld_exirq.o
    0x08008668   0x08008668   0x0000000c   Code   RO         2271    .text.lld_gpio_get  lld_gpio.o
    0x08008674   0x08008674   0x00000004   PAD
    0x08008678   0x08008678   0x00000184   Code   RO         2267    .text.lld_gpio_init  lld_gpio.o
    0x080087fc   0x080087fc   0x00000004   PAD
    0x08008800   0x08008800   0x000000ce   Code   RO         2073    .text.lld_kernel_board_cfgclk  lld_board_kernel.o
    0x080088ce   0x080088ce   0x00000002   PAD
    0x080088d0   0x080088d0   0x00000062   Code   RO         2075    .text.lld_kernel_board_cfgmpu  lld_board_kernel.o
    0x08008932   0x08008932   0x00000006   PAD
    0x08008938   0x08008938   0x000000a2   Code   RO         2060    .text.lld_kernel_get_time  lld_kernel.o
    0x080089da   0x080089da   0x00000006   PAD
    0x080089e0   0x080089e0   0x000000f4   Code   RO         2052    .text.lld_kernel_init  lld_kernel.o
    0x08008ad4   0x08008ad4   0x00000004   PAD
    0x08008ad8   0x08008ad8   0x00000008   Code   RO         2058    .text.lld_kernel_irq  lld_kernel.o
    0x08008ae0   0x08008ae0   0x00000074   Code   RO         2432    .text.lld_timer_irq  lld_timer.o
    0x08008b54   0x08008b54   0x00000004   PAD
    0x08008b58   0x08008b58   0x00000180   Code   RO         2426    .text.lld_timer_irq_inputcapture  lld_timer.o
    0x08008cd8   0x08008cd8   0x000001dc   Code   RO         2322    .text.lld_uart_init  lld_uart.o
    0x08008eb4   0x08008eb4   0x00000004   PAD
    0x08008eb8   0x08008eb8   0x00000164   Code   RO         2326    .text.lld_uart_irq  lld_uart.o
    0x0800901c   0x0800901c   0x00000004   PAD
    0x08009020   0x08009020   0x00000054   Code   RO         2330    .text.lld_uart_irq_rxdma  lld_uart.o
    0x08009074   0x08009074   0x00000004   PAD
    0x08009078   0x08009078   0x00000072   Code   RO         2328    .text.lld_uart_irq_txdma  lld_uart.o
    0x080090ea   0x080090ea   0x00000006   PAD
    0x080090f0   0x080090f0   0x000000e0   Code   RO         2320    .text.lld_uart_rx_dma_init  lld_uart.o
    0x080091d0   0x080091d0   0x000000e4   Code   RO         2324    .text.lld_uart_send_bytes  lld_uart.o
    0x080092b4   0x080092b4   0x00000004   PAD
    0x080092b8   0x080092b8   0x000000d8   Code   RO         2318    .text.lld_uart_tx_dma_init  lld_uart.o
    0x08009390   0x08009390   0x00000016   Code   RO         2466    .text.lldlogsendbytes  main.o
    0x080093a6   0x080093a6   0x00000002   PAD
    0x080093a8   0x080093a8   0x0000003a   Code   RO         2037    .text.lldprint      llddebug.o
    0x080093e2   0x080093e2   0x00000006   PAD
    0x080093e8   0x080093e8   0x0000018c   Code   RO         2316    .text.lowlevel_uart_pin_source_init  lld_uart.o
    0x08009574   0x08009574   0x00000004   PAD
    0x08009578   0x08009578   0x00000054   Code   RO         2464    .text.main          main.o
    0x080095cc   0x080095cc   0x00000004   PAD
    0x080095d0   0x080095d0   0x000000aa   Code   RO         1987    .text.ttscheduler_add_task  ttscheduler.o
    0x0800967a   0x0800967a   0x00000006   PAD
    0x08009680   0x08009680   0x00000050   Code   RO         1993    .text.ttscheduler_dispatch_tasks  ttscheduler.o
    0x080096d0   0x080096d0   0x00000036   Code   RO         1985    .text.ttscheduler_init  ttscheduler.o
    0x08009706   0x08009706   0x00000002   PAD
    0x08009708   0x08009708   0x0000003a   Code   RO         1991    .text.ttscheduler_update  ttscheduler.o
    0x08009742   0x08009742   0x0000003e   Code   RO         2822    CL$$btod_d2e        c_w.l(btod.o)
    0x08009780   0x08009780   0x00000046   Code   RO         2824    CL$$btod_d2e_denorm_low  c_w.l(btod.o)
    0x080097c6   0x080097c6   0x00000060   Code   RO         2823    CL$$btod_d2e_norm_op1  c_w.l(btod.o)
    0x08009826   0x08009826   0x00000002   PAD
    0x08009828   0x08009828   0x00000338   Code   RO         2832    CL$$btod_div_common  c_w.l(btod.o)
    0x08009b60   0x08009b60   0x000000dc   Code   RO         2829    CL$$btod_e2e        c_w.l(btod.o)
    0x08009c3c   0x08009c3c   0x0000002a   Code   RO         2826    CL$$btod_ediv       c_w.l(btod.o)
    0x08009c66   0x08009c66   0x0000002a   Code   RO         2825    CL$$btod_emul       c_w.l(btod.o)
    0x08009c90   0x08009c90   0x00000244   Code   RO         2831    CL$$btod_mult_common  c_w.l(btod.o)
    0x08009ed4   0x08009ed4   0x00000030   Code   RO         2871    i.__ARM_fpclassify  m_wv.l(fpclassify.o)
    0x08009f04   0x08009f04   0x0000000e   Code   RO         2645    i._is_digit         c_w.l(__printf_wp.o)
    0x08009f12   0x08009f12   0x00000002   PAD
    0x08009f14   0x08009f14   0x0000002c   Code   RO         2847    locale$$code        c_w.l(lc_numeric_c.o)
    0x08009f40   0x08009f40   0x0000002c   Code   RO         2886    locale$$code        c_w.l(lc_ctype_c.o)
    0x08009f6c   0x08009f6c   0x0000008a   Code   RO         2548    x$fpl$dfltull       fz_wv.l(dfltll_clz.o)
    0x08009ff6   0x08009ff6   0x0000001a   Code   RO         2799    x$fpl$fpinit        fz_wv.l(fpinit.o)
    0x0800a010   0x0800a010   0x00000004   Code   RO         2729    x$fpl$printf1       fz_wv.l(printf1.o)
    0x0800a014   0x0800a014   0x00000004   Code   RO         2731    x$fpl$printf2       fz_wv.l(printf2.o)
    0x0800a018   0x0800a018   0x00000000   Code   RO         2737    x$fpl$usenofp       fz_wv.l(usenofp.o)
    0x0800a018   0x0800a018   0x00000008   Data   RO         2604    .constdata          c_w.l(_printf_wctomb.o)
    0x0800a020   0x0800a020   0x00000028   Data   RO         2633    .constdata          c_w.l(_printf_hex_int_ll_ptr.o)
    0x0800a048   0x0800a048   0x00000011   Data   RO         2653    .constdata          c_w.l(__printf_flags_ss_wp.o)
    0x0800a059   0x0800a059   0x00000026   Data   RO         2779    .constdata          c_w.l(_printf_fp_hex.o)
    0x0800a07f   0x0800a07f   0x00000001   PAD
    0x0800a080   0x0800a080   0x00000094   Data   RO         2820    .constdata          c_w.l(bigflt0.o)
    0x0800a114   0x0800a114   0x00000006   Data   RO         1744    .rodata..Lswitch.table.UART_SetConfig.5  stm32h7xx_hal_uart.o
    0x0800a11a   0x0800a11a   0x00000006   Data   RO         1745    .rodata..Lswitch.table.UART_SetConfig.7  stm32h7xx_hal_uart.o
    0x0800a120   0x0800a120   0x0000000c   Data   RO         2453    .rodata..Lswitch.table.lld_timer_irq_inputcapture.1  lld_timer.o
    0x0800a12c   0x0800a12c   0x00000010   Data   RO         1970    .rodata.D1CorePrescTable  system_stm32h7xx.o
    0x0800a13c   0x0800a13c   0x00000018   Data   RO         1743    .rodata.UARTPrescTable  stm32h7xx_hal_uart.o
    0x0800a154   0x0800a154   0x00000010   Data   RO          520    .rodata.cst16       stm32h7xx_hal_fdcan.o
    0x0800a164   0x0800a164   0x00000020   Data   RO         2343    .rodata.cst16       lld_uart.o
    0x0800a184   0x0800a184   0x00000040   Data   RO         2342    .rodata.cst32       lld_uart.o
    0x0800a1c4   0x0800a1c4   0x000000a8   Data   RO         2336    .rodata.uart4_pinctrl  lld_uart.o
    0x0800a26c   0x0800a26c   0x00000048   Data   RO         2337    .rodata.uart5_pinctrl  lld_uart.o
    0x0800a2b4   0x0800a2b4   0x00000060   Data   RO         2339    .rodata.uart7_pinctrl  lld_uart.o
    0x0800a314   0x0800a314   0x00000030   Data   RO         2340    .rodata.uart8_pinctrl  lld_uart.o
    0x0800a344   0x0800a344   0x00000048   Data   RO         2333    .rodata.usart1_pinctrl  lld_uart.o
    0x0800a38c   0x0800a38c   0x00000030   Data   RO         2334    .rodata.usart2_pinctrl  lld_uart.o
    0x0800a3bc   0x0800a3bc   0x00000048   Data   RO         2335    .rodata.usart3_pinctrl  lld_uart.o
    0x0800a404   0x0800a404   0x00000030   Data   RO         2338    .rodata.usart6_pinctrl  lld_uart.o
    0x0800a434   0x0800a434   0x00000030   Data   RO         2945    Region$$Table       anon$$obj.o
    0x0800a464   0x0800a464   0x0000001c   Data   RO         2846    locale$$data        c_w.l(lc_numeric_c.o)
    0x0800a480   0x0800a480   0x00000110   Data   RO         2885    locale$$data        c_w.l(lc_ctype_c.o)


    Execution Region RW_IRAM1 (Exec base: 0x20000000, Load base: 0x0800a590, Size: 0x000028d0, Max: 0x00020000, ABSOLUTE)

    Exec Addr    Load Addr    Size         Type   Attr      Idx    E Section Name        Object

    0x20000000   0x0800a590   0x00000004   Data   RW         1968    .data.SystemCoreClock  system_stm32h7xx.o
    0x20000004   0x0800a594   0x00000004   Data   RW         1969    .data.SystemD2Clock  system_stm32h7xx.o
    0x20000008   0x0800a598   0x00000004   Data   RW         2449    .data.lld_timer_irq_inputcapture.isRising  lld_timer.o
    0x2000000c   0x0800a59c   0x00000001   Data   RW           99    .data.uwTickFreq    stm32h7xx_hal.o
    0x2000000d   0x0800a59d   0x00000003   PAD
    0x20000010   0x0800a5a0   0x00000004   Data   RW           98    .data.uwTickPrio    stm32h7xx_hal.o
    0x20000014   0x0800a5a4   0x00000004   PAD
    0x20000018        -       0x00000060   Zero   RW         2743    .bss                c_w.l(libspace.o)
    0x20000078        -       0x00000001   Zero   RW         2215    .bss.HAL_UART_RxCpltCallback.idx  lld_interrupt.o
    0x20000079   0x0800a5a4   0x00000007   PAD
    0x20000080        -       0x00000008   Zero   RW         2064    .bss.abs_time       lld_kernel.o
    0x20000088        -       0x00000080   Zero   RW         2039    .bss.buffer         llddebug.o
    0x20000108        -       0x000001d8   Zero   RW         2468    .bss.com1           main.o
    0x200002e0        -       0x00000001   Zero   RW         1998    .bss.list_sch_num   ttscheduler.o
    0x200002e1   0x0800a5a4   0x00000003   PAD
    0x200002e4        -       0x00000528   Zero   RW         1997    .bss.list_sch_tasks  ttscheduler.o
    0x2000080c        -       0x00000001   Zero   RW         2452    .bss.lld_timer_irq_inputcapture.chIndex  lld_timer.o
    0x2000080d   0x0800a5a4   0x00000003   PAD
    0x20000810        -       0x00000010   Zero   RW         2451    .bss.lld_timer_irq_inputcapture.lstCount_Falling  lld_timer.o
    0x20000820        -       0x00000010   Zero   RW         2450    .bss.lld_timer_irq_inputcapture.lstCount_Rising  lld_timer.o
    0x20000830        -       0x00000008   Zero   RW         2399    .bss.mcu_can_list   lld_can.o
    0x20000838        -       0x00000040   Zero   RW         2285    .bss.mcu_exit_list  lld_exirq.o
    0x20000878        -       0x00000010   Zero   RW         2368    .bss.mcu_i2c_list   lld_i2c.o
    0x20000888        -       0x00000020   Zero   RW         2444    .bss.mcu_timer_list  lld_timer.o
    0x200008a8        -       0x00000020   Zero   RW         2332    .bss.mcu_uart_list  lld_uart.o
    0x200008c8        -       0x00000004   Zero   RW          100    .bss.uwTick         stm32h7xx_hal.o
    0x200008cc   0x0800a5a4   0x00000004   PAD
    0x200008d0        -       0x00001000   Zero   RW         1921    HEAP                startup_stm32h743xx.o
    0x200018d0        -       0x00001000   Zero   RW         1920    STACK               startup_stm32h743xx.o


    Execution Region RW_IRAM2 (Exec base: 0x24000000, Load base: 0x0800a5c0, Size: 0x00001000, Max: 0x00080000, ABSOLUTE, COMPRESSED[0x00000024])

    Exec Addr    Load Addr    Size         Type   Attr      Idx    E Section Name        Object

    0x24000000   COMPRESSED   0x00001000   Data   RW         2341    .RAM_D1             lld_uart.o


==============================================================================

Image component sizes


      Code (inc. data)   RO Data    RW Data    ZI Data      Debug   Object Name

       230          0          0          0          0       3814   devfifobuffer.o
       304          0          0          0          0       4922   lld_board_kernel.o
       136          0          0          0          8      16822   lld_can.o
        40          0          0          0         64       5092   lld_exirq.o
       400         12          0          0          0       4282   lld_gpio.o
         0          0          0          0         16      13638   lld_i2c.o
      2442         64          0          0          1      19760   lld_interrupt.o
       414          0          0          0          8       9995   lld_kernel.o
       500         26         12          4         65      20025   lld_timer.o
      2094         80        720       4096         32      17618   lld_uart.o
        58          0          0          0        128       1143   llddebug.o
       190         52          0          0        472       5533   main.o
        64         26        664          0       8192        932   startup_stm32h743xx.o
       254          0          0          5          4      14939   stm32h7xx_hal.o
       354          0          0          0          0      12546   stm32h7xx_hal_cortex.o
     10570         12          0          0          0      18842   stm32h7xx_hal_dma.o
      1336          0         16          0          0      41839   stm32h7xx_hal_fdcan.o
       456          0          0          0          0       6948   stm32h7xx_hal_gpio.o
      2362          0          0          0          0      64647   stm32h7xx_hal_i2c.o
         2          0          0          0          0        522   stm32h7xx_hal_msp.o
      2798         16          0          0          0      11667   stm32h7xx_hal_rcc.o
       622         32          0          0          0      17840   stm32h7xx_hal_rcc_ex.o
       410          4          0          0          0      64614   stm32h7xx_hal_tim.o
         6          0          0          0          0      24903   stm32h7xx_hal_tim_ex.o
      5024        300         36          0          0      37234   stm32h7xx_hal_uart.o
         6          0          0          0          0      11051   stm32h7xx_hal_uart_ex.o
        16          0          0          0          0        980   stm32h7xx_it.o
       138          0         16          8          0       4868   system_stm32h7xx.o
       362          0          0          0       1321       3703   ttscheduler.o

    ----------------------------------------------------------------------
     32346        648       1512       4116      10332     460719   Object Totals
         0          0         48          0          0          0   (incl. Generated)
       758         24          0          3         21          0   (incl. Padding)

    ----------------------------------------------------------------------

      Code (inc. data)   RO Data    RW Data    ZI Data      Debug   Library Member Name

        58          0          0          0          0          0   __dczerorl.o
         8          0          0          0          0         68   __main.o
       392          4         17          0          0         92   __printf_flags_ss_wp.o
        14          0          0          0          0         68   __printf_wp.o
         0          0          0          0          0          0   __rtentry.o
        12          0          0          0          0          0   __rtentry2.o
         6          0          0          0          0          0   __rtentry4.o
        52          8          0          0          0          0   __scatter.o
        26          0          0          0          0          0   __scatter_copy.o
        28          0          0          0          0          0   __scatter_zi.o
        72          0          0          0          0         96   _c16rtomb.o
         6          0          0          0          0          0   _printf_a.o
         6          0          0          0          0          0   _printf_c.o
        44          0          0          0          0        108   _printf_char.o
        48          6          0          0          0         96   _printf_char_common.o
        40          0          0          0          0         68   _printf_charcount.o
         6          0          0          0          0          0   _printf_d.o
       120         16          0          0          0         92   _printf_dec.o
         6          0          0          0          0          0   _printf_e.o
         6          0          0          0          0          0   _printf_f.o
      1052          0          0          0          0        148   _printf_fp_dec.o
       764          8         38          0          0        100   _printf_fp_hex.o
       128         16          0          0          0         84   _printf_fp_infnan.o
         6          0          0          0          0          0   _printf_g.o
       148          4         40          0          0        160   _printf_hex_int_ll_ptr.o
         6          0          0          0          0          0   _printf_i.o
       178          0          0          0          0         88   _printf_intcommon.o
        10          0          0          0          0          0   _printf_l.o
         6          0          0          0          0          0   _printf_lc.o
        10          0          0          0          0          0   _printf_ll.o
         6          0          0          0          0          0   _printf_lld.o
         6          0          0          0          0          0   _printf_lli.o
         6          0          0          0          0          0   _printf_llo.o
         6          0          0          0          0          0   _printf_llu.o
         6          0          0          0          0          0   _printf_llx.o
       124         16          0          0          0         92   _printf_longlong_dec.o
         6          0          0          0          0          0   _printf_ls.o
         6          0          0          0          0          0   _printf_n.o
         6          0          0          0          0          0   _printf_o.o
       112          8          0          0          0        124   _printf_oct_int_ll.o
         6          0          0          0          0          0   _printf_p.o
        78          0          0          0          0        108   _printf_pad.o
         0          0          0          0          0          0   _printf_percent.o
         4          0          0          0          0          0   _printf_percent_end.o
         6          0          0          0          0          0   _printf_s.o
        82          0          0          0          0         80   _printf_str.o
        36          0          0          0          0         84   _printf_truncate.o
         6          0          0          0          0          0   _printf_u.o
        44          0          0          0          0        108   _printf_wchar.o
       188          6          8          0          0         92   _printf_wctomb.o
         6          0          0          0          0          0   _printf_x.o
        16          0          0          0          0         68   _snputc.o
       228          4        148          0          0         96   bigflt0.o
      1936        128          0          0          0        668   btod.o
        10          0          0          0          0         68   defsig_exit.o
        50          0          0          0          0         88   defsig_general.o
        80         58          0          0          0         76   defsig_rtmem_inner.o
        14          0          0          0          0         80   defsig_rtmem_outer.o
        18          0          0          0          0         80   exit.o
        94          0          0          0          0         80   h1_alloc.o
        52          0          0          0          0         68   h1_extend.o
        78          0          0          0          0         80   h1_free.o
        14          0          0          0          0         84   h1_init.o
         6          0          0          0          0        152   heapauxi.o
         4          0          0          0          0        136   hguard.o
         0          0          0          0          0          0   indicate_semi.o
       138          0          0          0          0        168   init_alloc.o
        44         10        272          0          0         76   lc_ctype_c.o
        44         10         28          0          0         76   lc_numeric_c.o
         2          0          0          0          0          0   libinit.o
        42          0          0          0          0          0   libinit2.o
         2          0          0          0          0          0   libshutdown.o
         2          0          0          0          0          0   libshutdown2.o
         8          4          0          0         96         68   libspace.o
       138          0          0          0          0         80   lludiv10.o
       240          0          0          0          0        100   lludivv7m.o
         0          0          0          0          0          0   maybetermalloc1.o
        16          4          0          0          0         76   rt_ctype_table.o
         8          4          0          0          0         68   rt_heap_descriptor_intlibspace.o
         8          4          0          0          0         68   rt_locale_intlibspace.o
        78          0          0          0          0         80   rt_memclr_w.o
         2          0          0          0          0          0   rtexit.o
        10          0          0          0          0          0   rtexit2.o
       124          0          0          0          0         88   strcmpv7m_pel.o
        62          0          0          0          0         76   strlen.o
        12          4          0          0          0         68   sys_exit.o
        74          0          0          0          0         80   sys_stackheap_outer.o
        14          0          0          0          0         76   sys_wrch.o
         2          0          0          0          0         68   use_no_semi.o
        60          4          0          0          0         80   vsnprintf.o
       138          0          0          0          0        132   dfltll_clz.o
        26          0          0          0          0        116   fpinit.o
         4          0          0          0          0        116   printf1.o
         4          0          0          0          0        116   printf2.o
         0          0          0          0          0          0   usenofp.o
        48          0          0          0          0        124   fpclassify.o

    ----------------------------------------------------------------------
      7974        326        552          0         96       5780   Library Totals
        26          0          1          0          0          0   (incl. Padding)

    ----------------------------------------------------------------------

      Code (inc. data)   RO Data    RW Data    ZI Data      Debug   Library Name

      7728        326        551          0         96       5176   c_w.l
       172          0          0          0          0        480   fz_wv.l
        48          0          0          0          0        124   m_wv.l

    ----------------------------------------------------------------------
      7974        326        552          0         96       5780   Library Totals

    ----------------------------------------------------------------------

==============================================================================


      Code (inc. data)   RO Data    RW Data    ZI Data      Debug   

     40320        974       2064       4116      10428     462887   Grand Totals
     40320        974       2064         56      10428     462887   ELF Image Totals (compressed)
     40320        974       2064         56          0          0   ROM Totals

==============================================================================

    Total RO  Size (Code + RO Data)                42384 (  41.39kB)
    Total RW  Size (RW Data + ZI Data)             14544 (  14.20kB)
    Total ROM Size (Code + RO Data + RW Data)      42440 (  41.45kB)

==============================================================================

